Filtering the log data using "processImagePath BEGINSWITH "/Users/nonth/Library/Developer/CoreSimulator/Devices/B7E9BAD6-0C0D-41EE-BE0C-D49BF485382E/data/Containers/Bundle/Application/A9D25B4E-FCD1-47CE-888B-F82CFEBC6D31/EdotReactNavExample.app""
Timestamp               Ty Process[PID:TID]
2026-04-10 23:22:35.806 Df EdotReactNavExample[66438:127923c] [com.apple.UIKit:EventDispatch] Sending UIEvent type: 0; subtype: 0; to windows: 1
2026-04-10 23:22:35.807 Df EdotReactNavExample[66438:127923c] [com.apple.UIKit:EventDispatch] Sending UIEvent type: 0; subtype: 0; to window: <UIWindow: 0x106598800>; contextId: 0x43573745
2026-04-10 23:22:35.807 A  EdotReactNavExample[66438:127923c] (UIKitCore) send gesture actions
2026-04-10 23:22:35.822 Df EdotReactNavExample[66438:127923c] [com.apple.UIKit:EventDispatch] Sending UIEvent type: 0; subtype: 0; to windows: 1
2026-04-10 23:22:35.822 Df EdotReactNavExample[66438:127923c] [com.apple.UIKit:EventDispatch] Sending UIEvent type: 0; subtype: 0; to window: <UIWindow: 0x106598800>; contextId: 0x43573745
2026-04-10 23:22:35.823 A  EdotReactNavExample[66438:127923c] (UIKitCore) send gesture actions
2026-04-10 23:22:35.826 Db EdotReactNavExample[66438:127930c] [com.apple.defaults:User Defaults] looked up value 1 for key RCTI18nUtil_makeRTLFlipLeftAndRightStyles in CFPrefsPlistSource<0x1059916f0> (Domain: com.edot.reactnavexample, User: kCFPreferencesCurrentUser, ByHost: No, Container: (null), Contents Need Refresh: No) via CFPrefsSearchListSource<0x1059906c0> (Domain: com.edot.reactnavexample, Container: (null) Non-launch persona: 0)
2026-04-10 23:22:35.826 I  EdotReactNavExample[66438:127930c] [com.facebook.react.log:native] Unrecognized font family 'monospace'
2026-04-10 23:22:35.826 I  EdotReactNavExample[66438:127930c] [com.facebook.react.log:native] Unrecognized font family 'monospace'
2026-04-10 23:22:35.855 Db EdotReactNavExample[66438:127923c] [com.apple.defaults:User Defaults] looked up value 1 for key RCTI18nUtil_makeRTLFlipLeftAndRightStyles in CFPrefsPlistSource<0x1059916f0> (Domain: com.edot.reactnavexample, User: kCFPreferencesCurrentUser, ByHost: No, Container: (null), Contents Need Refresh: No) via CFPrefsSearchListSource<0x1059906c0> (Domain: com.edot.reactnavexample, Container: (null) Non-launch persona: 0)
2026-04-10 23:22:35.855 Db EdotReactNavExample[66438:127923c] [com.apple.defaults:User Defaults] looked up value 1 for key RCTI18nUtil_makeRTLFlipLeftAndRightStyles in CFPrefsPlistSource<0x1059916f0> (Domain: com.edot.reactnavexample, User: kCFPreferencesCurrentUser, ByHost: No, Container: (null), Contents Need Refresh: No) via CFPrefsSearchListSource<0x1059906c0> (Domain: com.edot.reactnavexample, Container: (null) Non-launch persona: 0)
2026-04-10 23:22:35.855 Db EdotReactNavExample[66438:127923c] [com.apple.defaults:User Defaults] looked up value 1 for key RCTI18nUtil_makeRTLFlipLeftAndRightStyles in CFPrefsPlistSource<0x1059916f0> (Domain: com.edot.reactnavexample, User: kCFPreferencesCurrentUser, ByHost: No, Container: (null), Contents Need Refresh: No) via CFPrefsSearchListSource<0x1059906c0> (Domain: com.edot.reactnavexample, Container: (null) Non-launch persona: 0)
2026-04-10 23:22:35.855 Db EdotReactNavExample[66438:127923c] [com.apple.defaults:User Defaults] looked up value 1 for key RCTI18nUtil_makeRTLFlipLeftAndRightStyles in CFPrefsPlistSource<0x1059916f0> (Domain: com.edot.reactnavexample, User: kCFPreferencesCurrentUser, ByHost: No, Container: (null), Contents Need Refresh: No) via CFPrefsSearchListSource<0x1059906c0> (Domain: com.edot.reactnavexample, Container: (null) Non-launch persona: 0)
2026-04-10 23:22:35.855 Db EdotReactNavExample[66438:127923c] [com.apple.defaults:User Defaults] looked up value 1 for key RCTI18nUtil_makeRTLFlipLeftAndRightStyles in CFPrefsPlistSource<0x1059916f0> (Domain: com.edot.reactnavexample, User: kCFPreferencesCurrentUser, ByHost: No, Container: (null), Contents Need Refresh: No) via CFPrefsSearchListSource<0x1059906c0> (Domain: com.edot.reactnavexample, Container: (null) Non-launch persona: 0)
2026-04-10 23:22:35.855 Db EdotReactNavExample[66438:127923c] [com.apple.defaults:User Defaults] looked up value 1 for key RCTI18nUtil_makeRTLFlipLeftAndRightStyles in CFPrefsPlistSource<0x1059916f0> (Domain: com.edot.reactnavexample, User: kCFPreferencesCurrentUser, ByHost: No, Container: (null), Contents Need Refresh: No) via CFPrefsSearchListSource<0x1059906c0> (Domain: com.edot.reactnavexample, Container: (null) Non-launch persona: 0)
2026-04-10 23:22:36.223 I  EdotReactNavExample[66438:127923c] [com.wix.Detox:WebSocket] Action received: invoke
2026-04-10 23:22:36.405 Df EdotReactNavExample[66438:127923c] [com.apple.UIKit:EventDispatch] Sending UIEvent type: 0; subtype: 0; to windows: 1
2026-04-10 23:22:36.406 Df EdotReactNavExample[66438:127923c] [com.apple.UIKit:EventDispatch] Sending UIEvent type: 0; subtype: 0; to window: <UIWindow: 0x106598800>; contextId: 0x43573745
2026-04-10 23:22:36.406 A  EdotReactNavExample[66438:127923c] (UIKitCore) send gesture actions
2026-04-10 23:22:36.438 Df EdotReactNavExample[66438:127923c] [com.apple.UIKit:EventDispatch] Sending UIEvent type: 0; subtype: 0; to windows: 1
2026-04-10 23:22:36.439 Df EdotReactNavExample[66438:127923c] [com.apple.UIKit:EventDispatch] Sending UIEvent type: 0; subtype: 0; to window: <UIWindow: 0x106598800>; contextId: 0x43573745
2026-04-10 23:22:36.439 A  EdotReactNavExample[66438:127923c] (UIKitCore) send gesture actions
2026-04-10 23:22:36.442 Db EdotReactNavExample[66438:127930a] [com.apple.defaults:User Defaults] looked up value 1 for key RCTI18nUtil_makeRTLFlipLeftAndRightStyles in CFPrefsPlistSource<0x1059916f0> (Domain: com.edot.reactnavexample, User: kCFPreferencesCurrentUser, ByHost: No, Container: (null), Contents Need Refresh: No) via CFPrefsSearchListSource<0x1059906c0> (Domain: com.edot.reactnavexample, Container: (null) Non-launch persona: 0)
2026-04-10 23:22:36.442 I  EdotReactNavExample[66438:127930a] [com.facebook.react.log:native] Unrecognized font family 'monospace'
2026-04-10 23:22:36.442 I  EdotReactNavExample[66438:127930a] [com.facebook.react.log:native] Unrecognized font family 'monospace'
2026-04-10 23:22:36.443 I  EdotReactNavExample[66438:127930a] [com.facebook.react.log:native] Unrecognized font family 'monospace'
2026-04-10 23:22:36.472 Db EdotReactNavExample[66438:127923c] [com.apple.defaults:User Defaults] looked up value 1 for key RCTI18nUtil_makeRTLFlipLeftAndRightStyles in CFPrefsPlistSource<0x1059916f0> (Domain: com.edot.reactnavexample, User: kCFPreferencesCurrentUser, ByHost: No, Container: (null), Contents Need Refresh: No) via CFPrefsSearchListSource<0x1059906c0> (Domain: com.edot.reactnavexample, Container: (null) Non-launch persona: 0)
2026-04-10 23:22:36.472 Db EdotReactNavExample[66438:127923c] [com.apple.defaults:User Defaults] looked up value 1 for key RCTI18nUtil_makeRTLFlipLeftAndRightStyles in CFPrefsPlistSource<0x1059916f0> (Domain: com.edot.reactnavexample, User: kCFPreferencesCurrentUser, ByHost: No, Container: (null), Contents Need Refresh: No) via CFPrefsSearchListSource<0x1059906c0> (Domain: com.edot.reactnavexample, Container: (null) Non-launch persona: 0)
2026-04-10 23:22:36.472 Db EdotReactNavExample[66438:127923c] [com.apple.defaults:User Defaults] looked up value 1 for key RCTI18nUtil_makeRTLFlipLeftAndRightStyles in CFPrefsPlistSource<0x1059916f0> (Domain: com.edot.reactnavexample, User: kCFPreferencesCurrentUser, ByHost: No, Container: (null), Contents Need Refresh: No) via CFPrefsSearchListSource<0x1059906c0> (Domain: com.edot.reactnavexample, Container: (null) Non-launch persona: 0)
2026-04-10 23:22:36.472 Db EdotReactNavExample[66438:127923c] [com.apple.defaults:User Defaults] looked up value 1 for key RCTI18nUtil_makeRTLFlipLeftAndRightStyles in CFPrefsPlistSource<0x1059916f0> (Domain: com.edot.reactnavexample, User: kCFPreferencesCurrentUser, ByHost: No, Container: (null), Contents Need Refresh: No) via CFPrefsSearchListSource<0x1059906c0> (Domain: com.edot.reactnavexample, Container: (null) Non-launch persona: 0)
2026-04-10 23:22:36.472 Db EdotReactNavExample[66438:127923c] [com.apple.defaults:User Defaults] looked up value 1 for key RCTI18nUtil_makeRTLFlipLeftAndRightStyles in CFPrefsPlistSource<0x1059916f0> (Domain: com.edot.reactnavexample, User: kCFPreferencesCurrentUser, ByHost: No, Container: (null), Contents Need Refresh: No) via CFPrefsSearchListSource<0x1059906c0> (Domain: com.edot.reactnavexample, Container: (null) Non-launch persona: 0)
2026-04-10 23:22:36.472 Db EdotReactNavExample[66438:127923c] [com.apple.defaults:User Defaults] looked up value 1 for key RCTI18nUtil_makeRTLFlipLeftAndRightStyles in CFPrefsPlistSource<0x1059916f0> (Domain: com.edot.reactnavexample, User: kCFPreferencesCurrentUser, ByHost: No, Container: (null), Contents Need Refresh: No) via CFPrefsSearchListSource<0x1059906c0> (Domain: com.edot.reactnavexample, Container: (null) Non-launch persona: 0)
2026-04-10 23:22:36.816 I  EdotReactNavExample[66438:127923c] [com.wix.Detox:WebSocket] Action received: invoke
2026-04-10 23:22:37.022 Df EdotReactNavExample[66438:127923c] [com.apple.UIKit:EventDispatch] Sending UIEvent type: 0; subtype: 0; to windows: 1
2026-04-10 23:22:37.022 Df EdotReactNavExample[66438:127923c] [com.apple.UIKit:EventDispatch] Sending UIEvent type: 0; subtype: 0; to window: <UIWindow: 0x106598800>; contextId: 0x43573745
2026-04-10 23:22:37.023 A  EdotReactNavExample[66438:127923c] (UIKitCore) send gesture actions
2026-04-10 23:22:37.038 Df EdotReactNavExample[66438:127923c] [com.apple.UIKit:EventDispatch] Sending UIEvent type: 0; subtype: 0; to windows: 1
2026-04-10 23:22:37.038 Df EdotReactNavExample[66438:127923c] [com.apple.UIKit:EventDispatch] Sending UIEvent type: 0; subtype: 0; to window: <UIWindow: 0x106598800>; contextId: 0x43573745
2026-04-10 23:22:37.039 A  EdotReactNavExample[66438:127923c] (UIKitCore) send gesture actions
2026-04-10 23:22:37.043 Db EdotReactNavExample[66438:127930c] [com.apple.defaults:User Defaults] looked up value 1 for key RCTI18nUtil_makeRTLFlipLeftAndRightStyles in CFPrefsPlistSource<0x1059916f0> (Domain: com.edot.reactnavexample, User: kCFPreferencesCurrentUser, ByHost: No, Container: (null), Contents Need Refresh: No) via CFPrefsSearchListSource<0x1059906c0> (Domain: com.edot.reactnavexample, Container: (null) Non-launch persona: 0)
2026-04-10 23:22:37.043 I  EdotReactNavExample[66438:127930c] [com.facebook.react.log:native] Unrecognized font family 'monospace'
2026-04-10 23:22:37.043 I  EdotReactNavExample[66438:127930c] [com.facebook.react.log:native] Unrecognized font family 'monospace'
2026-04-10 23:22:37.043 I  EdotReactNavExample[66438:127930c] [com.facebook.react.log:native] Unrecognized font family 'monospace'
2026-04-10 23:22:37.043 I  EdotReactNavExample[66438:127930c] [com.facebook.react.log:native] Unrecognized font family 'monospace'
2026-04-10 23:22:37.072 Db EdotReactNavExample[66438:127923c] [com.apple.defaults:User Defaults] looked up value 1 for key RCTI18nUtil_makeRTLFlipLeftAndRightStyles in CFPrefsPlistSource<0x1059916f0> (Domain: com.edot.reactnavexample, User: kCFPreferencesCurrentUser, ByHost: No, Container: (null), Contents Need Refresh: No) via CFPrefsSearchListSource<0x1059906c0> (Domain: com.edot.reactnavexample, Container: (null) Non-launch persona: 0)
2026-04-10 23:22:37.072 Db EdotReactNavExample[66438:127923c] [com.apple.defaults:User Defaults] looked up value 1 for key RCTI18nUtil_makeRTLFlipLeftAndRightStyles in CFPrefsPlistSource<0x1059916f0> (Domain: com.edot.reactnavexample, User: kCFPreferencesCurrentUser, ByHost: No, Container: (null), Contents Need Refresh: No) via CFPrefsSearchListSource<0x1059906c0> (Domain: com.edot.reactnavexample, Container: (null) Non-launch persona: 0)
2026-04-10 23:22:37.072 Db EdotReactNavExample[66438:127923c] [com.apple.defaults:User Defaults] looked up value 1 for key RCTI18nUtil_makeRTLFlipLeftAndRightStyles in CFPrefsPlistSource<0x1059916f0> (Domain: com.edot.reactnavexample, User: kCFPreferencesCurrentUser, ByHost: No, Container: (null), Contents Need Refresh: No) via CFPrefsSearchListSource<0x1059906c0> (Domain: com.edot.reactnavexample, Container: (null) Non-launch persona: 0)
2026-04-10 23:22:37.072 Db EdotReactNavExample[66438:127923c] [com.apple.defaults:User Defaults] looked up value 1 for key RCTI18nUtil_makeRTLFlipLeftAndRightStyles in CFPrefsPlistSource<0x1059916f0> (Domain: com.edot.reactnavexample, User: kCFPreferencesCurrentUser, ByHost: No, Container: (null), Contents Need Refresh: No) via CFPrefsSearchListSource<0x1059906c0> (Domain: com.edot.reactnavexample, Container: (null) Non-launch persona: 0)
2026-04-10 23:22:37.072 Db EdotReactNavExample[66438:127923c] [com.apple.defaults:User Defaults] looked up value 1 for key RCTI18nUtil_makeRTLFlipLeftAndRightStyles in CFPrefsPlistSource<0x1059916f0> (Domain: com.edot.reactnavexample, User: kCFPreferencesCurrentUser, ByHost: No, Container: (null), Contents Need Refresh: No) via CFPrefsSearchListSource<0x1059906c0> (Domain: com.edot.reactnavexample, Container: (null) Non-launch persona: 0)
2026-04-10 23:22:37.072 Db EdotReactNavExample[66438:127923c] [com.apple.defaults:User Defaults] looked up value 1 for key RCTI18nUtil_makeRTLFlipLeftAndRightStyles in CFPrefsPlistSource<0x1059916f0> (Domain: com.edot.reactnavexample, User: kCFPreferencesCurrentUser, ByHost: No, Container: (null), Contents Need Refresh: No) via CFPrefsSearchListSource<0x1059906c0> (Domain: com.edot.reactnavexample, Container: (null) Non-launch persona: 0)
2026-04-10 23:22:37.434 I  EdotReactNavExample[66438:127923c] [com.wix.Detox:WebSocket] Action received: invoke
2026-04-10 23:22:37.638 Df EdotReactNavExample[66438:127923c] [com.apple.UIKit:EventDispatch] Sending UIEvent type: 0; subtype: 0; to windows: 1
2026-04-10 23:22:37.639 Df EdotReactNavExample[66438:127923c] [com.apple.UIKit:EventDispatch] Sending UIEvent type: 0; subtype: 0; to window: <UIWindow: 0x106598800>; contextId: 0x43573745
2026-04-10 23:22:37.639 A  EdotReactNavExample[66438:127923c] (UIKitCore) send gesture actions
2026-04-10 23:22:37.655 Df EdotReactNavExample[66438:127923c] [com.apple.UIKit:EventDispatch] Sending UIEvent type: 0; subtype: 0; to windows: 1
2026-04-10 23:22:37.655 Df EdotReactNavExample[66438:127923c] [com.apple.UIKit:EventDispatch] Sending UIEvent type: 0; subtype: 0; to window: <UIWindow: 0x106598800>; contextId: 0x43573745
2026-04-10 23:22:37.655 A  EdotReactNavExample[66438:127923c] (UIKitCore) send gesture actions
2026-04-10 23:22:37.659 Db EdotReactNavExample[66438:127930c] [com.apple.defaults:User Defaults] looked up value 1 for key RCTI18nUtil_makeRTLFlipLeftAndRightStyles in CFPrefsPlistSource<0x1059916f0> (Domain: com.edot.reactnavexample, User: kCFPreferencesCurrentUser, ByHost: No, Container: (null), Contents Need Refresh: No) via CFPrefsSearchListSource<0x1059906c0> (Domain: com.edot.reactnavexample, Container: (null) Non-launch persona: 0)
2026-04-10 23:22:37.659 I  EdotReactNavExample[66438:127930c] [com.facebook.react.log:native] Unrecognized font family 'monospace'
2026-04-10 23:22:37.659 I  EdotReactNavExample[66438:127930c] [com.facebook.react.log:native] Unrecognized font family 'monospace'
2026-04-10 23:22:37.660 I  EdotReactNavExample[66438:127930c] [com.facebook.react.log:native] Unrecognized font family 'monospace'
2026-04-10 23:22:37.660 I  EdotReactNavExample[66438:127930c] [com.facebook.react.log:native] Unrecognized font family 'monospace'
2026-04-10 23:22:37.660 I  EdotReactNavExample[66438:127930c] [com.facebook.react.log:native] Unrecognized font family 'monospace'
2026-04-10 23:22:37.688 Db EdotReactNavExample[66438:127923c] [com.apple.defaults:User Defaults] looked up value 1 for key RCTI18nUtil_makeRTLFlipLeftAndRightStyles in CFPrefsPlistSource<0x1059916f0> (Domain: com.edot.reactnavexample, User: kCFPreferencesCurrentUser, ByHost: No, Container: (null), Contents Need Refresh: No) via CFPrefsSearchListSource<0x1059906c0> (Domain: com.edot.reactnavexample, Container: (null) Non-launch persona: 0)
2026-04-10 23:22:37.688 Db EdotReactNavExample[66438:127923c] [com.apple.defaults:User Defaults] looked up value 1 for key RCTI18nUtil_makeRTLFlipLeftAndRightStyles in CFPrefsPlistSource<0x1059916f0> (Domain: com.edot.reactnavexample, User: kCFPreferencesCurrentUser, ByHost: No, Container: (null), Contents Need Refresh: No) via CFPrefsSearchListSource<0x1059906c0> (Domain: com.edot.reactnavexample, Container: (null) Non-launch persona: 0)
2026-04-10 23:22:37.688 Db EdotReactNavExample[66438:127923c] [com.apple.defaults:User Defaults] looked up value 1 for key RCTI18nUtil_makeRTLFlipLeftAndRightStyles in CFPrefsPlistSource<0x1059916f0> (Domain: com.edot.reactnavexample, User: kCFPreferencesCurrentUser, ByHost: No, Container: (null), Contents Need Refresh: No) via CFPrefsSearchListSource<0x1059906c0> (Domain: com.edot.reactnavexample, Container: (null) Non-launch persona: 0)
2026-04-10 23:22:37.688 Db EdotReactNavExample[66438:127923c] [com.apple.defaults:User Defaults] looked up value 1 for key RCTI18nUtil_makeRTLFlipLeftAndRightStyles in CFPrefsPlistSource<0x1059916f0> (Domain: com.edot.reactnavexample, User: kCFPreferencesCurrentUser, ByHost: No, Container: (null), Contents Need Refresh: No) via CFPrefsSearchListSource<0x1059906c0> (Domain: com.edot.reactnavexample, Container: (null) Non-launch persona: 0)
2026-04-10 23:22:37.688 Db EdotReactNavExample[66438:127923c] [com.apple.defaults:User Defaults] looked up value 1 for key RCTI18nUtil_makeRTLFlipLeftAndRightStyles in CFPrefsPlistSource<0x1059916f0> (Domain: com.edot.reactnavexample, User: kCFPreferencesCurrentUser, ByHost: No, Container: (null), Contents Need Refresh: No) via CFPrefsSearchListSource<0x1059906c0> (Domain: com.edot.reactnavexample, Container: (null) Non-launch persona: 0)
2026-04-10 23:22:37.688 Db EdotReactNavExample[66438:127923c] [com.apple.defaults:User Defaults] looked up value 1 for key RCTI18nUtil_makeRTLFlipLeftAndRightStyles in CFPrefsPlistSource<0x1059916f0> (Domain: com.edot.reactnavexample, User: kCFPreferencesCurrentUser, ByHost: No, Container: (null), Contents Need Refresh: No) via CFPrefsSearchListSource<0x1059906c0> (Domain: com.edot.reactnavexample, Container: (null) Non-launch persona: 0)
2026-04-10 23:22:38.047 I  EdotReactNavExample[66438:127923c] [com.wix.Detox:WebSocket] Action received: invoke
2026-04-10 23:22:38.255 Df EdotReactNavExample[66438:127923c] [com.apple.UIKit:EventDispatch] Sending UIEvent type: 0; subtype: 0; to windows: 1
2026-04-10 23:22:38.256 Df EdotReactNavExample[66438:127923c] [com.apple.UIKit:EventDispatch] Sending UIEvent type: 0; subtype: 0; to window: <UIWindow: 0x106598800>; contextId: 0x43573745
2026-04-10 23:22:38.256 A  EdotReactNavExample[66438:127923c] (UIKitCore) send gesture actions
2026-04-10 23:22:38.271 Df EdotReactNavExample[66438:127923c] [com.apple.UIKit:EventDispatch] Sending UIEvent type: 0; subtype: 0; to windows: 1
2026-04-10 23:22:38.272 Df EdotReactNavExample[66438:127923c] [com.apple.UIKit:EventDispatch] Sending UIEvent type: 0; subtype: 0; to window: <UIWindow: 0x106598800>; contextId: 0x43573745
2026-04-10 23:22:38.272 A  EdotReactNavExample[66438:127923c] (UIKitCore) send gesture actions
2026-04-10 23:22:38.276 Db EdotReactNavExample[66438:127930a] [com.apple.defaults:User Defaults] looked up value 1 for key RCTI18nUtil_makeRTLFlipLeftAndRightStyles in CFPrefsPlistSource<0x1059916f0> (Domain: com.edot.reactnavexample, User: kCFPreferencesCurrentUser, ByHost: No, Container: (null), Contents Need Refresh: No) via CFPrefsSearchListSource<0x1059906c0> (Domain: com.edot.reactnavexample, Container: (null) Non-launch persona: 0)
2026-04-10 23:22:38.276 I  EdotReactNavExample[66438:127930a] [com.facebook.react.log:native] Unrecognized font family 'monospace'
2026-04-10 23:22:38.276 I  EdotReactNavExample[66438:127930a] [com.facebook.react.log:native] Unrecognized font family 'monospace'
2026-04-10 23:22:38.276 I  EdotReactNavExample[66438:127930a] [com.facebook.react.log:native] Unrecognized font family 'monospace'
2026-04-10 23:22:38.276 I  EdotReactNavExample[66438:127930a] [com.facebook.react.log:native] Unrecognized font family 'monospace'
2026-04-10 23:22:38.276 I  EdotReactNavExample[66438:127930a] [com.facebook.react.log:native] Unrecognized font family 'monospace'
2026-04-10 23:22:38.276 I  EdotReactNavExample[66438:127930a] [com.facebook.react.log:native] Unrecognized font family 'monospace'
2026-04-10 23:22:38.305 Db EdotReactNavExample[66438:127923c] [com.apple.defaults:User Defaults] looked up value 1 for key RCTI18nUtil_makeRTLFlipLeftAndRightStyles in CFPrefsPlistSource<0x1059916f0> (Domain: com.edot.reactnavexample, User: kCFPreferencesCurrentUser, ByHost: No, Container: (null), Contents Need Refresh: No) via CFPrefsSearchListSource<0x1059906c0> (Domain: com.edot.reactnavexample, Container: (null) Non-launch persona: 0)
2026-04-10 23:22:38.305 Db EdotReactNavExample[66438:127923c] [com.apple.defaults:User Defaults] looked up value 1 for key RCTI18nUtil_makeRTLFlipLeftAndRightStyles in CFPrefsPlistSource<0x1059916f0> (Domain: com.edot.reactnavexample, User: kCFPreferencesCurrentUser, ByHost: No, Container: (null), Contents Need Refresh: No) via CFPrefsSearchListSource<0x1059906c0> (Domain: com.edot.reactnavexample, Container: (null) Non-launch persona: 0)
2026-04-10 23:22:38.305 Db EdotReactNavExample[66438:127923c] [com.apple.defaults:User Defaults] looked up value 1 for key RCTI18nUtil_makeRTLFlipLeftAndRightStyles in CFPrefsPlistSource<0x1059916f0> (Domain: com.edot.reactnavexample, User: kCFPreferencesCurrentUser, ByHost: No, Container: (null), Contents Need Refresh: No) via CFPrefsSearchListSource<0x1059906c0> (Domain: com.edot.reactnavexample, Container: (null) Non-launch persona: 0)
2026-04-10 23:22:38.305 Db EdotReactNavExample[66438:127923c] [com.apple.defaults:User Defaults] looked up value 1 for key RCTI18nUtil_makeRTLFlipLeftAndRightStyles in CFPrefsPlistSource<0x1059916f0> (Domain: com.edot.reactnavexample, User: kCFPreferencesCurrentUser, ByHost: No, Container: (null), Contents Need Refresh: No) via CFPrefsSearchListSource<0x1059906c0> (Domain: com.edot.reactnavexample, Container: (null) Non-launch persona: 0)
2026-04-10 23:22:38.305 Db EdotReactNavExample[66438:127923c] [com.apple.defaults:User Defaults] looked up value 1 for key RCTI18nUtil_makeRTLFlipLeftAndRightStyles in CFPrefsPlistSource<0x1059916f0> (Domain: com.edot.reactnavexample, User: kCFPreferencesCurrentUser, ByHost: No, Container: (null), Contents Need Refresh: No) via CFPrefsSearchListSource<0x1059906c0> (Domain: com.edot.reactnavexample, Container: (null) Non-launch persona: 0)
2026-04-10 23:22:38.305 Db EdotReactNavExample[66438:127923c] [com.apple.defaults:User Defaults] looked up value 1 for key RCTI18nUtil_makeRTLFlipLeftAndRightStyles in CFPrefsPlistSource<0x1059916f0> (Domain: com.edot.reactnavexample, User: kCFPreferencesCurrentUser, ByHost: No, Container: (null), Contents Need Refresh: No) via CFPrefsSearchListSource<0x1059906c0> (Domain: com.edot.reactnavexample, Container: (null) Non-launch persona: 0)

