23:15:49.190 detox[62039] [90mB[39m node_modules/detox/local-cli/cli.js test --configuration ios.sim.release
  data: {
    "id": "4a5c918e-b462-18a7-aeb1-432a2f63000b",
    "detoxConfig": {
      "configurationName": "ios.sim.release",
      "apps": {
        "default": {
          "type": "ios.app",
          "binaryPath": "ios/build/Build/Products/Release-iphonesimulator/EdotReactNavExample.app",
          "build": "xcodebuild -workspace ios/EdotReactNavExample.xcworkspace -scheme EdotReactNavExample -configuration Release -sdk iphonesimulator -destination 'platform=iOS Simulator,name=iPhone 17 Pro,OS=26.4' -derivedDataPath ios/build"
        }
      },
      "artifacts": {
        "rootDir": "artifacts/ios.sim.release.2026-04-10 16-15-49Z",
        "plugins": {
          "log": {
            "enabled": true,
            "keepOnlyFailedTestsArtifacts": false
          },
          "screenshot": {
            "enabled": true,
            "shouldTakeAutomaticSnapshots": true,
            "keepOnlyFailedTestsArtifacts": true
          },
          "video": {
            "enabled": true,
            "keepOnlyFailedTestsArtifacts": true
          },
          "instruments": {
            "enabled": false,
            "keepOnlyFailedTestsArtifacts": false
          },
          "uiHierarchy": {
            "enabled": false,
            "keepOnlyFailedTestsArtifacts": false
          }
        }
      },
      "behavior": {
        "init": {
          "keepLockFile": false,
          "reinstallApp": true,
          "exposeGlobals": true
        },
        "cleanup": {
          "shutdownDevice": false
        },
        "launchApp": "auto"
      },
      "cli": {
        "configuration": "ios.sim.release",
        "start": true
      },
      "commands": [
        {
          "appName": "default",
          "build": "xcodebuild -workspace ios/EdotReactNavExample.xcworkspace -scheme EdotReactNavExample -configuration Release -sdk iphonesimulator -destination 'platform=iOS Simulator,name=iPhone 17 Pro,OS=26.4' -derivedDataPath ios/build"
        }
      ],
      "device": {
        "type": "ios.simulator",
        "device": {
          "type": "iPhone 17 Pro"
        }
      },
      "logger": {
        "level": "info",
        "overrideConsole": true,
        "options": {
          "showLoggerName": true,
          "showPid": true,
          "showLevel": false,
          "showMetadata": false,
          "basepath": "/Users/nonth/Projects/playground/react-native/edot-react-native-sdk/example/react-navigation/node_modules/detox/src",
          "prefixers": {},
          "stringifiers": {}
        }
      },
      "testRunner": {
        "retries": 0,
        "forwardEnv": false,
        "detached": false,
        "bail": false,
        "noRetryArgs": [
          "shard"
        ],
        "jest": {
          "setupTimeout": 300000,
          "teardownTimeout": 30000,
          "retryAfterCircusRetries": false,
          "reportWorkerAssign": true
        },
        "args": {
          "$0": "jest",
          "_": [
            "e2e"
          ],
          "config": "e2e/jest.config.js",
          "--": []
        },
        "$0": "jest"
      },
      "session": {
        "autoStart": true,
        "debugSynchronization": 10000
      }
    },
    "detoxIPCServer": "primary-62039",
    "testResults": [],
    "testSessionIndex": 0,
    "workersCount": 0
  }
23:15:49.195 detox[62039] [90mi[39m Server path not specified, so defaulting to ipc.config.socketRoot + ipc.config.appspace + ipc.config.id /tmp/detox.primary-62039
23:15:49.196 detox[62039] [90mi[39m starting server on  /tmp/detox.primary-62039 
23:15:49.196 detox[62039] [90mi[39m starting TLS server false
23:15:49.196 detox[62039] [90mi[39m starting server as Unix || Windows Socket
23:15:49.197 detox[62039] [90mi[39m Detox server listening on localhost:53256...
23:15:49.199 detox[62039] [90mi[39m Serialized the session state at: /private/var/folders/nd/_cs61jn95mx_wzcmldgt15p00000gn/T/4a5c918e-b462-18a7-aeb1-432a2f63000b.detox.json
23:15:49.199 detox[62039] [90mB[39m jest --config e2e/jest.config.js e2e
23:15:49.201 detox[62039] [90mi[39m (node:62039) [DEP0190] DeprecationWarning: Passing args to a child process with shell option true can lead to security vulnerabilities, as the arguments are not escaped, only concatenated.
(Use `node --trace-deprecation ...` to show where the warning was created)
23:15:50.933 detox[62040] [90mi[39m Service path not specified, so defaulting to ipc.config.socketRoot + ipc.config.appspace + id 
23:15:50.934 detox[62040] [90mi[39m requested connection to  primary-62039 /tmp/detox.primary-62039
23:15:50.934 detox[62040] [90mi[39m Connecting client on Unix Socket : /tmp/detox.primary-62039
23:15:50.935 detox[62039] [90mi[39m ## socket connection to server detected ##
23:15:50.936 detox[62040] [90mi[39m retrying reset
23:15:50.936 detox[62040] [90mi[39m dispatching event to  primary-62039 /tmp/detox.primary-62039  :  registerContext , { id: 'secondary-62040' }
23:15:50.937 detox[62039] [90mi[39m received event of :  registerContext { id: 'secondary-62040' }
23:15:50.937 detox[62039] [90mi[39m dispatching event to socket  :  registerContextDone {
  testResults: [],
  testSessionIndex: 0,
  unsafe_earlyTeardown: undefined
}
23:15:50.937 detox[62040] [90mi[39m ## received events ##
23:15:50.937 detox[62040] [90mi[39m detected event registerContextDone { testResults: [], testSessionIndex: 0 }
23:15:51.006 detox[62040] [90mB[39m e2e/app.test.js
23:15:51.017 detox[62040] [90mB[39m set up environment
23:15:51.018 detox[62039] [90mi[39m received event of :  registerWorker { workerId: 'w1' }
23:15:51.018 detox[62039] [90mi[39m dispatching event to socket  :  registerWorkerDone { workersCount: 1 }
23:15:51.018 detox[62039] [90mi[39m broadcasting event to all known sockets listening to  /tmp/detox.primary-62039  :   sessionStateUpdate { workersCount: 1 }
23:15:51.018 detox[62040] [90mi[39m dispatching event to  primary-62039 /tmp/detox.primary-62039  :  registerWorker , { workerId: 'w1' }
23:15:51.018 detox[62040] [90mi[39m ## received events ##
23:15:51.018 detox[62040] [90mi[39m detected event registerWorkerDone { workersCount: 1 }
23:15:51.142 detox[62040] [90mi[39m ## received events ##
23:15:51.142 detox[62040] [90mi[39m detected event sessionStateUpdate { workersCount: 1 }
23:15:51.145 detox[62039] [90mB[39m connection :53256<->:53263
23:15:51.146 detox[62040] [90mi[39m opened web socket to: ws://localhost:53256
23:15:51.147 detox[62039] [90mi[39m get
  data: {"type":"login","params":{"sessionId":"8dadc94f-eeb0-ab7a-2813-4ad35e3ba590","role":"tester"},"messageId":0}
23:15:51.147 detox[62039] [90mi[39m created session 8dadc94f-eeb0-ab7a-2813-4ad35e3ba590
23:15:51.147 detox[62039] [90mi[39m send
  data: {
    "type": "loginSuccess",
    "params": {
      "testerConnected": true,
      "appConnected": false
    },
    "messageId": 0
  }
23:15:51.147 detox[62040] [90mi[39m send message
  data: {"type":"login","params":{"sessionId":"8dadc94f-eeb0-ab7a-2813-4ad35e3ba590","role":"tester"},"messageId":0}
23:15:51.148 detox[62039] [90mi[39m tester joined session 8dadc94f-eeb0-ab7a-2813-4ad35e3ba590
23:15:51.148 detox[62040] [90mi[39m get message
  data: {"type":"loginSuccess","params":{"testerConnected":true,"appConnected":false},"messageId":0}
   
23:15:51.280 detox[62039] [90mi[39m received event of :  allocateDevice {
  deviceConfig: { type: 'ios.simulator', device: { type: 'iPhone 17 Pro' } }
}
23:15:51.280 detox[62040] [90mi[39m dispatching event to  primary-62039 /tmp/detox.primary-62039  :  allocateDevice , {
  deviceConfig: { type: 'ios.simulator', device: { type: 'iPhone 17 Pro' } }
}
23:15:51.284 detox[62039] [90mB[39m init
  args: ()
23:15:51.286 detox[62039] [90mE[39m init
23:15:51.286 detox[62039] [90mB[39m allocate
  data: {
    "type": "ios.simulator",
    "device": {
      "type": "iPhone 17 Pro"
    }
  }
23:15:51.302 detox[62039] [90mi[39m applesimutils --list --byType "iPhone 17 Pro" --fields udid,name,deviceType,os,identifier
23:15:51.302 detox[62039] [90mi[39m Searching for device by type = "iPhone 17 Pro" ...
23:15:51.721 detox[62039] [90mi[39m [
  {
    "os" : {
      "name" : "iOS 26.4",
      "identifier" : "com.apple.CoreSimulator.SimRuntime.iOS-26-4"
    },
    "name" : "iPhone 17 Pro",
    "udid" : "B7E9BAD6-0C0D-41EE-BE0C-D49BF485382E",
    "deviceType" : {
      "name" : "iPhone 17 Pro",
      "identifier" : "com.apple.CoreSimulator.SimDeviceType.iPhone-17-Pro"
    }
  }
]

23:15:51.721 detox[62039] [90mi[39m settled on B7E9BAD6-0C0D-41EE-BE0C-D49BF485382E
  data: {
    "id": "B7E9BAD6-0C0D-41EE-BE0C-D49BF485382E",
    "udid": "B7E9BAD6-0C0D-41EE-BE0C-D49BF485382E"
  }
23:15:51.721 detox[62039] [90mE[39m allocate
23:15:51.721 detox[62039] [90mB[39m post-allocate: B7E9BAD6-0C0D-41EE-BE0C-D49BF485382E
  data: {
    "id": "B7E9BAD6-0C0D-41EE-BE0C-D49BF485382E",
    "udid": "B7E9BAD6-0C0D-41EE-BE0C-D49BF485382E"
  }
23:15:51.721 detox[62039] [90mi[39m applesimutils --list --byId B7E9BAD6-0C0D-41EE-BE0C-D49BF485382E --maxResults 1 --fields udid,os,version,state
23:15:51.889 detox[62039] [90mi[39m [
  {
    "state" : "Booted",
    "os" : {
      "version" : "26.4"
    },
    "udid" : "B7E9BAD6-0C0D-41EE-BE0C-D49BF485382E"
  }
]

23:15:51.889 detox[62039] [90mE[39m post-allocate: B7E9BAD6-0C0D-41EE-BE0C-D49BF485382E
23:15:51.889 detox[62039] [90mi[39m dispatching event to socket  :  allocateDeviceDone {
  deviceCookie: {
    id: 'B7E9BAD6-0C0D-41EE-BE0C-D49BF485382E',
    udid: 'B7E9BAD6-0C0D-41EE-BE0C-D49BF485382E',
    type: 'ios.simulator',
    bootArgs: undefined,
    headless: undefined
  }
}
23:15:51.889 detox[62040] [90mi[39m ## received events ##
23:15:51.889 detox[62040] [90mi[39m detected event allocateDeviceDone {
  deviceCookie: {
    id: 'B7E9BAD6-0C0D-41EE-BE0C-D49BF485382E',
    udid: 'B7E9BAD6-0C0D-41EE-BE0C-D49BF485382E',
    type: 'ios.simulator'
  }
}
23:15:51.901 detox[62040] [90mB[39m onBootDevice
  args: ({"deviceId":"B7E9BAD6-0C0D-41EE-BE0C-D49BF485382E"})
23:15:51.901 detox[62040] [90mE[39m onBootDevice
23:15:51.901 detox[62040] [90mB[39m installUtilBinaries
  args: ()
23:15:51.901 detox[62040] [90mE[39m installUtilBinaries
23:15:51.902 detox[62040] [90mB[39m selectApp
  args: ("default")
23:15:51.908 detox[62040] [90mE[39m selectApp
23:15:51.908 detox[62040] [90mB[39m uninstallApp
  args: ()
23:15:51.908 detox[62040] [90mB[39m onBeforeUninstallApp
  args: ({"deviceId":"B7E9BAD6-0C0D-41EE-BE0C-D49BF485382E","bundleId":"com.edot.reactnavexample"})
23:15:51.909 detox[62040] [90mE[39m onBeforeUninstallApp
23:15:51.909 detox[62040] [90mi[39m /usr/bin/xcrun simctl uninstall B7E9BAD6-0C0D-41EE-BE0C-D49BF485382E com.edot.reactnavexample
23:15:51.909 detox[62040] [90mi[39m Uninstalling com.edot.reactnavexample...
23:15:52.055 detox[62040] [90mi[39m com.edot.reactnavexample uninstalled
23:15:52.055 detox[62040] [90mE[39m uninstallApp
23:15:52.055 detox[62040] [90mB[39m selectApp
  args: ("default")
23:15:52.055 detox[62040] [90mB[39m terminateApp
  args: ()
23:15:52.056 detox[62040] [90mB[39m onBeforeTerminateApp
  args: ({"deviceId":"B7E9BAD6-0C0D-41EE-BE0C-D49BF485382E","bundleId":"com.edot.reactnavexample"})
23:15:52.056 detox[62040] [90mE[39m onBeforeTerminateApp
23:15:52.056 detox[62040] [90mi[39m /usr/bin/xcrun simctl terminate B7E9BAD6-0C0D-41EE-BE0C-D49BF485382E com.edot.reactnavexample
23:15:52.056 detox[62040] [90mi[39m Terminating com.edot.reactnavexample...
23:15:53.179 detox[62040] [90mi[39m An error was encountered processing the command (domain=NSPOSIXErrorDomain, code=3):
Simulator device failed to terminate com.edot.reactnavexample.
found nothing to terminate
Underlying error (domain=NSPOSIXErrorDomain, code=3):
	The request to terminate "com.edot.reactnavexample" failed. found nothing to terminate
	found nothing to terminate

23:15:53.180 detox[62040] [90mi[39m Terminating com.edot.reactnavexample...
23:15:53.329 detox[62040] [90mi[39m "/usr/bin/xcrun simctl terminate B7E9BAD6-0C0D-41EE-BE0C-D49BF485382E com.edot.reactnavexample" failed with error = Error: Command failed: /usr/bin/xcrun simctl terminate B7E9BAD6-0C0D-41EE-BE0C-D49BF485382E com.edot.reactnavexample
An error was encountered processing the command (domain=NSPOSIXErrorDomain, code=3):
Simulator device failed to terminate com.edot.reactnavexample.
found nothing to terminate
Underlying error (domain=NSPOSIXErrorDomain, code=3):
	The request to terminate "com.edot.reactnavexample" failed. found nothing to terminate
	found nothing to terminate
 (code=3), stdout and stderr:

23:15:53.329 detox[62040] [90mi[39m 
23:15:53.329 detox[62040] [90mi[39m An error was encountered processing the command (domain=NSPOSIXErrorDomain, code=3):
Simulator device failed to terminate com.edot.reactnavexample.
found nothing to terminate
Underlying error (domain=NSPOSIXErrorDomain, code=3):
	The request to terminate "com.edot.reactnavexample" failed. found nothing to terminate
	found nothing to terminate

23:15:53.329 detox[62040] [90mB[39m onTerminateApp
  args: ({"deviceId":"B7E9BAD6-0C0D-41EE-BE0C-D49BF485382E","bundleId":"com.edot.reactnavexample"})
23:15:53.329 detox[62040] [90mE[39m onTerminateApp
23:15:53.329 detox[62040] [90mE[39m terminateApp
23:15:53.329 detox[62040] [90mE[39m selectApp
23:15:53.329 detox[62040] [90mB[39m installApp
  args: ()
23:15:53.330 detox[62040] [90mi[39m /usr/bin/xcrun simctl install B7E9BAD6-0C0D-41EE-BE0C-D49BF485382E "/Users/nonth/Projects/playground/react-native/edot-react-native-sdk/example/react-navigation/ios/build/Build/Products/Release-iphonesimulator/EdotReactNavExample.app"
23:15:53.330 detox[62040] [90mi[39m Installing /Users/nonth/Projects/playground/react-native/edot-react-native-sdk/example/react-navigation/ios/build/Build/Products/Release-iphonesimulator/EdotReactNavExample.app...
23:15:53.723 detox[62040] [90mi[39m /Users/nonth/Projects/playground/react-native/edot-react-native-sdk/example/react-navigation/ios/build/Build/Products/Release-iphonesimulator/EdotReactNavExample.app installed
23:15:53.723 detox[62040] [90mE[39m installApp
23:15:53.724 detox[62040] [90mB[39m selectApp
  args: ("default")
23:15:53.724 detox[62040] [90mB[39m terminateApp
  args: ()
23:15:53.724 detox[62040] [90mB[39m onBeforeTerminateApp
  args: ({"deviceId":"B7E9BAD6-0C0D-41EE-BE0C-D49BF485382E","bundleId":"com.edot.reactnavexample"})
23:15:53.724 detox[62040] [90mE[39m onBeforeTerminateApp
23:15:53.724 detox[62040] [90mi[39m /usr/bin/xcrun simctl terminate B7E9BAD6-0C0D-41EE-BE0C-D49BF485382E com.edot.reactnavexample
23:15:53.724 detox[62040] [90mi[39m Terminating com.edot.reactnavexample...
23:15:54.871 detox[62040] [90mi[39m An error was encountered processing the command (domain=NSPOSIXErrorDomain, code=3):
Simulator device failed to terminate com.edot.reactnavexample.
found nothing to terminate
Underlying error (domain=NSPOSIXErrorDomain, code=3):
	The request to terminate "com.edot.reactnavexample" failed. found nothing to terminate
	found nothing to terminate

23:15:54.872 detox[62040] [90mi[39m Terminating com.edot.reactnavexample...
23:15:55.058 detox[62040] [90mi[39m "/usr/bin/xcrun simctl terminate B7E9BAD6-0C0D-41EE-BE0C-D49BF485382E com.edot.reactnavexample" failed with error = Error: Command failed: /usr/bin/xcrun simctl terminate B7E9BAD6-0C0D-41EE-BE0C-D49BF485382E com.edot.reactnavexample
An error was encountered processing the command (domain=NSPOSIXErrorDomain, code=3):
Simulator device failed to terminate com.edot.reactnavexample.
found nothing to terminate
Underlying error (domain=NSPOSIXErrorDomain, code=3):
	The request to terminate "com.edot.reactnavexample" failed. found nothing to terminate
	found nothing to terminate
 (code=3), stdout and stderr:

23:15:55.058 detox[62040] [90mi[39m 
23:15:55.058 detox[62040] [90mi[39m An error was encountered processing the command (domain=NSPOSIXErrorDomain, code=3):
Simulator device failed to terminate com.edot.reactnavexample.
found nothing to terminate
Underlying error (domain=NSPOSIXErrorDomain, code=3):
	The request to terminate "com.edot.reactnavexample" failed. found nothing to terminate
	found nothing to terminate

23:15:55.058 detox[62040] [90mB[39m onTerminateApp
  args: ({"deviceId":"B7E9BAD6-0C0D-41EE-BE0C-D49BF485382E","bundleId":"com.edot.reactnavexample"})
23:15:55.058 detox[62040] [90mE[39m onTerminateApp
23:15:55.058 detox[62040] [90mE[39m terminateApp
23:15:55.058 detox[62040] [90mE[39m selectApp
23:15:55.059 detox[62040] [90mE[39m set up environment
23:15:55.339 detox[62040] [90mi[39m app.test.js is assigned to B7E9BAD6-0C0D-41EE-BE0C-D49BF485382E (iPhone 17 Pro)
23:15:55.340 detox[62040] [90mB[39m run the tests
23:15:55.340 detox[62040] [90mB[39m onRunDescribeStart
  args: ({"name":"ROOT_DESCRIBE_BLOCK"})
23:15:55.344 detox[62040] [90mE[39m onRunDescribeStart
23:15:55.344 detox[62040] [90mB[39m React Navigation Example
23:15:55.344 detox[62040] [90mB[39m onRunDescribeStart
  args: ({"name":"React Navigation Example"})
23:15:55.344 detox[62040] [90mE[39m onRunDescribeStart
23:15:55.344 detox[62040] [90mB[39m beforeAll
23:15:55.345 detox[62040] [90mB[39m launchApp
  args: ({"newInstance":true})
23:15:55.346 detox[62040] [90mB[39m terminateApp
  args: ("com.edot.reactnavexample")
23:15:55.346 detox[62040] [90mB[39m onBeforeTerminateApp
  args: ({"deviceId":"B7E9BAD6-0C0D-41EE-BE0C-D49BF485382E","bundleId":"com.edot.reactnavexample"})
23:15:55.346 detox[62040] [90mE[39m onBeforeTerminateApp
23:15:55.346 detox[62040] [90mi[39m /usr/bin/xcrun simctl terminate B7E9BAD6-0C0D-41EE-BE0C-D49BF485382E com.edot.reactnavexample
23:15:55.346 detox[62040] [90mi[39m Terminating com.edot.reactnavexample...
23:15:56.477 detox[62040] [90mi[39m An error was encountered processing the command (domain=NSPOSIXErrorDomain, code=3):
Simulator device failed to terminate com.edot.reactnavexample.
found nothing to terminate
Underlying error (domain=NSPOSIXErrorDomain, code=3):
	The request to terminate "com.edot.reactnavexample" failed. found nothing to terminate
	found nothing to terminate

23:15:56.477 detox[62040] [90mi[39m Terminating com.edot.reactnavexample...
23:15:56.645 detox[62040] [90mi[39m "/usr/bin/xcrun simctl terminate B7E9BAD6-0C0D-41EE-BE0C-D49BF485382E com.edot.reactnavexample" failed with error = Error: Command failed: /usr/bin/xcrun simctl terminate B7E9BAD6-0C0D-41EE-BE0C-D49BF485382E com.edot.reactnavexample
An error was encountered processing the command (domain=NSPOSIXErrorDomain, code=3):
Simulator device failed to terminate com.edot.reactnavexample.
found nothing to terminate
Underlying error (domain=NSPOSIXErrorDomain, code=3):
	The request to terminate "com.edot.reactnavexample" failed. found nothing to terminate
	found nothing to terminate
 (code=3), stdout and stderr:

23:15:56.645 detox[62040] [90mi[39m 
23:15:56.645 detox[62040] [90mi[39m An error was encountered processing the command (domain=NSPOSIXErrorDomain, code=3):
Simulator device failed to terminate com.edot.reactnavexample.
found nothing to terminate
Underlying error (domain=NSPOSIXErrorDomain, code=3):
	The request to terminate "com.edot.reactnavexample" failed. found nothing to terminate
	found nothing to terminate

23:15:56.645 detox[62040] [90mB[39m onTerminateApp
  args: ({"deviceId":"B7E9BAD6-0C0D-41EE-BE0C-D49BF485382E","bundleId":"com.edot.reactnavexample"})
23:15:56.645 detox[62040] [90mE[39m onTerminateApp
23:15:56.645 detox[62040] [90mE[39m terminateApp
23:15:56.645 detox[62040] [90mB[39m onBeforeLaunchApp
  args: ({"bundleId":"com.edot.reactnavexample","deviceId":"B7E9BAD6-0C0D-41EE-BE0C-D49BF485382E","launchArgs":{"detoxServer":"ws://localhost:53256","detoxSessionId":"8dadc94f-eeb0-ab7a-2813-4ad35e3ba590"}})
23:15:56.646 detox[62040] [90mi[39m starting SimulatorLogRecording {
  udid: 'B7E9BAD6-0C0D-41EE-BE0C-D49BF485382E',
  bundleId: 'com.edot.reactnavexample'
}
23:15:56.647 detox[62040] [90mi[39m /usr/bin/xcrun simctl get_app_container B7E9BAD6-0C0D-41EE-BE0C-D49BF485382E com.edot.reactnavexample
23:15:56.815 detox[62040] [90mi[39m /Users/nonth/Library/Developer/CoreSimulator/Devices/B7E9BAD6-0C0D-41EE-BE0C-D49BF485382E/data/Containers/Bundle/Application/43CB7367-89F3-41D5-B6F9-CE230A6CA31F/EdotReactNavExample.app

23:15:56.816 detox[62040] [90mi[39m /usr/bin/xcrun simctl spawn B7E9BAD6-0C0D-41EE-BE0C-D49BF485382E log stream --level debug --style compact --predicate "processImagePath beginsWith \"/Users/nonth/Library/Developer/CoreSimulator/Devices/B7E9BAD6-0C0D-41EE-BE0C-D49BF485382E/data/Containers/Bundle/Application/43CB7367-89F3-41D5-B6F9-CE230A6CA31F/EdotReactNavExample.app\""
23:15:56.867 detox[62040] [90mE[39m onBeforeLaunchApp
23:15:56.867 detox[62040] [90mi[39m SIMCTL_CHILD_GULGeneratedClassDisposeDisabled=YES SIMCTL_CHILD_DYLD_INSERT_LIBRARIES="/Users/nonth/Library/Detox/ios/framework/85bef8b40f077a4ae6cc1c8766fac177a9481e11/Detox.framework/Detox" /usr/bin/xcrun simctl launch B7E9BAD6-0C0D-41EE-BE0C-D49BF485382E com.edot.reactnavexample --args -detoxServer ws://localhost:53256 -detoxSessionId 8dadc94f-eeb0-ab7a-2813-4ad35e3ba590 -detoxDebugVisibility YES -detoxDisableHierarchyDump YES
23:15:56.867 detox[62040] [90mi[39m Launching com.edot.reactnavexample...
23:15:57.223 detox[62040] [90mi[39m com.edot.reactnavexample: 62115

23:15:57.223 detox[62040] [90mi[39m /usr/bin/xcrun simctl get_app_container B7E9BAD6-0C0D-41EE-BE0C-D49BF485382E com.edot.reactnavexample
23:15:57.418 detox[62040] [90mi[39m /Users/nonth/Library/Developer/CoreSimulator/Devices/B7E9BAD6-0C0D-41EE-BE0C-D49BF485382E/data/Containers/Bundle/Application/43CB7367-89F3-41D5-B6F9-CE230A6CA31F/EdotReactNavExample.app

23:15:57.425 detox[62040] [90mi[39m com.edot.reactnavexample launched. To watch simulator logs, run:
        /usr/bin/xcrun simctl spawn B7E9BAD6-0C0D-41EE-BE0C-D49BF485382E log stream --level debug --style compact --predicate 'process == "EdotReactNavExample"'
23:15:57.426 detox[62040] [90mB[39m onLaunchApp
  args: ({"bundleId":"com.edot.reactnavexample","deviceId":"B7E9BAD6-0C0D-41EE-BE0C-D49BF485382E","launchArgs":{"detoxServer":"ws://localhost:53256","detoxSessionId":"8dadc94f-eeb0-ab7a-2813-4ad35e3ba590","detoxDebugVisibility":"YES","detoxDisableHierarchyDump":"YES"},"pid":62115})
23:15:57.426 detox[62040] [90mE[39m onLaunchApp
23:15:57.641 detox[62039] [90mB[39m connection :53256<->:53276
23:15:58.074 detox[62039] [90mi[39m get
  data: {"params":{"role":"app","sessionId":"8dadc94f-eeb0-ab7a-2813-4ad35e3ba590"},"type":"login","messageId":0}
23:15:58.075 detox[62039] [90mi[39m send
  data: {
    "params": {
      "testerConnected": true,
      "appConnected": true
    },
    "type": "loginSuccess",
    "messageId": 0
  }
23:15:58.076 detox[62039] [90mi[39m app joined session 8dadc94f-eeb0-ab7a-2813-4ad35e3ba590
23:15:58.076 detox[62039] [90mi[39m send
  data: {
    "type": "appConnected"
  }
23:15:58.081 detox[62040] [90mi[39m get message
  data: {"type":"appConnected"}
   
23:15:58.083 detox[62039] [90mi[39m get
  data: {"type":"isReady","params":{},"messageId":-1000}
23:15:58.083 detox[62040] [90mi[39m send message
  data: {"type":"isReady","params":{},"messageId":-1000}
23:15:58.084 detox[62039] [90mi[39m send
  data: {
    "type": "isReady",
    "params": {},
    "messageId": -1000
  }
23:15:58.175 detox[62039] [90mi[39m get
  data: {"type":"AppWillTerminateWithError","params":{"threadNumber":7,"queueName":"com.facebook.react.ExceptionsManagerQueue","errorDetails":"RCTFatalException: Unhandled JS Exception: Invariant Violation: \"EdotExample\" has not been registered. This can happen if:\n* Metro (the local dev server) is run from the wrong folder. Check if Metro is running, stop it and restart it in the current project.\n* A module failed to load due to an error and `AppRegistry.registerComponent` wasn't called., js engine: hermes\nUnhandled JS Exception: Invariant Violation: \"EdotExample\" has not been registered. This can happen if:\n* Metro (the local dev server) is run from the wrong folder. Check if M..., stack:\ninvariant@2058:25\nrunApplication@16755:29\n__callFunction@2561:37\nanonymous@2368:30\n__guard@2494:14\ncallFunctionReturnFlushedQueue@2367:20\n\n(\n\t0   CoreFoundation                      0x00000001804c180c __exceptionPreprocess + 160\n\t1   libobjc.A.dylib                     0x0000000180063438 objc_exception_throw + 72\n\t2   EdotReactNavExample                 0x00000001029f62b0 RCTFormatError + 0\n\t3   EdotReactNavExample                 0x0000000102a668e0 -[RCTExceptionsManager reportFatal:stack:exceptionId:extraDataAsJSON:] + 476\n\t4   EdotReactNavExample                 0x0000000102a670e4 -[RCTExceptionsManager reportException:] + 1288\n\t5   CoreFoundation                      0x00000001804c80c0 __invoking___ + 144\n\t6   CoreFoundation                      0x00000001804c5320 -[NSInvocation invoke] + 276\n\t7   CoreFoundation                      0x00000001804c55a4 -[NSInvocation invokeWithTarget:] + 60\n\t8   EdotReactNavExample                 0x0000000102a26d10 -[RCTModuleMethod invokeWithBridge:module:arguments:] + 372\n\t9   EdotReactNavExample                 0x0000000102a28ec8 facebook::react::invokeInner(RCTBridge*, RCTModuleData*, unsigned int, folly::dynamic const&, int, (anonymous namespace)::SchedulingContext) + 444\n\t10  EdotReactNavExample                 0x0000000102a28b2c invocation function for block in facebook::react::RCTNativeModule::invoke(unsigned int, folly::dynamic&&, int) + 108\n\t11  DetoxSync                           0x0000000104a6079c ____detox_sync_dispatch_wrapper_block_invoke + 44\n\t12  libdispatch.dylib                   0x00000001801856a0 _dispatch_call_block_and_release + 24\n\t13  libdispatch.dylib                   0x000000018019fe98 _dispatch_client_callout + 12\n\t14  libdispatch.dylib                   0x000000018018e724 _dispatch_lane_serial_drain + 984\n\t15  libdispatch.dylib                   0x000000018018f1e8 _dispatch_lane_invoke + 396\n\t16  libdispatch.dylib                   0x0000000180199ec0 _dispatch_root_queue_drain_deferred_wlh + 288\n\t17  libdispatch.dylib                   0x0000000180199608 _dispatch_workloop_worker_thread + 692\n\t18  libsystem_pthread.dylib             0x0000000104702b8c _pthread_wqthread + 288\n\t19  libsystem_pthread.dylib             0x000000010470198c start_wqthread + 8\n)"},"messageId":-10000}
23:15:58.175 detox[62039] [90mi[39m send
  data: {
    "type": "AppWillTerminateWithError",
    "params": {
      "threadNumber": 7,
      "queueName": "com.facebook.react.ExceptionsManagerQueue",
      "errorDetails": "RCTFatalException: Unhandled JS Exception: Invariant Violation: \"EdotExample\" has not been registered. This can happen if:\n* Metro (the local dev server) is run from the wrong folder. Check if Metro is running, stop it and restart it in the current project.\n* A module failed to load due to an error and `AppRegistry.registerComponent` wasn't called., js engine: hermes\nUnhandled JS Exception: Invariant Violation: \"EdotExample\" has not been registered. This can happen if:\n* Metro (the local dev server) is run from the wrong folder. Check if M..., stack:\ninvariant@2058:25\nrunApplication@16755:29\n__callFunction@2561:37\nanonymous@2368:30\n__guard@2494:14\ncallFunctionReturnFlushedQueue@2367:20\n\n(\n\t0   CoreFoundation                      0x00000001804c180c __exceptionPreprocess + 160\n\t1   libobjc.A.dylib                     0x0000000180063438 objc_exception_throw + 72\n\t2   EdotReactNavExample                 0x00000001029f62b0 RCTFormatError + 0\n\t3   EdotReactNavExample                 0x0000000102a668e0 -[RCTExceptionsManager reportFatal:stack:exceptionId:extraDataAsJSON:] + 476\n\t4   EdotReactNavExample                 0x0000000102a670e4 -[RCTExceptionsManager reportException:] + 1288\n\t5   CoreFoundation                      0x00000001804c80c0 __invoking___ + 144\n\t6   CoreFoundation                      0x00000001804c5320 -[NSInvocation invoke] + 276\n\t7   CoreFoundation                      0x00000001804c55a4 -[NSInvocation invokeWithTarget:] + 60\n\t8   EdotReactNavExample                 0x0000000102a26d10 -[RCTModuleMethod invokeWithBridge:module:arguments:] + 372\n\t9   EdotReactNavExample                 0x0000000102a28ec8 facebook::react::invokeInner(RCTBridge*, RCTModuleData*, unsigned int, folly::dynamic const&, int, (anonymous namespace)::SchedulingContext) + 444\n\t10  EdotReactNavExample                 0x0000000102a28b2c invocation function for block in facebook::react::RCTNativeModule::invoke(unsigned int, folly::dynamic&&, int) + 108\n\t11  DetoxSync                           0x0000000104a6079c ____detox_sync_dispatch_wrapper_block_invoke + 44\n\t12  libdispatch.dylib                   0x00000001801856a0 _dispatch_call_block_and_release + 24\n\t13  libdispatch.dylib                   0x000000018019fe98 _dispatch_client_callout + 12\n\t14  libdispatch.dylib                   0x000000018018e724 _dispatch_lane_serial_drain + 984\n\t15  libdispatch.dylib                   0x000000018018f1e8 _dispatch_lane_invoke + 396\n\t16  libdispatch.dylib                   0x0000000180199ec0 _dispatch_root_queue_drain_deferred_wlh + 288\n\t17  libdispatch.dylib                   0x0000000180199608 _dispatch_workloop_worker_thread + 692\n\t18  libsystem_pthread.dylib             0x0000000104702b8c _pthread_wqthread + 288\n\t19  libsystem_pthread.dylib             0x000000010470198c start_wqthread + 8\n)"
    },
    "messageId": -10000
  }
23:15:58.185 detox[62039] [90mi[39m get
  data: {"type":"AppWillTerminateWithError","messageId":-10000,"params":{"threadNumber":7,"queueName":"com.facebook.react.ExceptionsManagerQueue","errorDetails":"Signal 6 raised\n(\n\t0   Detox                               0x0000000104d6e2a8 +[NSThread(DetoxUtils) dtx_demangledCallStackSymbols] + 36\n\t1   Detox                               0x0000000104d71c8c __DTXHandleCrash + 568\n\t2   Detox                               0x0000000104d72288 __DTXHandleSignal + 72\n\t3   libsystem_platform.dylib            0x0000000104767700 _sigtramp + 52\n\t4   libsystem_pthread.dylib             0x00000001047062a8 pthread_kill + 264\n\t5   libsystem_c.dylib                   0x000000018017a88c abort + 116\n\t6   libc++abi.dylib                     0x00000001802d07d0 __cxxabiv1::__shim_type_info::~__shim_type_info() + 0\n\t7   libc++abi.dylib                     0x00000001802bd134 std::set_unexpected(void (*)()) + 0\n\t8   libobjc.A.dylib                     0x000000018003f19c _objc_terminate() + 124\n\t9   Detox                               0x0000000104d72720 __dtx_terminate() + 176\n\t10  libc++abi.dylib                     0x00000001802cc790 std::__terminate(void (*)()) + 12\n\t11  libc++abi.dylib                     0x00000001802cf8ec __cxa_rethrow + 128\n\t12  libobjc.A.dylib                     0x00000001800635cc objc_exception_rethrow + 40\n\t13  EdotReactNavExample                 0x0000000102a29110 facebook::react::invokeInner(RCTBridge*, RCTModuleData*, unsigned int, folly::dynamic const&, int, (anonymous namespace)::SchedulingContext) + 1028\n\t14  EdotReactNavExample                 0x0000000102a28b2c invocation function for block in facebook::react::RCTNativeModule::invoke(unsigned int, folly::dynamic&&, int) + 108\n\t15  DetoxSync                           0x0000000104a6079c ____detox_sync_dispatch_wrapper_block_invoke + 44\n\t16  libdispatch.dylib                   0x00000001801856a0 _dispatch_call_block_and_release + 24\n\t17  libdispatch.dylib                   0x000000018019fe98 _dispatch_client_callout + 12\n\t18  libdispatch.dylib                   0x000000018018e724 _dispatch_lane_serial_drain + 984\n\t19  libdispatch.dylib                   0x000000018018f1e8 _dispatch_lane_invoke + 396\n\t20  libdispatch.dylib                   0x0000000180199ec0 _dispatch_root_queue_drain_deferred_wlh + 288\n\t21  libdispatch.dylib                   0x0000000180199608 _dispatch_workloop_worker_thread + 692\n\t22  libsystem_pthread.dylib             0x0000000104702b8c _pthread_wqthread + 288\n\t23  libsystem_pthread.dylib             0x000000010470198c start_wqthread + 8\n)"}}
23:15:58.186 detox[62039] [90mi[39m send
  data: {
    "type": "AppWillTerminateWithError",
    "messageId": -10000,
    "params": {
      "threadNumber": 7,
      "queueName": "com.facebook.react.ExceptionsManagerQueue",
      "errorDetails": "Signal 6 raised\n(\n\t0   Detox                               0x0000000104d6e2a8 +[NSThread(DetoxUtils) dtx_demangledCallStackSymbols] + 36\n\t1   Detox                               0x0000000104d71c8c __DTXHandleCrash + 568\n\t2   Detox                               0x0000000104d72288 __DTXHandleSignal + 72\n\t3   libsystem_platform.dylib            0x0000000104767700 _sigtramp + 52\n\t4   libsystem_pthread.dylib             0x00000001047062a8 pthread_kill + 264\n\t5   libsystem_c.dylib                   0x000000018017a88c abort + 116\n\t6   libc++abi.dylib                     0x00000001802d07d0 __cxxabiv1::__shim_type_info::~__shim_type_info() + 0\n\t7   libc++abi.dylib                     0x00000001802bd134 std::set_unexpected(void (*)()) + 0\n\t8   libobjc.A.dylib                     0x000000018003f19c _objc_terminate() + 124\n\t9   Detox                               0x0000000104d72720 __dtx_terminate() + 176\n\t10  libc++abi.dylib                     0x00000001802cc790 std::__terminate(void (*)()) + 12\n\t11  libc++abi.dylib                     0x00000001802cf8ec __cxa_rethrow + 128\n\t12  libobjc.A.dylib                     0x00000001800635cc objc_exception_rethrow + 40\n\t13  EdotReactNavExample                 0x0000000102a29110 facebook::react::invokeInner(RCTBridge*, RCTModuleData*, unsigned int, folly::dynamic const&, int, (anonymous namespace)::SchedulingContext) + 1028\n\t14  EdotReactNavExample                 0x0000000102a28b2c invocation function for block in facebook::react::RCTNativeModule::invoke(unsigned int, folly::dynamic&&, int) + 108\n\t15  DetoxSync                           0x0000000104a6079c ____detox_sync_dispatch_wrapper_block_invoke + 44\n\t16  libdispatch.dylib                   0x00000001801856a0 _dispatch_call_block_and_release + 24\n\t17  libdispatch.dylib                   0x000000018019fe98 _dispatch_client_callout + 12\n\t18  libdispatch.dylib                   0x000000018018e724 _dispatch_lane_serial_drain + 984\n\t19  libdispatch.dylib                   0x000000018018f1e8 _dispatch_lane_invoke + 396\n\t20  libdispatch.dylib                   0x0000000180199ec0 _dispatch_root_queue_drain_deferred_wlh + 288\n\t21  libdispatch.dylib                   0x0000000180199608 _dispatch_workloop_worker_thread + 692\n\t22  libsystem_pthread.dylib             0x0000000104702b8c _pthread_wqthread + 288\n\t23  libsystem_pthread.dylib             0x000000010470198c start_wqthread + 8\n)"
    }
  }
23:15:58.186 detox[62040] [90mi[39m get message
  data: {"type":"AppWillTerminateWithError","params":{"threadNumber":7,"queueName":"com.facebook.react.ExceptionsManagerQueue","errorDetails":"RCTFatalException: Unhandled JS Exception: Invariant Violation: \"EdotExample\" has not been registered. This can happen if:\n* Metro (the local dev server) is run from the wrong folder. Check if Metro is running, stop it and restart it in the current project.\n* A module failed to load due to an error and `AppRegistry.registerComponent` wasn't called., js engine: hermes\nUnhandled JS Exception: Invariant Violation: \"EdotExample\" has not been registered. This can happen if:\n* Metro (the local dev server) is run from the wrong folder. Check if M..., stack:\ninvariant@2058:25\nrunApplication@16755:29\n__callFunction@2561:37\nanonymous@2368:30\n__guard@2494:14\ncallFunctionReturnFlushedQueue@2367:20\n\n(\n\t0   CoreFoundation                      0x00000001804c180c __exceptionPreprocess + 160\n\t1   libobjc.A.dylib                     0x0000000180063438 objc_exception_throw + 72\n\t2   EdotReactNavExample                 0x00000001029f62b0 RCTFormatError + 0\n\t3   EdotReactNavExample                 0x0000000102a668e0 -[RCTExceptionsManager reportFatal:stack:exceptionId:extraDataAsJSON:] + 476\n\t4   EdotReactNavExample                 0x0000000102a670e4 -[RCTExceptionsManager reportException:] + 1288\n\t5   CoreFoundation                      0x00000001804c80c0 __invoking___ + 144\n\t6   CoreFoundation                      0x00000001804c5320 -[NSInvocation invoke] + 276\n\t7   CoreFoundation                      0x00000001804c55a4 -[NSInvocation invokeWithTarget:] + 60\n\t8   EdotReactNavExample                 0x0000000102a26d10 -[RCTModuleMethod invokeWithBridge:module:arguments:] + 372\n\t9   EdotReactNavExample                 0x0000000102a28ec8 facebook::react::invokeInner(RCTBridge*, RCTModuleData*, unsigned int, folly::dynamic const&, int, (anonymous namespace)::SchedulingContext) + 444\n\t10  EdotReactNavExample                 0x0000000102a28b2c invocation function for block in facebook::react::RCTNativeModule::invoke(unsigned int, folly::dynamic&&, int) + 108\n\t11  DetoxSync                           0x0000000104a6079c ____detox_sync_dispatch_wrapper_block_invoke + 44\n\t12  libdispatch.dylib                   0x00000001801856a0 _dispatch_call_block_and_release + 24\n\t13  libdispatch.dylib                   0x000000018019fe98 _dispatch_client_callout + 12\n\t14  libdispatch.dylib                   0x000000018018e724 _dispatch_lane_serial_drain + 984\n\t15  libdispatch.dylib                   0x000000018018f1e8 _dispatch_lane_invoke + 396\n\t16  libdispatch.dylib                   0x0000000180199ec0 _dispatch_root_queue_drain_deferred_wlh + 288\n\t17  libdispatch.dylib                   0x0000000180199608 _dispatch_workloop_worker_thread + 692\n\t18  libsystem_pthread.dylib             0x0000000104702b8c _pthread_wqthread + 288\n\t19  libsystem_pthread.dylib             0x000000010470198c start_wqthread + 8\n)"},"messageId":-10000}
   
23:15:58.187 detox[62039] [90mi[39m app exited session 8dadc94f-eeb0-ab7a-2813-4ad35e3ba590
23:15:58.187 detox[62039] [90mi[39m send
  data: {
    "type": "appDisconnected"
  }
23:15:58.187 detox[62039] [90mE[39m connection :53256<->:53276
23:15:58.188 detox[62040] [90mi[39m get message
  data: {"type":"AppWillTerminateWithError","messageId":-10000,"params":{"threadNumber":7,"queueName":"com.facebook.react.ExceptionsManagerQueue","errorDetails":"Signal 6 raised\n(\n\t0   Detox                               0x0000000104d6e2a8 +[NSThread(DetoxUtils) dtx_demangledCallStackSymbols] + 36\n\t1   Detox                               0x0000000104d71c8c __DTXHandleCrash + 568\n\t2   Detox                               0x0000000104d72288 __DTXHandleSignal + 72\n\t3   libsystem_platform.dylib            0x0000000104767700 _sigtramp + 52\n\t4   libsystem_pthread.dylib             0x00000001047062a8 pthread_kill + 264\n\t5   libsystem_c.dylib                   0x000000018017a88c abort + 116\n\t6   libc++abi.dylib                     0x00000001802d07d0 __cxxabiv1::__shim_type_info::~__shim_type_info() + 0\n\t7   libc++abi.dylib                     0x00000001802bd134 std::set_unexpected(void (*)()) + 0\n\t8   libobjc.A.dylib                     0x000000018003f19c _objc_terminate() + 124\n\t9   Detox                               0x0000000104d72720 __dtx_terminate() + 176\n\t10  libc++abi.dylib                     0x00000001802cc790 std::__terminate(void (*)()) + 12\n\t11  libc++abi.dylib                     0x00000001802cf8ec __cxa_rethrow + 128\n\t12  libobjc.A.dylib                     0x00000001800635cc objc_exception_rethrow + 40\n\t13  EdotReactNavExample                 0x0000000102a29110 facebook::react::invokeInner(RCTBridge*, RCTModuleData*, unsigned int, folly::dynamic const&, int, (anonymous namespace)::SchedulingContext) + 1028\n\t14  EdotReactNavExample                 0x0000000102a28b2c invocation function for block in facebook::react::RCTNativeModule::invoke(unsigned int, folly::dynamic&&, int) + 108\n\t15  DetoxSync                           0x0000000104a6079c ____detox_sync_dispatch_wrapper_block_invoke + 44\n\t16  libdispatch.dylib                   0x00000001801856a0 _dispatch_call_block_and_release + 24\n\t17  libdispatch.dylib                   0x000000018019fe98 _dispatch_client_callout + 12\n\t18  libdispatch.dylib                   0x000000018018e724 _dispatch_lane_serial_drain + 984\n\t19  libdispatch.dylib                   0x000000018018f1e8 _dispatch_lane_invoke + 396\n\t20  libdispatch.dylib                   0x0000000180199ec0 _dispatch_root_queue_drain_deferred_wlh + 288\n\t21  libdispatch.dylib                   0x0000000180199608 _dispatch_workloop_worker_thread + 692\n\t22  libsystem_pthread.dylib             0x0000000104702b8c _pthread_wqthread + 288\n\t23  libsystem_pthread.dylib             0x000000010470198c start_wqthread + 8\n)"}}
   
23:15:58.188 detox[62040] [90mi[39m get message
  data: {"type":"appDisconnected"}
   
23:15:58.189 detox[62040] [90mE[39m launchApp
  error: The pending request #-1000 ("isReady") has been rejected due to the following error:
  
  The app has crashed, see the details below:
  
  RCTFatalException: Unhandled JS Exception: Invariant Violation: "EdotExample" has not been registered. This can happen if:
  * Metro (the local dev server) is run from the wrong folder. Check if Metro is running, stop it and restart it in the current project.
  * A module failed to load due to an error and `AppRegistry.registerComponent` wasn't called., js engine: hermes
  Unhandled JS Exception: Invariant Violation: "EdotExample" has not been registered. This can happen if:
  * Metro (the local dev server) is run from the wrong folder. Check if M..., stack:
  invariant@2058:25
  runApplication@16755:29
  __callFunction@2561:37
  anonymous@2368:30
  __guard@2494:14
  callFunctionReturnFlushedQueue@2367:20
  
  (
  	0   CoreFoundation                      0x00000001804c180c __exceptionPreprocess + 160
  	1   libobjc.A.dylib                     0x0000000180063438 objc_exception_throw + 72
  	2   EdotReactNavExample                 0x00000001029f62b0 RCTFormatError + 0
  	3   EdotReactNavExample                 0x0000000102a668e0 -[RCTExceptionsManager reportFatal:stack:exceptionId:extraDataAsJSON:] + 476
  	4   EdotReactNavExample                 0x0000000102a670e4 -[RCTExceptionsManager reportException:] + 1288
  	5   CoreFoundation                      0x00000001804c80c0 __invoking___ + 144
  	6   CoreFoundation                      0x00000001804c5320 -[NSInvocation invoke] + 276
  	7   CoreFoundation                      0x00000001804c55a4 -[NSInvocation invokeWithTarget:] + 60
  	8   EdotReactNavExample                 0x0000000102a26d10 -[RCTModuleMethod invokeWithBridge:module:arguments:] + 372
  	9   EdotReactNavExample                 0x0000000102a28ec8 facebook::react::invokeInner(RCTBridge*, RCTModuleData*, unsigned int, folly::dynamic const&, int, (anonymous namespace)::SchedulingContext) + 444
  	10  EdotReactNavExample                 0x0000000102a28b2c invocation function for block in facebook::react::RCTNativeModule::invoke(unsigned int, folly::dynamic&&, int) + 108
  	11  DetoxSync                           0x0000000104a6079c ____detox_sync_dispatch_wrapper_block_invoke + 44
  	12  libdispatch.dylib                   0x00000001801856a0 _dispatch_call_block_and_release + 24
  	13  libdispatch.dylib                   0x000000018019fe98 _dispatch_client_callout + 12
  	14  libdispatch.dylib                   0x000000018018e724 _dispatch_lane_serial_drain + 984
  	15  libdispatch.dylib                   0x000000018018f1e8 _dispatch_lane_invoke + 396
  	16  libdispatch.dylib                   0x0000000180199ec0 _dispatch_root_queue_drain_deferred_wlh + 288
  	17  libdispatch.dylib                   0x0000000180199608 _dispatch_workloop_worker_thread + 692
  	18  libsystem_pthread.dylib             0x0000000104702b8c _pthread_wqthread + 288
  	19  libsystem_pthread.dylib             0x000000010470198c start_wqthread + 8
  )
23:15:58.190 detox[62040] [90mB[39m onHookFailure
  args: ({"error":{"name":"DetoxRuntimeError"},"hook":"beforeAll"})
23:15:58.190 detox[62040] [90mi[39m starting SimulatorScreenshot
23:15:58.191 detox[62040] [90mi[39m /usr/bin/xcrun simctl io B7E9BAD6-0C0D-41EE-BE0C-D49BF485382E screenshot "/private/var/folders/nd/_cs61jn95mx_wzcmldgt15p00000gn/T/detox-62040-3xswA8.detox.png"
23:15:58.493 detox[62040] [90mi[39m Detected file type from extension: PNG
Note: No display specified. Defaulting to display: 1CF89121-203F-41F0-8702-803F5499D5AE (screenID: 1, name: LCD)
Wrote screenshot to: /private/var/folders/nd/_cs61jn95mx_wzcmldgt15p00000gn/T/detox-62040-3xswA8.detox.png

23:15:58.493 detox[62040] [90mi[39m stopping SimulatorScreenshot
23:15:58.493 detox[62040] [90mE[39m onHookFailure
23:15:58.493 detox[62040] [90mE[39m beforeAll
  error: The pending request #-1000 ("isReady") has been rejected due to the following error:
  
  The app has crashed, see the details below:
  
  RCTFatalException: Unhandled JS Exception: Invariant Violation: "EdotExample" has not been registered. This can happen if:
  * Metro (the local dev server) is run from the wrong folder. Check if Metro is running, stop it and restart it in the current project.
  * A module failed to load due to an error and `AppRegistry.registerComponent` wasn't called., js engine: hermes
  Unhandled JS Exception: Invariant Violation: "EdotExample" has not been registered. This can happen if:
  * Metro (the local dev server) is run from the wrong folder. Check if M..., stack:
  invariant@2058:25
  runApplication@16755:29
  __callFunction@2561:37
  anonymous@2368:30
  __guard@2494:14
  callFunctionReturnFlushedQueue@2367:20
  
  (
  	0   CoreFoundation                      0x00000001804c180c __exceptionPreprocess + 160
  	1   libobjc.A.dylib                     0x0000000180063438 objc_exception_throw + 72
  	2   EdotReactNavExample                 0x00000001029f62b0 RCTFormatError + 0
  	3   EdotReactNavExample                 0x0000000102a668e0 -[RCTExceptionsManager reportFatal:stack:exceptionId:extraDataAsJSON:] + 476
  	4   EdotReactNavExample                 0x0000000102a670e4 -[RCTExceptionsManager reportException:] + 1288
  	5   CoreFoundation                      0x00000001804c80c0 __invoking___ + 144
  	6   CoreFoundation                      0x00000001804c5320 -[NSInvocation invoke] + 276
  	7   CoreFoundation                      0x00000001804c55a4 -[NSInvocation invokeWithTarget:] + 60
  	8   EdotReactNavExample                 0x0000000102a26d10 -[RCTModuleMethod invokeWithBridge:module:arguments:] + 372
  	9   EdotReactNavExample                 0x0000000102a28ec8 facebook::react::invokeInner(RCTBridge*, RCTModuleData*, unsigned int, folly::dynamic const&, int, (anonymous namespace)::SchedulingContext) + 444
  	10  EdotReactNavExample                 0x0000000102a28b2c invocation function for block in facebook::react::RCTNativeModule::invoke(unsigned int, folly::dynamic&&, int) + 108
  	11  DetoxSync                           0x0000000104a6079c ____detox_sync_dispatch_wrapper_block_invoke + 44
  	12  libdispatch.dylib                   0x00000001801856a0 _dispatch_call_block_and_release + 24
  	13  libdispatch.dylib                   0x000000018019fe98 _dispatch_client_callout + 12
  	14  libdispatch.dylib                   0x000000018018e724 _dispatch_lane_serial_drain + 984
  	15  libdispatch.dylib                   0x000000018018f1e8 _dispatch_lane_invoke + 396
  	16  libdispatch.dylib                   0x0000000180199ec0 _dispatch_root_queue_drain_deferred_wlh + 288
  	17  libdispatch.dylib                   0x0000000180199608 _dispatch_workloop_worker_thread + 692
  	18  libsystem_pthread.dylib             0x0000000104702b8c _pthread_wqthread + 288
  	19  libsystem_pthread.dylib             0x000000010470198c start_wqthread + 8
  )
23:15:58.493 detox[62040] [90mB[39m Tab Navigation
23:15:58.493 detox[62040] [90mB[39m onRunDescribeStart
  args: ({"name":"Tab Navigation"})
23:15:58.493 detox[62040] [90mE[39m onRunDescribeStart
23:15:58.494 detox[62040] [90mB[39m shows bottom tabs
23:15:58.494 detox[62040] [90mi[39m React Navigation Example > Tab Navigation: shows bottom tabs
23:15:58.495 detox[62040] [90mE[39m shows bottom tabs
23:15:58.495 detox[62040] [90mi[39m React Navigation Example > Tab Navigation: shows bottom tabs [FAIL]
23:15:58.495 detox[62040] [90mB[39m switches to Demos tab
23:15:58.495 detox[62040] [90mi[39m React Navigation Example > Tab Navigation: switches to Demos tab
23:15:58.496 detox[62040] [90mE[39m switches to Demos tab
23:15:58.496 detox[62040] [90mi[39m React Navigation Example > Tab Navigation: switches to Demos tab [FAIL]
23:15:58.496 detox[62040] [90mB[39m switches to Settings tab
23:15:58.496 detox[62040] [90mi[39m React Navigation Example > Tab Navigation: switches to Settings tab
23:15:58.496 detox[62040] [90mE[39m switches to Settings tab
23:15:58.496 detox[62040] [90mi[39m React Navigation Example > Tab Navigation: switches to Settings tab [FAIL]
23:15:58.496 detox[62040] [90mB[39m switches back to Home tab
23:15:58.496 detox[62040] [90mi[39m React Navigation Example > Tab Navigation: switches back to Home tab
23:15:58.496 detox[62040] [90mE[39m switches back to Home tab
23:15:58.496 detox[62040] [90mi[39m React Navigation Example > Tab Navigation: switches back to Home tab [FAIL]
23:15:58.497 detox[62040] [90mB[39m onRunDescribeFinish
  args: ({"name":"Tab Navigation"})
23:15:58.497 detox[62040] [90mE[39m onRunDescribeFinish
23:15:58.497 detox[62040] [90mE[39m Tab Navigation
23:15:58.497 detox[62040] [90mB[39m Home Screen
23:15:58.497 detox[62040] [90mB[39m onRunDescribeStart
  args: ({"name":"Home Screen"})
23:15:58.497 detox[62040] [90mE[39m onRunDescribeStart
23:15:58.497 detox[62040] [90mB[39m shows SDK status and session
23:15:58.497 detox[62040] [90mi[39m React Navigation Example > Home Screen: shows SDK status and session
23:15:58.497 detox[62040] [90mE[39m shows SDK status and session
23:15:58.497 detox[62040] [90mi[39m React Navigation Example > Home Screen: shows SDK status and session [FAIL]
23:15:58.497 detox[62040] [90mB[39m taps user and attribute buttons
23:15:58.497 detox[62040] [90mi[39m React Navigation Example > Home Screen: taps user and attribute buttons
23:15:58.497 detox[62040] [90mE[39m taps user and attribute buttons
23:15:58.497 detox[62040] [90mi[39m React Navigation Example > Home Screen: taps user and attribute buttons [FAIL]
23:15:58.497 detox[62040] [90mB[39m onRunDescribeFinish
  args: ({"name":"Home Screen"})
23:15:58.498 detox[62040] [90mE[39m onRunDescribeFinish
23:15:58.498 detox[62040] [90mE[39m Home Screen
23:15:58.498 detox[62040] [90mB[39m Demo Screens
23:15:58.498 detox[62040] [90mB[39m onRunDescribeStart
  args: ({"name":"Demo Screens"})
23:15:58.498 detox[62040] [90mE[39m onRunDescribeStart
23:15:58.498 detox[62040] [90mB[39m beforeAll
23:15:58.498 detox[62040] [90mB[39m tap
  data: {
    "type": "action",
    "action": "tap",
    "predicate": {
      "type": "id",
      "value": "tab-demos",
      "isRegex": false
    }
  }
23:15:58.499 detox[62040] [90mE[39m tap
  error: The app has crashed, see the details below:
  
  RCTFatalException: Unhandled JS Exception: Invariant Violation: "EdotExample" has not been registered. This can happen if:
  * Metro (the local dev server) is run from the wrong folder. Check if Metro is running, stop it and restart it in the current project.
  * A module failed to load due to an error and `AppRegistry.registerComponent` wasn't called., js engine: hermes
  Unhandled JS Exception: Invariant Violation: "EdotExample" has not been registered. This can happen if:
  * Metro (the local dev server) is run from the wrong folder. Check if M..., stack:
  invariant@2058:25
  runApplication@16755:29
  __callFunction@2561:37
  anonymous@2368:30
  __guard@2494:14
  callFunctionReturnFlushedQueue@2367:20
  
  (
  	0   CoreFoundation                      0x00000001804c180c __exceptionPreprocess + 160
  	1   libobjc.A.dylib                     0x0000000180063438 objc_exception_throw + 72
  	2   EdotReactNavExample                 0x00000001029f62b0 RCTFormatError + 0
  	3   EdotReactNavExample                 0x0000000102a668e0 -[RCTExceptionsManager reportFatal:stack:exceptionId:extraDataAsJSON:] + 476
  	4   EdotReactNavExample                 0x0000000102a670e4 -[RCTExceptionsManager reportException:] + 1288
  	5   CoreFoundation                      0x00000001804c80c0 __invoking___ + 144
  	6   CoreFoundation                      0x00000001804c5320 -[NSInvocation invoke] + 276
  	7   CoreFoundation                      0x00000001804c55a4 -[NSInvocation invokeWithTarget:] + 60
  	8   EdotReactNavExample                 0x0000000102a26d10 -[RCTModuleMethod invokeWithBridge:module:arguments:] + 372
  	9   EdotReactNavExample                 0x0000000102a28ec8 facebook::react::invokeInner(RCTBridge*, RCTModuleData*, unsigned int, folly::dynamic const&, int, (anonymous namespace)::SchedulingContext) + 444
  	10  EdotReactNavExample                 0x0000000102a28b2c invocation function for block in facebook::react::RCTNativeModule::invoke(unsigned int, folly::dynamic&&, int) + 108
  	11  DetoxSync                           0x0000000104a6079c ____detox_sync_dispatch_wrapper_block_invoke + 44
  	12  libdispatch.dylib                   0x00000001801856a0 _dispatch_call_block_and_release + 24
  	13  libdispatch.dylib                   0x000000018019fe98 _dispatch_client_callout + 12
  	14  libdispatch.dylib                   0x000000018018e724 _dispatch_lane_serial_drain + 984
  	15  libdispatch.dylib                   0x000000018018f1e8 _dispatch_lane_invoke + 396
  	16  libdispatch.dylib                   0x0000000180199ec0 _dispatch_root_queue_drain_deferred_wlh + 288
  	17  libdispatch.dylib                   0x0000000180199608 _dispatch_workloop_worker_thread + 692
  	18  libsystem_pthread.dylib             0x0000000104702b8c _pthread_wqthread + 288
  	19  libsystem_pthread.dylib             0x000000010470198c start_wqthread + 8
  )
23:15:58.499 detox[62040] [90mB[39m onHookFailure
  args: ({"error":{"name":"DetoxRuntimeError"},"hook":"beforeAll"})
23:15:58.499 detox[62040] [90mi[39m starting SimulatorScreenshot
23:15:58.499 detox[62040] [90mi[39m /usr/bin/xcrun simctl io B7E9BAD6-0C0D-41EE-BE0C-D49BF485382E screenshot "/private/var/folders/nd/_cs61jn95mx_wzcmldgt15p00000gn/T/detox-62040-vbUPzu.detox.png"
23:15:58.747 detox[62040] [90mi[39m Detected file type from extension: PNG
Note: No display specified. Defaulting to display: 1CF89121-203F-41F0-8702-803F5499D5AE (screenID: 1, name: LCD)
Wrote screenshot to: /private/var/folders/nd/_cs61jn95mx_wzcmldgt15p00000gn/T/detox-62040-vbUPzu.detox.png

23:15:58.748 detox[62040] [90mi[39m stopping SimulatorScreenshot
23:15:58.748 detox[62040] [90mE[39m onHookFailure
23:15:58.748 detox[62040] [90mE[39m beforeAll
  error: The app has crashed, see the details below:
  
  RCTFatalException: Unhandled JS Exception: Invariant Violation: "EdotExample" has not been registered. This can happen if:
  * Metro (the local dev server) is run from the wrong folder. Check if Metro is running, stop it and restart it in the current project.
  * A module failed to load due to an error and `AppRegistry.registerComponent` wasn't called., js engine: hermes
  Unhandled JS Exception: Invariant Violation: "EdotExample" has not been registered. This can happen if:
  * Metro (the local dev server) is run from the wrong folder. Check if M..., stack:
  invariant@2058:25
  runApplication@16755:29
  __callFunction@2561:37
  anonymous@2368:30
  __guard@2494:14
  callFunctionReturnFlushedQueue@2367:20
  
  (
  	0   CoreFoundation                      0x00000001804c180c __exceptionPreprocess + 160
  	1   libobjc.A.dylib                     0x0000000180063438 objc_exception_throw + 72
  	2   EdotReactNavExample                 0x00000001029f62b0 RCTFormatError + 0
  	3   EdotReactNavExample                 0x0000000102a668e0 -[RCTExceptionsManager reportFatal:stack:exceptionId:extraDataAsJSON:] + 476
  	4   EdotReactNavExample                 0x0000000102a670e4 -[RCTExceptionsManager reportException:] + 1288
  	5   CoreFoundation                      0x00000001804c80c0 __invoking___ + 144
  	6   CoreFoundation                      0x00000001804c5320 -[NSInvocation invoke] + 276
  	7   CoreFoundation                      0x00000001804c55a4 -[NSInvocation invokeWithTarget:] + 60
  	8   EdotReactNavExample                 0x0000000102a26d10 -[RCTModuleMethod invokeWithBridge:module:arguments:] + 372
  	9   EdotReactNavExample                 0x0000000102a28ec8 facebook::react::invokeInner(RCTBridge*, RCTModuleData*, unsigned int, folly::dynamic const&, int, (anonymous namespace)::SchedulingContext) + 444
  	10  EdotReactNavExample                 0x0000000102a28b2c invocation function for block in facebook::react::RCTNativeModule::invoke(unsigned int, folly::dynamic&&, int) + 108
  	11  DetoxSync                           0x0000000104a6079c ____detox_sync_dispatch_wrapper_block_invoke + 44
  	12  libdispatch.dylib                   0x00000001801856a0 _dispatch_call_block_and_release + 24
  	13  libdispatch.dylib                   0x000000018019fe98 _dispatch_client_callout + 12
  	14  libdispatch.dylib                   0x000000018018e724 _dispatch_lane_serial_drain + 984
  	15  libdispatch.dylib                   0x000000018018f1e8 _dispatch_lane_invoke + 396
  	16  libdispatch.dylib                   0x0000000180199ec0 _dispatch_root_queue_drain_deferred_wlh + 288
  	17  libdispatch.dylib                   0x0000000180199608 _dispatch_workloop_worker_thread + 692
  	18  libsystem_pthread.dylib             0x0000000104702b8c _pthread_wqthread + 288
  	19  libsystem_pthread.dylib             0x000000010470198c start_wqthread + 8
  )
23:15:58.748 detox[62040] [90mB[39m navigates to Network demo and interacts
23:15:58.748 detox[62040] [90mi[39m React Navigation Example > Demo Screens: navigates to Network demo and interacts
23:15:58.749 detox[62040] [90mE[39m navigates to Network demo and interacts
23:15:58.749 detox[62040] [90mi[39m React Navigation Example > Demo Screens: navigates to Network demo and interacts [FAIL]
23:15:58.749 detox[62040] [90mB[39m navigates to Tracing demo and interacts
23:15:58.749 detox[62040] [90mi[39m React Navigation Example > Demo Screens: navigates to Tracing demo and interacts
23:15:58.749 detox[62040] [90mE[39m navigates to Tracing demo and interacts
23:15:58.749 detox[62040] [90mi[39m React Navigation Example > Demo Screens: navigates to Tracing demo and interacts [FAIL]
23:15:58.750 detox[62040] [90mB[39m navigates to Metrics demo and interacts
23:15:58.750 detox[62040] [90mi[39m React Navigation Example > Demo Screens: navigates to Metrics demo and interacts
23:15:58.750 detox[62040] [90mE[39m navigates to Metrics demo and interacts
23:15:58.750 detox[62040] [90mi[39m React Navigation Example > Demo Screens: navigates to Metrics demo and interacts [FAIL]
23:15:58.750 detox[62040] [90mB[39m navigates to Logs demo and interacts
23:15:58.750 detox[62040] [90mi[39m React Navigation Example > Demo Screens: navigates to Logs demo and interacts
23:15:58.750 detox[62040] [90mE[39m navigates to Logs demo and interacts
23:15:58.750 detox[62040] [90mi[39m React Navigation Example > Demo Screens: navigates to Logs demo and interacts [FAIL]
23:15:58.751 detox[62040] [90mB[39m navigates to Error demo and interacts
23:15:58.751 detox[62040] [90mi[39m React Navigation Example > Demo Screens: navigates to Error demo and interacts
23:15:58.751 detox[62040] [90mE[39m navigates to Error demo and interacts
23:15:58.751 detox[62040] [90mi[39m React Navigation Example > Demo Screens: navigates to Error demo and interacts [FAIL]
23:15:58.751 detox[62040] [90mB[39m onRunDescribeFinish
  args: ({"name":"Demo Screens"})
23:15:58.751 detox[62040] [90mE[39m onRunDescribeFinish
23:15:58.751 detox[62040] [90mE[39m Demo Screens
23:15:58.751 detox[62040] [90mB[39m onRunDescribeFinish
  args: ({"name":"React Navigation Example"})
23:15:58.751 detox[62040] [90mE[39m onRunDescribeFinish
23:15:58.751 detox[62040] [90mE[39m React Navigation Example
23:15:58.751 detox[62040] [90mB[39m onRunDescribeFinish
  args: ({"name":"ROOT_DESCRIBE_BLOCK"})
23:15:58.751 detox[62040] [90mE[39m onRunDescribeFinish
23:15:58.751 detox[62040] [90mE[39m run the tests
23:15:58.779 detox[62040] [90mB[39m tear down environment
23:15:58.779 detox[62040] [90mB[39m onBeforeCleanup
  args: ()
23:15:58.780 detox[62040] [90mi[39m saving SimulatorScreenshot to: artifacts/ios.sim.release.2026-04-10 16-15-49Z/beforeAllFailure.png
23:15:58.780 detox[62040] [90mi[39m moving "/private/var/folders/nd/_cs61jn95mx_wzcmldgt15p00000gn/T/detox-62040-vbUPzu.detox.png" to artifacts/ios.sim.release.2026-04-10 16-15-49Z/beforeAllFailure.png
23:15:58.781 detox[62040] [90mi[39m saving SimulatorLogRecording to: artifacts/ios.sim.release.2026-04-10 16-15-49Z/B7E9BAD6-0C0D-41EE-BE0C-D49BF485382E 2026-04-10 16-15-58Z.startup.log
23:15:58.781 detox[62040] [90mi[39m stopping SimulatorLogRecording
23:15:58.834 detox[62040] [90mi[39m sending SIGINT to: /usr/bin/xcrun simctl spawn B7E9BAD6-0C0D-41EE-BE0C-D49BF485382E log stream --level debug --style compact --predicate processImagePath beginsWith "/Users/nonth/Library/Developer/CoreSimulator/Devices/B7E9BAD6-0C0D-41EE-BE0C-D49BF485382E/data/Containers/Bundle/Application/43CB7367-89F3-41D5-B6F9-CE230A6CA31F/EdotReactNavExample.app"
23:15:58.842 detox[62040] [90mi[39m /usr/bin/xcrun simctl spawn B7E9BAD6-0C0D-41EE-BE0C-D49BF485382E log stream --level debug --style compact --predicate "processImagePath beginsWith \"/Users/nonth/Library/Developer/CoreSimulator/Devices/B7E9BAD6-0C0D-41EE-BE0C-D49BF485382E/data/Containers/Bundle/Application/43CB7367-89F3-41D5-B6F9-CE230A6CA31F/EdotReactNavExample.app\"" exited with code #0
23:15:58.843 detox[62040] [90mi[39m moving "/private/var/folders/nd/_cs61jn95mx_wzcmldgt15p00000gn/T/detox-62040-u6Ur7v.detox.log" to artifacts/ios.sim.release.2026-04-10 16-15-49Z/B7E9BAD6-0C0D-41EE-BE0C-D49BF485382E 2026-04-10 16-15-58Z.startup.log
23:15:58.844 detox[62040] [90mi[39m saving FileArtifact to: artifacts/ios.sim.release.2026-04-10 16-15-49Z/detox_pid_62040.json.log { append: true }
23:15:58.844 detox[62040] [90mi[39m saving FileArtifact to: artifacts/ios.sim.release.2026-04-10 16-15-49Z/detox_pid_62040.log { append: true }
23:15:58.844 detox[62040] [90mE[39m onBeforeCleanup
23:15:58.846 detox[62039] [90mi[39m tester exited session 8dadc94f-eeb0-ab7a-2813-4ad35e3ba590
23:15:58.846 detox[62039] [90mE[39m connection :53256<->:53263
23:15:58.846 detox[62039] [90mi[39m received event of :  deallocateDevice {
  deviceCookie: {
    id: 'B7E9BAD6-0C0D-41EE-BE0C-D49BF485382E',
    udid: 'B7E9BAD6-0C0D-41EE-BE0C-D49BF485382E',
    type: 'ios.simulator'
  }
}
23:15:58.846 detox[62039] [90mB[39m free: B7E9BAD6-0C0D-41EE-BE0C-D49BF485382E
  data: {}
23:15:58.846 detox[62040] [90mi[39m dispatching event to  primary-62039 /tmp/detox.primary-62039  :  deallocateDevice , {
  deviceCookie: {
    id: 'B7E9BAD6-0C0D-41EE-BE0C-D49BF485382E',
    udid: 'B7E9BAD6-0C0D-41EE-BE0C-D49BF485382E',
    type: 'ios.simulator'
  }
}
23:15:58.847 detox[62039] [90mE[39m free: B7E9BAD6-0C0D-41EE-BE0C-D49BF485382E
23:15:58.847 detox[62039] [90mi[39m dispatching event to socket  :  deallocateDeviceDone {}
23:15:58.847 detox[62040] [90mi[39m ## received events ##
23:15:58.847 detox[62040] [90mi[39m detected event deallocateDeviceDone {}
23:15:58.847 detox[62040] [90mE[39m tear down environment
23:15:58.847 detox[62040] [90mE[39m e2e/app.test.js
23:15:58.852 detox[62039] [90mi[39m received event of :  reportTestResults {
  testResults: [
    {
      success: false,
      testFilePath: '/Users/nonth/Projects/playground/react-native/edot-react-native-sdk/example/react-navigation/e2e/app.test.js',
      isPermanentFailure: false
    }
  ]
}
23:15:58.852 detox[62039] [90mi[39m dispatching event to socket  :  reportTestResultsDone {
  testResults: [
    {
      success: false,
      testFilePath: '/Users/nonth/Projects/playground/react-native/edot-react-native-sdk/example/react-navigation/e2e/app.test.js',
      isPermanentFailure: false
    }
  ]
}
23:15:58.852 detox[62039] [90mi[39m broadcasting event to all known sockets listening to  /tmp/detox.primary-62039  :   sessionStateUpdate {
  testResults: [
    {
      success: false,
      testFilePath: '/Users/nonth/Projects/playground/react-native/edot-react-native-sdk/example/react-navigation/e2e/app.test.js',
      isPermanentFailure: false
    }
  ]
}
23:15:58.852 detox[62040] [90mi[39m dispatching event to  primary-62039 /tmp/detox.primary-62039  :  reportTestResults , {
  testResults: [
    {
      success: false,
      testFilePath: '/Users/nonth/Projects/playground/react-native/edot-react-native-sdk/example/react-navigation/e2e/app.test.js',
      testExecError: undefined,
      isPermanentFailure: false
    }
  ]
}
23:15:58.852 detox[62040] [90mi[39m ## received events ##
23:15:58.852 detox[62040] [90mi[39m detected event reportTestResultsDone {
  testResults: [
    {
      success: false,
      testFilePath: '/Users/nonth/Projects/playground/react-native/edot-react-native-sdk/example/react-navigation/e2e/app.test.js',
      isPermanentFailure: false
    }
  ]
}
23:15:58.854 detox[62039] [90mi[39m socket disconnected secondary-62040
23:15:58.854 detox[62040] [90mi[39m connection closed primary-62039 /tmp/detox.primary-62039 0 tries remaining of 0
23:15:58.854 detox[62040] [90mi[39m secondary-62040 exceeded connection rety amount of  or stopRetrying flag set.
23:15:58.966 detox[62039] [90mE[39m Command failed with exit code = 1:
jest --config e2e/jest.config.js e2e
23:15:58.967 detox[62039] [90mB[39m cleanup
  args: ()
23:15:58.969 detox[62039] [90mE[39m cleanup
23:15:58.970 detox[62039] [90mi[39m Detox server has been closed gracefully
23:15:58.971 detox[62039] [90mE[39m node_modules/detox/local-cli/cli.js test --configuration ios.sim.release
