23:17:00.552 detox[62413] B node_modules/detox/local-cli/cli.js test --configuration ios.sim.release
  data: {
    "id": "0469020f-81dd-a330-e367-ea4e04280402",
    "detoxConfig": {
      "configurationName": "ios.sim.release",
      "apps": {
        "default": {
          "type": "ios.app",
          "binaryPath": "ios/build/Build/Products/Release-iphonesimulator/EdotReactNavExample.app",
          "build": "xcodebuild -workspace ios/EdotReactNavExample.xcworkspace -scheme EdotReactNavExample -configuration Release -sdk iphonesimulator -destination 'platform=iOS Simulator,name=iPhone 17 Pro,OS=26.4' -derivedDataPath ios/build"
        }
      },
      "artifacts": {
        "rootDir": "artifacts/ios.sim.release.2026-04-10 16-17-00Z",
        "plugins": {
          "log": {
            "enabled": true,
            "keepOnlyFailedTestsArtifacts": false
          },
          "screenshot": {
            "enabled": true,
            "shouldTakeAutomaticSnapshots": true,
            "keepOnlyFailedTestsArtifacts": true
          },
          "video": {
            "enabled": true,
            "keepOnlyFailedTestsArtifacts": true
          },
          "instruments": {
            "enabled": false,
            "keepOnlyFailedTestsArtifacts": false
          },
          "uiHierarchy": {
            "enabled": false,
            "keepOnlyFailedTestsArtifacts": false
          }
        }
      },
      "behavior": {
        "init": {
          "keepLockFile": false,
          "reinstallApp": true,
          "exposeGlobals": true
        },
        "cleanup": {
          "shutdownDevice": false
        },
        "launchApp": "auto"
      },
      "cli": {
        "configuration": "ios.sim.release",
        "start": true
      },
      "commands": [
        {
          "appName": "default",
          "build": "xcodebuild -workspace ios/EdotReactNavExample.xcworkspace -scheme EdotReactNavExample -configuration Release -sdk iphonesimulator -destination 'platform=iOS Simulator,name=iPhone 17 Pro,OS=26.4' -derivedDataPath ios/build"
        }
      ],
      "device": {
        "type": "ios.simulator",
        "device": {
          "type": "iPhone 17 Pro"
        }
      },
      "logger": {
        "level": "info",
        "overrideConsole": true,
        "options": {
          "showLoggerName": true,
          "showPid": true,
          "showLevel": false,
          "showMetadata": false,
          "basepath": "/Users/nonth/Projects/playground/react-native/edot-react-native-sdk/example/react-navigation/node_modules/detox/src",
          "prefixers": {},
          "stringifiers": {}
        }
      },
      "testRunner": {
        "retries": 0,
        "forwardEnv": false,
        "detached": false,
        "bail": false,
        "noRetryArgs": [
          "shard"
        ],
        "jest": {
          "setupTimeout": 300000,
          "teardownTimeout": 30000,
          "retryAfterCircusRetries": false,
          "reportWorkerAssign": true
        },
        "args": {
          "$0": "jest",
          "_": [
            "e2e"
          ],
          "config": "e2e/jest.config.js",
          "--": []
        },
        "$0": "jest"
      },
      "session": {
        "autoStart": true,
        "debugSynchronization": 10000
      }
    },
    "detoxIPCServer": "primary-62413",
    "testResults": [],
    "testSessionIndex": 0,
    "workersCount": 0
  }
23:17:00.555 detox[62413] i Server path not specified, so defaulting to ipc.config.socketRoot + ipc.config.appspace + ipc.config.id /tmp/detox.primary-62413
23:17:00.556 detox[62413] i starting server on  /tmp/detox.primary-62413 
23:17:00.556 detox[62413] i starting TLS server false
23:17:00.557 detox[62413] i starting server as Unix || Windows Socket
23:17:00.558 detox[62413] i Detox server listening on localhost:53310...
23:17:00.560 detox[62413] i Serialized the session state at: /private/var/folders/nd/_cs61jn95mx_wzcmldgt15p00000gn/T/0469020f-81dd-a330-e367-ea4e04280402.detox.json
23:17:00.560 detox[62413] B jest --config e2e/jest.config.js e2e
23:17:00.562 detox[62413] i (node:62413) [DEP0190] DeprecationWarning: Passing args to a child process with shell option true can lead to security vulnerabilities, as the arguments are not escaped, only concatenated.
(Use `node --trace-deprecation ...` to show where the warning was created)
23:17:01.220 detox[62414] i Service path not specified, so defaulting to ipc.config.socketRoot + ipc.config.appspace + id 
23:17:01.222 detox[62414] i requested connection to  primary-62413 /tmp/detox.primary-62413
23:17:01.222 detox[62414] i Connecting client on Unix Socket : /tmp/detox.primary-62413
23:17:01.223 detox[62413] i ## socket connection to server detected ##
23:17:01.224 detox[62413] i received event of :  registerContext { id: 'secondary-62414' }
23:17:01.224 detox[62414] i retrying reset
23:17:01.224 detox[62414] i dispatching event to  primary-62413 /tmp/detox.primary-62413  :  registerContext , { id: 'secondary-62414' }
23:17:01.225 detox[62413] i dispatching event to socket  :  registerContextDone {
  testResults: [],
  testSessionIndex: 0,
  unsafe_earlyTeardown: undefined
}
23:17:01.225 detox[62414] i ## received events ##
23:17:01.225 detox[62414] i detected event registerContextDone { testResults: [], testSessionIndex: 0 }
23:17:01.267 detox[62414] B e2e/app.test.js
23:17:01.275 detox[62414] B set up environment
23:17:01.276 detox[62413] i received event of :  registerWorker { workerId: 'w1' }
23:17:01.276 detox[62413] i dispatching event to socket  :  registerWorkerDone { workersCount: 1 }
23:17:01.276 detox[62413] i broadcasting event to all known sockets listening to  /tmp/detox.primary-62413  :   sessionStateUpdate { workersCount: 1 }
23:17:01.276 detox[62414] i dispatching event to  primary-62413 /tmp/detox.primary-62413  :  registerWorker , { workerId: 'w1' }
23:17:01.277 detox[62414] i ## received events ##
23:17:01.277 detox[62414] i detected event registerWorkerDone { workersCount: 1 }
23:17:01.355 detox[62414] i ## received events ##
23:17:01.355 detox[62414] i detected event sessionStateUpdate { workersCount: 1 }
23:17:01.358 detox[62413] B connection :53310<->:53311
23:17:01.359 detox[62414] i opened web socket to: ws://localhost:53310
23:17:01.360 detox[62414] i send message
  data: {"type":"login","params":{"sessionId":"ecab3496-c307-6afd-65e5-8afcb9b68772","role":"tester"},"messageId":0}
23:17:01.361 detox[62413] i get
  data: {"type":"login","params":{"sessionId":"ecab3496-c307-6afd-65e5-8afcb9b68772","role":"tester"},"messageId":0}
23:17:01.361 detox[62413] i created session ecab3496-c307-6afd-65e5-8afcb9b68772
23:17:01.361 detox[62413] i send
  data: {
    "type": "loginSuccess",
    "params": {
      "testerConnected": true,
      "appConnected": false
    },
    "messageId": 0
  }
23:17:01.361 detox[62413] i tester joined session ecab3496-c307-6afd-65e5-8afcb9b68772
23:17:01.362 detox[62414] i get message
  data: {"type":"loginSuccess","params":{"testerConnected":true,"appConnected":false},"messageId":0}
   
23:17:01.474 detox[62413] i received event of :  allocateDevice {
  deviceConfig: { type: 'ios.simulator', device: { type: 'iPhone 17 Pro' } }
}
23:17:01.474 detox[62414] i dispatching event to  primary-62413 /tmp/detox.primary-62413  :  allocateDevice , {
  deviceConfig: { type: 'ios.simulator', device: { type: 'iPhone 17 Pro' } }
}
23:17:01.477 detox[62413] B init
  args: ()
23:17:01.478 detox[62413] E init
23:17:01.478 detox[62413] B allocate
  data: {
    "type": "ios.simulator",
    "device": {
      "type": "iPhone 17 Pro"
    }
  }
23:17:01.488 detox[62413] i applesimutils --list --byType "iPhone 17 Pro" --fields udid,name,deviceType,os,identifier
23:17:01.488 detox[62413] i Searching for device by type = "iPhone 17 Pro" ...
23:17:01.667 detox[62413] i [
  {
    "os" : {
      "name" : "iOS 26.4",
      "identifier" : "com.apple.CoreSimulator.SimRuntime.iOS-26-4"
    },
    "name" : "iPhone 17 Pro",
    "udid" : "B7E9BAD6-0C0D-41EE-BE0C-D49BF485382E",
    "deviceType" : {
      "name" : "iPhone 17 Pro",
      "identifier" : "com.apple.CoreSimulator.SimDeviceType.iPhone-17-Pro"
    }
  }
]

23:17:01.670 detox[62413] i settled on B7E9BAD6-0C0D-41EE-BE0C-D49BF485382E
  data: {
    "id": "B7E9BAD6-0C0D-41EE-BE0C-D49BF485382E",
    "udid": "B7E9BAD6-0C0D-41EE-BE0C-D49BF485382E"
  }
23:17:01.670 detox[62413] E allocate
23:17:01.670 detox[62413] B post-allocate: B7E9BAD6-0C0D-41EE-BE0C-D49BF485382E
  data: {
    "id": "B7E9BAD6-0C0D-41EE-BE0C-D49BF485382E",
    "udid": "B7E9BAD6-0C0D-41EE-BE0C-D49BF485382E"
  }
23:17:01.670 detox[62413] i applesimutils --list --byId B7E9BAD6-0C0D-41EE-BE0C-D49BF485382E --maxResults 1 --fields udid,os,version,state
23:17:01.846 detox[62413] i [
  {
    "state" : "Booted",
    "os" : {
      "version" : "26.4"
    },
    "udid" : "B7E9BAD6-0C0D-41EE-BE0C-D49BF485382E"
  }
]

23:17:01.847 detox[62413] E post-allocate: B7E9BAD6-0C0D-41EE-BE0C-D49BF485382E
23:17:01.847 detox[62413] i dispatching event to socket  :  allocateDeviceDone {
  deviceCookie: {
    id: 'B7E9BAD6-0C0D-41EE-BE0C-D49BF485382E',
    udid: 'B7E9BAD6-0C0D-41EE-BE0C-D49BF485382E',
    type: 'ios.simulator',
    bootArgs: undefined,
    headless: undefined
  }
}
23:17:01.847 detox[62414] i ## received events ##
23:17:01.847 detox[62414] i detected event allocateDeviceDone {
  deviceCookie: {
    id: 'B7E9BAD6-0C0D-41EE-BE0C-D49BF485382E',
    udid: 'B7E9BAD6-0C0D-41EE-BE0C-D49BF485382E',
    type: 'ios.simulator'
  }
}
23:17:01.853 detox[62414] B onBootDevice
  args: ({"deviceId":"B7E9BAD6-0C0D-41EE-BE0C-D49BF485382E"})
23:17:01.853 detox[62414] E onBootDevice
23:17:01.854 detox[62414] B installUtilBinaries
  args: ()
23:17:01.854 detox[62414] E installUtilBinaries
23:17:01.854 detox[62414] B selectApp
  args: ("default")
23:17:01.862 detox[62414] E selectApp
23:17:01.862 detox[62414] B uninstallApp
  args: ()
23:17:01.862 detox[62414] B onBeforeUninstallApp
  args: ({"deviceId":"B7E9BAD6-0C0D-41EE-BE0C-D49BF485382E","bundleId":"com.edot.reactnavexample"})
23:17:01.862 detox[62414] E onBeforeUninstallApp
23:17:01.862 detox[62414] i /usr/bin/xcrun simctl uninstall B7E9BAD6-0C0D-41EE-BE0C-D49BF485382E com.edot.reactnavexample
23:17:01.862 detox[62414] i Uninstalling com.edot.reactnavexample...
23:17:02.075 detox[62414] i com.edot.reactnavexample uninstalled
23:17:02.075 detox[62414] E uninstallApp
23:17:02.076 detox[62414] B selectApp
  args: ("default")
23:17:02.076 detox[62414] B terminateApp
  args: ()
23:17:02.076 detox[62414] B onBeforeTerminateApp
  args: ({"deviceId":"B7E9BAD6-0C0D-41EE-BE0C-D49BF485382E","bundleId":"com.edot.reactnavexample"})
23:17:02.076 detox[62414] E onBeforeTerminateApp
23:17:02.076 detox[62414] i /usr/bin/xcrun simctl terminate B7E9BAD6-0C0D-41EE-BE0C-D49BF485382E com.edot.reactnavexample
23:17:02.076 detox[62414] i Terminating com.edot.reactnavexample...
23:17:03.237 detox[62414] i An error was encountered processing the command (domain=NSPOSIXErrorDomain, code=3):
Simulator device failed to terminate com.edot.reactnavexample.
found nothing to terminate
Underlying error (domain=NSPOSIXErrorDomain, code=3):
	The request to terminate "com.edot.reactnavexample" failed. found nothing to terminate
	found nothing to terminate

23:17:03.237 detox[62414] i Terminating com.edot.reactnavexample...
23:17:03.408 detox[62414] i "/usr/bin/xcrun simctl terminate B7E9BAD6-0C0D-41EE-BE0C-D49BF485382E com.edot.reactnavexample" failed with error = Error: Command failed: /usr/bin/xcrun simctl terminate B7E9BAD6-0C0D-41EE-BE0C-D49BF485382E com.edot.reactnavexample
An error was encountered processing the command (domain=NSPOSIXErrorDomain, code=3):
Simulator device failed to terminate com.edot.reactnavexample.
found nothing to terminate
Underlying error (domain=NSPOSIXErrorDomain, code=3):
	The request to terminate "com.edot.reactnavexample" failed. found nothing to terminate
	found nothing to terminate
 (code=3), stdout and stderr:

23:17:03.408 detox[62414] i 
23:17:03.408 detox[62414] i An error was encountered processing the command (domain=NSPOSIXErrorDomain, code=3):
Simulator device failed to terminate com.edot.reactnavexample.
found nothing to terminate
Underlying error (domain=NSPOSIXErrorDomain, code=3):
	The request to terminate "com.edot.reactnavexample" failed. found nothing to terminate
	found nothing to terminate

23:17:03.408 detox[62414] B onTerminateApp
  args: ({"deviceId":"B7E9BAD6-0C0D-41EE-BE0C-D49BF485382E","bundleId":"com.edot.reactnavexample"})
23:17:03.408 detox[62414] E onTerminateApp
23:17:03.408 detox[62414] E terminateApp
23:17:03.408 detox[62414] E selectApp
23:17:03.408 detox[62414] B installApp
  args: ()
23:17:03.408 detox[62414] i /usr/bin/xcrun simctl install B7E9BAD6-0C0D-41EE-BE0C-D49BF485382E "/Users/nonth/Projects/playground/react-native/edot-react-native-sdk/example/react-navigation/ios/build/Build/Products/Release-iphonesimulator/EdotReactNavExample.app"
23:17:03.408 detox[62414] i Installing /Users/nonth/Projects/playground/react-native/edot-react-native-sdk/example/react-navigation/ios/build/Build/Products/Release-iphonesimulator/EdotReactNavExample.app...
23:17:03.821 detox[62414] i /Users/nonth/Projects/playground/react-native/edot-react-native-sdk/example/react-navigation/ios/build/Build/Products/Release-iphonesimulator/EdotReactNavExample.app installed
23:17:03.821 detox[62414] E installApp
23:17:03.821 detox[62414] B selectApp
  args: ("default")
23:17:03.821 detox[62414] B terminateApp
  args: ()
23:17:03.822 detox[62414] B onBeforeTerminateApp
  args: ({"deviceId":"B7E9BAD6-0C0D-41EE-BE0C-D49BF485382E","bundleId":"com.edot.reactnavexample"})
23:17:03.822 detox[62414] E onBeforeTerminateApp
23:17:03.822 detox[62414] i /usr/bin/xcrun simctl terminate B7E9BAD6-0C0D-41EE-BE0C-D49BF485382E com.edot.reactnavexample
23:17:03.822 detox[62414] i Terminating com.edot.reactnavexample...
23:17:04.979 detox[62414] i An error was encountered processing the command (domain=NSPOSIXErrorDomain, code=3):
Simulator device failed to terminate com.edot.reactnavexample.
found nothing to terminate
Underlying error (domain=NSPOSIXErrorDomain, code=3):
	The request to terminate "com.edot.reactnavexample" failed. found nothing to terminate
	found nothing to terminate

23:17:04.979 detox[62414] i Terminating com.edot.reactnavexample...
23:17:05.140 detox[62414] i "/usr/bin/xcrun simctl terminate B7E9BAD6-0C0D-41EE-BE0C-D49BF485382E com.edot.reactnavexample" failed with error = Error: Command failed: /usr/bin/xcrun simctl terminate B7E9BAD6-0C0D-41EE-BE0C-D49BF485382E com.edot.reactnavexample
An error was encountered processing the command (domain=NSPOSIXErrorDomain, code=3):
Simulator device failed to terminate com.edot.reactnavexample.
found nothing to terminate
Underlying error (domain=NSPOSIXErrorDomain, code=3):
	The request to terminate "com.edot.reactnavexample" failed. found nothing to terminate
	found nothing to terminate
 (code=3), stdout and stderr:

23:17:05.140 detox[62414] i 
23:17:05.140 detox[62414] i An error was encountered processing the command (domain=NSPOSIXErrorDomain, code=3):
Simulator device failed to terminate com.edot.reactnavexample.
found nothing to terminate
Underlying error (domain=NSPOSIXErrorDomain, code=3):
	The request to terminate "com.edot.reactnavexample" failed. found nothing to terminate
	found nothing to terminate

23:17:05.140 detox[62414] B onTerminateApp
  args: ({"deviceId":"B7E9BAD6-0C0D-41EE-BE0C-D49BF485382E","bundleId":"com.edot.reactnavexample"})
23:17:05.140 detox[62414] E onTerminateApp
23:17:05.140 detox[62414] E terminateApp
23:17:05.140 detox[62414] E selectApp
23:17:05.140 detox[62414] E set up environment
23:17:05.234 detox[62414] i app.test.js is assigned to B7E9BAD6-0C0D-41EE-BE0C-D49BF485382E (iPhone 17 Pro)
23:17:05.234 detox[62414] B run the tests
23:17:05.234 detox[62414] B onRunDescribeStart
  args: ({"name":"ROOT_DESCRIBE_BLOCK"})
23:17:05.234 detox[62414] E onRunDescribeStart
23:17:05.235 detox[62414] B React Navigation Example
23:17:05.235 detox[62414] B onRunDescribeStart
  args: ({"name":"React Navigation Example"})
23:17:05.235 detox[62414] E onRunDescribeStart
23:17:05.235 detox[62414] B beforeAll
23:17:05.238 detox[62414] B launchApp
  args: ({"newInstance":true})
23:17:05.238 detox[62414] B terminateApp
  args: ("com.edot.reactnavexample")
23:17:05.238 detox[62414] B onBeforeTerminateApp
  args: ({"deviceId":"B7E9BAD6-0C0D-41EE-BE0C-D49BF485382E","bundleId":"com.edot.reactnavexample"})
23:17:05.238 detox[62414] E onBeforeTerminateApp
23:17:05.238 detox[62414] i /usr/bin/xcrun simctl terminate B7E9BAD6-0C0D-41EE-BE0C-D49BF485382E com.edot.reactnavexample
23:17:05.238 detox[62414] i Terminating com.edot.reactnavexample...
23:17:06.379 detox[62414] i An error was encountered processing the command (domain=NSPOSIXErrorDomain, code=3):
Simulator device failed to terminate com.edot.reactnavexample.
found nothing to terminate
Underlying error (domain=NSPOSIXErrorDomain, code=3):
	The request to terminate "com.edot.reactnavexample" failed. found nothing to terminate
	found nothing to terminate

23:17:06.379 detox[62414] i Terminating com.edot.reactnavexample...
23:17:06.551 detox[62414] i "/usr/bin/xcrun simctl terminate B7E9BAD6-0C0D-41EE-BE0C-D49BF485382E com.edot.reactnavexample" failed with error = Error: Command failed: /usr/bin/xcrun simctl terminate B7E9BAD6-0C0D-41EE-BE0C-D49BF485382E com.edot.reactnavexample
An error was encountered processing the command (domain=NSPOSIXErrorDomain, code=3):
Simulator device failed to terminate com.edot.reactnavexample.
found nothing to terminate
Underlying error (domain=NSPOSIXErrorDomain, code=3):
	The request to terminate "com.edot.reactnavexample" failed. found nothing to terminate
	found nothing to terminate
 (code=3), stdout and stderr:

23:17:06.551 detox[62414] i 
23:17:06.551 detox[62414] i An error was encountered processing the command (domain=NSPOSIXErrorDomain, code=3):
Simulator device failed to terminate com.edot.reactnavexample.
found nothing to terminate
Underlying error (domain=NSPOSIXErrorDomain, code=3):
	The request to terminate "com.edot.reactnavexample" failed. found nothing to terminate
	found nothing to terminate

23:17:06.551 detox[62414] B onTerminateApp
  args: ({"deviceId":"B7E9BAD6-0C0D-41EE-BE0C-D49BF485382E","bundleId":"com.edot.reactnavexample"})
23:17:06.551 detox[62414] E onTerminateApp
23:17:06.551 detox[62414] E terminateApp
23:17:06.551 detox[62414] B onBeforeLaunchApp
  args: ({"bundleId":"com.edot.reactnavexample","deviceId":"B7E9BAD6-0C0D-41EE-BE0C-D49BF485382E","launchArgs":{"detoxServer":"ws://localhost:53310","detoxSessionId":"ecab3496-c307-6afd-65e5-8afcb9b68772"}})
23:17:06.552 detox[62414] i starting SimulatorLogRecording {
  udid: 'B7E9BAD6-0C0D-41EE-BE0C-D49BF485382E',
  bundleId: 'com.edot.reactnavexample'
}
23:17:06.552 detox[62414] i /usr/bin/xcrun simctl get_app_container B7E9BAD6-0C0D-41EE-BE0C-D49BF485382E com.edot.reactnavexample
23:17:06.717 detox[62414] i /Users/nonth/Library/Developer/CoreSimulator/Devices/B7E9BAD6-0C0D-41EE-BE0C-D49BF485382E/data/Containers/Bundle/Application/7E0351E9-5CA1-4A70-985B-5F2CD1F625FA/EdotReactNavExample.app

23:17:06.719 detox[62414] i /usr/bin/xcrun simctl spawn B7E9BAD6-0C0D-41EE-BE0C-D49BF485382E log stream --level debug --style compact --predicate "processImagePath beginsWith \"/Users/nonth/Library/Developer/CoreSimulator/Devices/B7E9BAD6-0C0D-41EE-BE0C-D49BF485382E/data/Containers/Bundle/Application/7E0351E9-5CA1-4A70-985B-5F2CD1F625FA/EdotReactNavExample.app\""
23:17:06.769 detox[62414] E onBeforeLaunchApp
23:17:06.769 detox[62414] i SIMCTL_CHILD_GULGeneratedClassDisposeDisabled=YES SIMCTL_CHILD_DYLD_INSERT_LIBRARIES="/Users/nonth/Library/Detox/ios/framework/85bef8b40f077a4ae6cc1c8766fac177a9481e11/Detox.framework/Detox" /usr/bin/xcrun simctl launch B7E9BAD6-0C0D-41EE-BE0C-D49BF485382E com.edot.reactnavexample --args -detoxServer ws://localhost:53310 -detoxSessionId ecab3496-c307-6afd-65e5-8afcb9b68772 -detoxDebugVisibility YES -detoxDisableHierarchyDump YES
23:17:06.769 detox[62414] i Launching com.edot.reactnavexample...
23:17:07.095 detox[62414] i com.edot.reactnavexample: 62524

23:17:07.095 detox[62414] i /usr/bin/xcrun simctl get_app_container B7E9BAD6-0C0D-41EE-BE0C-D49BF485382E com.edot.reactnavexample
23:17:07.266 detox[62414] i /Users/nonth/Library/Developer/CoreSimulator/Devices/B7E9BAD6-0C0D-41EE-BE0C-D49BF485382E/data/Containers/Bundle/Application/7E0351E9-5CA1-4A70-985B-5F2CD1F625FA/EdotReactNavExample.app

23:17:07.272 detox[62414] i com.edot.reactnavexample launched. To watch simulator logs, run:
        /usr/bin/xcrun simctl spawn B7E9BAD6-0C0D-41EE-BE0C-D49BF485382E log stream --level debug --style compact --predicate 'process == "EdotReactNavExample"'
23:17:07.273 detox[62414] B onLaunchApp
  args: ({"bundleId":"com.edot.reactnavexample","deviceId":"B7E9BAD6-0C0D-41EE-BE0C-D49BF485382E","launchArgs":{"detoxServer":"ws://localhost:53310","detoxSessionId":"ecab3496-c307-6afd-65e5-8afcb9b68772","detoxDebugVisibility":"YES","detoxDisableHierarchyDump":"YES"},"pid":62524})
23:17:07.273 detox[62414] E onLaunchApp
23:17:07.515 detox[62413] B connection :53310<->:53314
23:17:07.953 detox[62413] i get
  data: {"messageId":0,"type":"login","params":{"role":"app","sessionId":"ecab3496-c307-6afd-65e5-8afcb9b68772"}}
23:17:07.954 detox[62413] i send
  data: {
    "messageId": 0,
    "type": "loginSuccess",
    "params": {
      "testerConnected": true,
      "appConnected": true
    }
  }
23:17:07.954 detox[62413] i app joined session ecab3496-c307-6afd-65e5-8afcb9b68772
23:17:07.954 detox[62413] i send
  data: {
    "type": "appConnected"
  }
23:17:07.954 detox[62414] i get message
  data: {"type":"appConnected"}
   
23:17:07.955 detox[62413] i get
  data: {"type":"isReady","params":{},"messageId":-1000}
23:17:07.955 detox[62413] i send
  data: {
    "type": "isReady",
    "params": {},
    "messageId": -1000
  }
23:17:07.955 detox[62414] i send message
  data: {"type":"isReady","params":{},"messageId":-1000}
23:17:08.039 detox[62413] i get
  data: {"params":{"errorDetails":"RCTFatalException: Unhandled JS Exception: Invariant Violation: \"EdotExample\" has not been registered. This can happen if:\n* Metro (the local dev server) is run from the wrong folder. Check if Metro is running, stop it and restart it in the current project.\n* A module failed to load due to an error and `AppRegistry.registerComponent` wasn't called., js engine: hermes\nUnhandled JS Exception: Invariant Violation: \"EdotExample\" has not been registered. This can happen if:\n* Metro (the local dev server) is run from the wrong folder. Check if M..., stack:\ninvariant@2058:25\nrunApplication@16755:29\n__callFunction@2561:37\nanonymous@2368:30\n__guard@2494:14\ncallFunctionReturnFlushedQueue@2367:20\n\n(\n\t0   CoreFoundation                      0x00000001804c180c __exceptionPreprocess + 160\n\t1   libobjc.A.dylib                     0x0000000180063438 objc_exception_throw + 72\n\t2   EdotReactNavExample                 0x00000001050462b0 RCTFormatError + 0\n\t3   EdotReactNavExample                 0x00000001050b68e0 -[RCTExceptionsManager reportFatal:stack:exceptionId:extraDataAsJSON:] + 476\n\t4   EdotReactNavExample                 0x00000001050b70e4 -[RCTExceptionsManager reportException:] + 1288\n\t5   CoreFoundation                      0x00000001804c80c0 __invoking___ + 144\n\t6   CoreFoundation                      0x00000001804c5320 -[NSInvocation invoke] + 276\n\t7   CoreFoundation                      0x00000001804c55a4 -[NSInvocation invokeWithTarget:] + 60\n\t8   EdotReactNavExample                 0x0000000105076d10 -[RCTModuleMethod invokeWithBridge:module:arguments:] + 372\n\t9   EdotReactNavExample                 0x0000000105078ec8 facebook::react::invokeInner(RCTBridge*, RCTModuleData*, unsigned int, folly::dynamic const&, int, (anonymous namespace)::SchedulingContext) + 444\n\t10  EdotReactNavExample                 0x0000000105078b2c invocation function for block in facebook::react::RCTNativeModule::invoke(unsigned int, folly::dynamic&&, int) + 108\n\t11  DetoxSync                           0x0000000106f6879c ____detox_sync_dispatch_wrapper_block_invoke + 44\n\t12  libdispatch.dylib                   0x00000001801856a0 _dispatch_call_block_and_release + 24\n\t13  libdispatch.dylib                   0x000000018019fe98 _dispatch_client_callout + 12\n\t14  libdispatch.dylib                   0x000000018018e724 _dispatch_lane_serial_drain + 984\n\t15  libdispatch.dylib                   0x000000018018f1e8 _dispatch_lane_invoke + 396\n\t16  libdispatch.dylib                   0x0000000180199ec0 _dispatch_root_queue_drain_deferred_wlh + 288\n\t17  libdispatch.dylib                   0x0000000180199608 _dispatch_workloop_worker_thread + 692\n\t18  libsystem_pthread.dylib             0x0000000106d52b8c _pthread_wqthread + 288\n\t19  libsystem_pthread.dylib             0x0000000106d5198c start_wqthread + 8\n)","threadNumber":8,"queueName":"com.facebook.react.ExceptionsManagerQueue"},"type":"AppWillTerminateWithError","messageId":-10000}
23:17:08.039 detox[62413] i send
  data: {
    "params": {
      "errorDetails": "RCTFatalException: Unhandled JS Exception: Invariant Violation: \"EdotExample\" has not been registered. This can happen if:\n* Metro (the local dev server) is run from the wrong folder. Check if Metro is running, stop it and restart it in the current project.\n* A module failed to load due to an error and `AppRegistry.registerComponent` wasn't called., js engine: hermes\nUnhandled JS Exception: Invariant Violation: \"EdotExample\" has not been registered. This can happen if:\n* Metro (the local dev server) is run from the wrong folder. Check if M..., stack:\ninvariant@2058:25\nrunApplication@16755:29\n__callFunction@2561:37\nanonymous@2368:30\n__guard@2494:14\ncallFunctionReturnFlushedQueue@2367:20\n\n(\n\t0   CoreFoundation                      0x00000001804c180c __exceptionPreprocess + 160\n\t1   libobjc.A.dylib                     0x0000000180063438 objc_exception_throw + 72\n\t2   EdotReactNavExample                 0x00000001050462b0 RCTFormatError + 0\n\t3   EdotReactNavExample                 0x00000001050b68e0 -[RCTExceptionsManager reportFatal:stack:exceptionId:extraDataAsJSON:] + 476\n\t4   EdotReactNavExample                 0x00000001050b70e4 -[RCTExceptionsManager reportException:] + 1288\n\t5   CoreFoundation                      0x00000001804c80c0 __invoking___ + 144\n\t6   CoreFoundation                      0x00000001804c5320 -[NSInvocation invoke] + 276\n\t7   CoreFoundation                      0x00000001804c55a4 -[NSInvocation invokeWithTarget:] + 60\n\t8   EdotReactNavExample                 0x0000000105076d10 -[RCTModuleMethod invokeWithBridge:module:arguments:] + 372\n\t9   EdotReactNavExample                 0x0000000105078ec8 facebook::react::invokeInner(RCTBridge*, RCTModuleData*, unsigned int, folly::dynamic const&, int, (anonymous namespace)::SchedulingContext) + 444\n\t10  EdotReactNavExample                 0x0000000105078b2c invocation function for block in facebook::react::RCTNativeModule::invoke(unsigned int, folly::dynamic&&, int) + 108\n\t11  DetoxSync                           0x0000000106f6879c ____detox_sync_dispatch_wrapper_block_invoke + 44\n\t12  libdispatch.dylib                   0x00000001801856a0 _dispatch_call_block_and_release + 24\n\t13  libdispatch.dylib                   0x000000018019fe98 _dispatch_client_callout + 12\n\t14  libdispatch.dylib                   0x000000018018e724 _dispatch_lane_serial_drain + 984\n\t15  libdispatch.dylib                   0x000000018018f1e8 _dispatch_lane_invoke + 396\n\t16  libdispatch.dylib                   0x0000000180199ec0 _dispatch_root_queue_drain_deferred_wlh + 288\n\t17  libdispatch.dylib                   0x0000000180199608 _dispatch_workloop_worker_thread + 692\n\t18  libsystem_pthread.dylib             0x0000000106d52b8c _pthread_wqthread + 288\n\t19  libsystem_pthread.dylib             0x0000000106d5198c start_wqthread + 8\n)",
      "threadNumber": 8,
      "queueName": "com.facebook.react.ExceptionsManagerQueue"
    },
    "type": "AppWillTerminateWithError",
    "messageId": -10000
  }
23:17:08.041 detox[62414] i get message
  data: {"params":{"errorDetails":"RCTFatalException: Unhandled JS Exception: Invariant Violation: \"EdotExample\" has not been registered. This can happen if:\n* Metro (the local dev server) is run from the wrong folder. Check if Metro is running, stop it and restart it in the current project.\n* A module failed to load due to an error and `AppRegistry.registerComponent` wasn't called., js engine: hermes\nUnhandled JS Exception: Invariant Violation: \"EdotExample\" has not been registered. This can happen if:\n* Metro (the local dev server) is run from the wrong folder. Check if M..., stack:\ninvariant@2058:25\nrunApplication@16755:29\n__callFunction@2561:37\nanonymous@2368:30\n__guard@2494:14\ncallFunctionReturnFlushedQueue@2367:20\n\n(\n\t0   CoreFoundation                      0x00000001804c180c __exceptionPreprocess + 160\n\t1   libobjc.A.dylib                     0x0000000180063438 objc_exception_throw + 72\n\t2   EdotReactNavExample                 0x00000001050462b0 RCTFormatError + 0\n\t3   EdotReactNavExample                 0x00000001050b68e0 -[RCTExceptionsManager reportFatal:stack:exceptionId:extraDataAsJSON:] + 476\n\t4   EdotReactNavExample                 0x00000001050b70e4 -[RCTExceptionsManager reportException:] + 1288\n\t5   CoreFoundation                      0x00000001804c80c0 __invoking___ + 144\n\t6   CoreFoundation                      0x00000001804c5320 -[NSInvocation invoke] + 276\n\t7   CoreFoundation                      0x00000001804c55a4 -[NSInvocation invokeWithTarget:] + 60\n\t8   EdotReactNavExample                 0x0000000105076d10 -[RCTModuleMethod invokeWithBridge:module:arguments:] + 372\n\t9   EdotReactNavExample                 0x0000000105078ec8 facebook::react::invokeInner(RCTBridge*, RCTModuleData*, unsigned int, folly::dynamic const&, int, (anonymous namespace)::SchedulingContext) + 444\n\t10  EdotReactNavExample                 0x0000000105078b2c invocation function for block in facebook::react::RCTNativeModule::invoke(unsigned int, folly::dynamic&&, int) + 108\n\t11  DetoxSync                           0x0000000106f6879c ____detox_sync_dispatch_wrapper_block_invoke + 44\n\t12  libdispatch.dylib                   0x00000001801856a0 _dispatch_call_block_and_release + 24\n\t13  libdispatch.dylib                   0x000000018019fe98 _dispatch_client_callout + 12\n\t14  libdispatch.dylib                   0x000000018018e724 _dispatch_lane_serial_drain + 984\n\t15  libdispatch.dylib                   0x000000018018f1e8 _dispatch_lane_invoke + 396\n\t16  libdispatch.dylib                   0x0000000180199ec0 _dispatch_root_queue_drain_deferred_wlh + 288\n\t17  libdispatch.dylib                   0x0000000180199608 _dispatch_workloop_worker_thread + 692\n\t18  libsystem_pthread.dylib             0x0000000106d52b8c _pthread_wqthread + 288\n\t19  libsystem_pthread.dylib             0x0000000106d5198c start_wqthread + 8\n)","threadNumber":8,"queueName":"com.facebook.react.ExceptionsManagerQueue"},"type":"AppWillTerminateWithError","messageId":-10000}
   
23:17:08.043 detox[62413] i get
  data: {"type":"AppWillTerminateWithError","params":{"errorDetails":"Signal 6 raised\n(\n\t0   Detox                               0x00000001074de2a8 +[NSThread(DetoxUtils) dtx_demangledCallStackSymbols] + 36\n\t1   Detox                               0x00000001074e1c8c __DTXHandleCrash + 568\n\t2   Detox                               0x00000001074e2288 __DTXHandleSignal + 72\n\t3   libsystem_platform.dylib            0x0000000106db7700 _sigtramp + 52\n\t4   libsystem_pthread.dylib             0x0000000106d562a8 pthread_kill + 264\n\t5   libsystem_c.dylib                   0x000000018017a88c abort + 116\n\t6   libc++abi.dylib                     0x00000001802d07d0 __cxxabiv1::__shim_type_info::~__shim_type_info() + 0\n\t7   libc++abi.dylib                     0x00000001802bd134 std::set_unexpected(void (*)()) + 0\n\t8   libobjc.A.dylib                     0x000000018003f19c _objc_terminate() + 124\n\t9   Detox                               0x00000001074e2720 __dtx_terminate() + 176\n\t10  libc++abi.dylib                     0x00000001802cc790 std::__terminate(void (*)()) + 12\n\t11  libc++abi.dylib                     0x00000001802cf8ec __cxa_rethrow + 128\n\t12  libobjc.A.dylib                     0x00000001800635cc objc_exception_rethrow + 40\n\t13  EdotReactNavExample                 0x0000000105079110 facebook::react::invokeInner(RCTBridge*, RCTModuleData*, unsigned int, folly::dynamic const&, int, (anonymous namespace)::SchedulingContext) + 1028\n\t14  EdotReactNavExample                 0x0000000105078b2c invocation function for block in facebook::react::RCTNativeModule::invoke(unsigned int, folly::dynamic&&, int) + 108\n\t15  DetoxSync                           0x0000000106f6879c ____detox_sync_dispatch_wrapper_block_invoke + 44\n\t16  libdispatch.dylib                   0x00000001801856a0 _dispatch_call_block_and_release + 24\n\t17  libdispatch.dylib                   0x000000018019fe98 _dispatch_client_callout + 12\n\t18  libdispatch.dylib                   0x000000018018e724 _dispatch_lane_serial_drain + 984\n\t19  libdispatch.dylib                   0x000000018018f1e8 _dispatch_lane_invoke + 396\n\t20  libdispatch.dylib                   0x0000000180199ec0 _dispatch_root_queue_drain_deferred_wlh + 288\n\t21  libdispatch.dylib                   0x0000000180199608 _dispatch_workloop_worker_thread + 692\n\t22  libsystem_pthread.dylib             0x0000000106d52b8c _pthread_wqthread + 288\n\t23  libsystem_pthread.dylib             0x0000000106d5198c start_wqthread + 8\n)","threadNumber":8,"queueName":"com.facebook.react.ExceptionsManagerQueue"},"messageId":-10000}
23:17:08.043 detox[62413] i send
  data: {
    "type": "AppWillTerminateWithError",
    "params": {
      "errorDetails": "Signal 6 raised\n(\n\t0   Detox                               0x00000001074de2a8 +[NSThread(DetoxUtils) dtx_demangledCallStackSymbols] + 36\n\t1   Detox                               0x00000001074e1c8c __DTXHandleCrash + 568\n\t2   Detox                               0x00000001074e2288 __DTXHandleSignal + 72\n\t3   libsystem_platform.dylib            0x0000000106db7700 _sigtramp + 52\n\t4   libsystem_pthread.dylib             0x0000000106d562a8 pthread_kill + 264\n\t5   libsystem_c.dylib                   0x000000018017a88c abort + 116\n\t6   libc++abi.dylib                     0x00000001802d07d0 __cxxabiv1::__shim_type_info::~__shim_type_info() + 0\n\t7   libc++abi.dylib                     0x00000001802bd134 std::set_unexpected(void (*)()) + 0\n\t8   libobjc.A.dylib                     0x000000018003f19c _objc_terminate() + 124\n\t9   Detox                               0x00000001074e2720 __dtx_terminate() + 176\n\t10  libc++abi.dylib                     0x00000001802cc790 std::__terminate(void (*)()) + 12\n\t11  libc++abi.dylib                     0x00000001802cf8ec __cxa_rethrow + 128\n\t12  libobjc.A.dylib                     0x00000001800635cc objc_exception_rethrow + 40\n\t13  EdotReactNavExample                 0x0000000105079110 facebook::react::invokeInner(RCTBridge*, RCTModuleData*, unsigned int, folly::dynamic const&, int, (anonymous namespace)::SchedulingContext) + 1028\n\t14  EdotReactNavExample                 0x0000000105078b2c invocation function for block in facebook::react::RCTNativeModule::invoke(unsigned int, folly::dynamic&&, int) + 108\n\t15  DetoxSync                           0x0000000106f6879c ____detox_sync_dispatch_wrapper_block_invoke + 44\n\t16  libdispatch.dylib                   0x00000001801856a0 _dispatch_call_block_and_release + 24\n\t17  libdispatch.dylib                   0x000000018019fe98 _dispatch_client_callout + 12\n\t18  libdispatch.dylib                   0x000000018018e724 _dispatch_lane_serial_drain + 984\n\t19  libdispatch.dylib                   0x000000018018f1e8 _dispatch_lane_invoke + 396\n\t20  libdispatch.dylib                   0x0000000180199ec0 _dispatch_root_queue_drain_deferred_wlh + 288\n\t21  libdispatch.dylib                   0x0000000180199608 _dispatch_workloop_worker_thread + 692\n\t22  libsystem_pthread.dylib             0x0000000106d52b8c _pthread_wqthread + 288\n\t23  libsystem_pthread.dylib             0x0000000106d5198c start_wqthread + 8\n)",
      "threadNumber": 8,
      "queueName": "com.facebook.react.ExceptionsManagerQueue"
    },
    "messageId": -10000
  }
23:17:08.045 detox[62414] i get message
  data: {"type":"AppWillTerminateWithError","params":{"errorDetails":"Signal 6 raised\n(\n\t0   Detox                               0x00000001074de2a8 +[NSThread(DetoxUtils) dtx_demangledCallStackSymbols] + 36\n\t1   Detox                               0x00000001074e1c8c __DTXHandleCrash + 568\n\t2   Detox                               0x00000001074e2288 __DTXHandleSignal + 72\n\t3   libsystem_platform.dylib            0x0000000106db7700 _sigtramp + 52\n\t4   libsystem_pthread.dylib             0x0000000106d562a8 pthread_kill + 264\n\t5   libsystem_c.dylib                   0x000000018017a88c abort + 116\n\t6   libc++abi.dylib                     0x00000001802d07d0 __cxxabiv1::__shim_type_info::~__shim_type_info() + 0\n\t7   libc++abi.dylib                     0x00000001802bd134 std::set_unexpected(void (*)()) + 0\n\t8   libobjc.A.dylib                     0x000000018003f19c _objc_terminate() + 124\n\t9   Detox                               0x00000001074e2720 __dtx_terminate() + 176\n\t10  libc++abi.dylib                     0x00000001802cc790 std::__terminate(void (*)()) + 12\n\t11  libc++abi.dylib                     0x00000001802cf8ec __cxa_rethrow + 128\n\t12  libobjc.A.dylib                     0x00000001800635cc objc_exception_rethrow + 40\n\t13  EdotReactNavExample                 0x0000000105079110 facebook::react::invokeInner(RCTBridge*, RCTModuleData*, unsigned int, folly::dynamic const&, int, (anonymous namespace)::SchedulingContext) + 1028\n\t14  EdotReactNavExample                 0x0000000105078b2c invocation function for block in facebook::react::RCTNativeModule::invoke(unsigned int, folly::dynamic&&, int) + 108\n\t15  DetoxSync                           0x0000000106f6879c ____detox_sync_dispatch_wrapper_block_invoke + 44\n\t16  libdispatch.dylib                   0x00000001801856a0 _dispatch_call_block_and_release + 24\n\t17  libdispatch.dylib                   0x000000018019fe98 _dispatch_client_callout + 12\n\t18  libdispatch.dylib                   0x000000018018e724 _dispatch_lane_serial_drain + 984\n\t19  libdispatch.dylib                   0x000000018018f1e8 _dispatch_lane_invoke + 396\n\t20  libdispatch.dylib                   0x0000000180199ec0 _dispatch_root_queue_drain_deferred_wlh + 288\n\t21  libdispatch.dylib                   0x0000000180199608 _dispatch_workloop_worker_thread + 692\n\t22  libsystem_pthread.dylib             0x0000000106d52b8c _pthread_wqthread + 288\n\t23  libsystem_pthread.dylib             0x0000000106d5198c start_wqthread + 8\n)","threadNumber":8,"queueName":"com.facebook.react.ExceptionsManagerQueue"},"messageId":-10000}
   
23:17:08.049 detox[62413] i app exited session ecab3496-c307-6afd-65e5-8afcb9b68772
23:17:08.049 detox[62413] i send
  data: {
    "type": "appDisconnected"
  }
23:17:08.049 detox[62413] E connection :53310<->:53314
23:17:08.049 detox[62414] i get message
  data: {"type":"appDisconnected"}
   
23:17:08.050 detox[62414] E launchApp
  error: The pending request #-1000 ("isReady") has been rejected due to the following error:
  
  The app has crashed, see the details below:
  
  RCTFatalException: Unhandled JS Exception: Invariant Violation: "EdotExample" has not been registered. This can happen if:
  * Metro (the local dev server) is run from the wrong folder. Check if Metro is running, stop it and restart it in the current project.
  * A module failed to load due to an error and `AppRegistry.registerComponent` wasn't called., js engine: hermes
  Unhandled JS Exception: Invariant Violation: "EdotExample" has not been registered. This can happen if:
  * Metro (the local dev server) is run from the wrong folder. Check if M..., stack:
  invariant@2058:25
  runApplication@16755:29
  __callFunction@2561:37
  anonymous@2368:30
  __guard@2494:14
  callFunctionReturnFlushedQueue@2367:20
  
  (
  	0   CoreFoundation                      0x00000001804c180c __exceptionPreprocess + 160
  	1   libobjc.A.dylib                     0x0000000180063438 objc_exception_throw + 72
  	2   EdotReactNavExample                 0x00000001050462b0 RCTFormatError + 0
  	3   EdotReactNavExample                 0x00000001050b68e0 -[RCTExceptionsManager reportFatal:stack:exceptionId:extraDataAsJSON:] + 476
  	4   EdotReactNavExample                 0x00000001050b70e4 -[RCTExceptionsManager reportException:] + 1288
  	5   CoreFoundation                      0x00000001804c80c0 __invoking___ + 144
  	6   CoreFoundation                      0x00000001804c5320 -[NSInvocation invoke] + 276
  	7   CoreFoundation                      0x00000001804c55a4 -[NSInvocation invokeWithTarget:] + 60
  	8   EdotReactNavExample                 0x0000000105076d10 -[RCTModuleMethod invokeWithBridge:module:arguments:] + 372
  	9   EdotReactNavExample                 0x0000000105078ec8 facebook::react::invokeInner(RCTBridge*, RCTModuleData*, unsigned int, folly::dynamic const&, int, (anonymous namespace)::SchedulingContext) + 444
  	10  EdotReactNavExample                 0x0000000105078b2c invocation function for block in facebook::react::RCTNativeModule::invoke(unsigned int, folly::dynamic&&, int) + 108
  	11  DetoxSync                           0x0000000106f6879c ____detox_sync_dispatch_wrapper_block_invoke + 44
  	12  libdispatch.dylib                   0x00000001801856a0 _dispatch_call_block_and_release + 24
  	13  libdispatch.dylib                   0x000000018019fe98 _dispatch_client_callout + 12
  	14  libdispatch.dylib                   0x000000018018e724 _dispatch_lane_serial_drain + 984
  	15  libdispatch.dylib                   0x000000018018f1e8 _dispatch_lane_invoke + 396
  	16  libdispatch.dylib                   0x0000000180199ec0 _dispatch_root_queue_drain_deferred_wlh + 288
  	17  libdispatch.dylib                   0x0000000180199608 _dispatch_workloop_worker_thread + 692
  	18  libsystem_pthread.dylib             0x0000000106d52b8c _pthread_wqthread + 288
  	19  libsystem_pthread.dylib             0x0000000106d5198c start_wqthread + 8
  )
23:17:08.050 detox[62414] B onHookFailure
  args: ({"error":{"name":"DetoxRuntimeError"},"hook":"beforeAll"})
23:17:08.050 detox[62414] i starting SimulatorScreenshot
23:17:08.051 detox[62414] i /usr/bin/xcrun simctl io B7E9BAD6-0C0D-41EE-BE0C-D49BF485382E screenshot "/private/var/folders/nd/_cs61jn95mx_wzcmldgt15p00000gn/T/detox-62414-5oCbe9.detox.png"
23:17:08.306 detox[62414] i Detected file type from extension: PNG
Note: No display specified. Defaulting to display: 1CF89121-203F-41F0-8702-803F5499D5AE (screenID: 1, name: LCD)
Wrote screenshot to: /private/var/folders/nd/_cs61jn95mx_wzcmldgt15p00000gn/T/detox-62414-5oCbe9.detox.png

23:17:08.306 detox[62414] i stopping SimulatorScreenshot
23:17:08.306 detox[62414] E onHookFailure
23:17:08.306 detox[62414] E beforeAll
  error: The pending request #-1000 ("isReady") has been rejected due to the following error:
  
  The app has crashed, see the details below:
  
  RCTFatalException: Unhandled JS Exception: Invariant Violation: "EdotExample" has not been registered. This can happen if:
  * Metro (the local dev server) is run from the wrong folder. Check if Metro is running, stop it and restart it in the current project.
  * A module failed to load due to an error and `AppRegistry.registerComponent` wasn't called., js engine: hermes
  Unhandled JS Exception: Invariant Violation: "EdotExample" has not been registered. This can happen if:
  * Metro (the local dev server) is run from the wrong folder. Check if M..., stack:
  invariant@2058:25
  runApplication@16755:29
  __callFunction@2561:37
  anonymous@2368:30
  __guard@2494:14
  callFunctionReturnFlushedQueue@2367:20
  
  (
  	0   CoreFoundation                      0x00000001804c180c __exceptionPreprocess + 160
  	1   libobjc.A.dylib                     0x0000000180063438 objc_exception_throw + 72
  	2   EdotReactNavExample                 0x00000001050462b0 RCTFormatError + 0
  	3   EdotReactNavExample                 0x00000001050b68e0 -[RCTExceptionsManager reportFatal:stack:exceptionId:extraDataAsJSON:] + 476
  	4   EdotReactNavExample                 0x00000001050b70e4 -[RCTExceptionsManager reportException:] + 1288
  	5   CoreFoundation                      0x00000001804c80c0 __invoking___ + 144
  	6   CoreFoundation                      0x00000001804c5320 -[NSInvocation invoke] + 276
  	7   CoreFoundation                      0x00000001804c55a4 -[NSInvocation invokeWithTarget:] + 60
  	8   EdotReactNavExample                 0x0000000105076d10 -[RCTModuleMethod invokeWithBridge:module:arguments:] + 372
  	9   EdotReactNavExample                 0x0000000105078ec8 facebook::react::invokeInner(RCTBridge*, RCTModuleData*, unsigned int, folly::dynamic const&, int, (anonymous namespace)::SchedulingContext) + 444
  	10  EdotReactNavExample                 0x0000000105078b2c invocation function for block in facebook::react::RCTNativeModule::invoke(unsigned int, folly::dynamic&&, int) + 108
  	11  DetoxSync                           0x0000000106f6879c ____detox_sync_dispatch_wrapper_block_invoke + 44
  	12  libdispatch.dylib                   0x00000001801856a0 _dispatch_call_block_and_release + 24
  	13  libdispatch.dylib                   0x000000018019fe98 _dispatch_client_callout + 12
  	14  libdispatch.dylib                   0x000000018018e724 _dispatch_lane_serial_drain + 984
  	15  libdispatch.dylib                   0x000000018018f1e8 _dispatch_lane_invoke + 396
  	16  libdispatch.dylib                   0x0000000180199ec0 _dispatch_root_queue_drain_deferred_wlh + 288
  	17  libdispatch.dylib                   0x0000000180199608 _dispatch_workloop_worker_thread + 692
  	18  libsystem_pthread.dylib             0x0000000106d52b8c _pthread_wqthread + 288
  	19  libsystem_pthread.dylib             0x0000000106d5198c start_wqthread + 8
  )
23:17:08.306 detox[62414] B Tab Navigation
23:17:08.306 detox[62414] B onRunDescribeStart
  args: ({"name":"Tab Navigation"})
23:17:08.306 detox[62414] E onRunDescribeStart
23:17:08.307 detox[62414] B shows bottom tabs
23:17:08.307 detox[62414] i React Navigation Example > Tab Navigation: shows bottom tabs
23:17:08.308 detox[62414] E shows bottom tabs
23:17:08.308 detox[62414] i React Navigation Example > Tab Navigation: shows bottom tabs [FAIL]
23:17:08.308 detox[62414] B switches to Demos tab
23:17:08.308 detox[62414] i React Navigation Example > Tab Navigation: switches to Demos tab
23:17:08.308 detox[62414] E switches to Demos tab
23:17:08.308 detox[62414] i React Navigation Example > Tab Navigation: switches to Demos tab [FAIL]
23:17:08.309 detox[62414] B switches to Settings tab
23:17:08.309 detox[62414] i React Navigation Example > Tab Navigation: switches to Settings tab
23:17:08.309 detox[62414] E switches to Settings tab
23:17:08.309 detox[62414] i React Navigation Example > Tab Navigation: switches to Settings tab [FAIL]
23:17:08.309 detox[62414] B switches back to Home tab
23:17:08.309 detox[62414] i React Navigation Example > Tab Navigation: switches back to Home tab
23:17:08.309 detox[62414] E switches back to Home tab
23:17:08.309 detox[62414] i React Navigation Example > Tab Navigation: switches back to Home tab [FAIL]
23:17:08.309 detox[62414] B onRunDescribeFinish
  args: ({"name":"Tab Navigation"})
23:17:08.309 detox[62414] E onRunDescribeFinish
23:17:08.309 detox[62414] E Tab Navigation
23:17:08.310 detox[62414] B Home Screen
23:17:08.310 detox[62414] B onRunDescribeStart
  args: ({"name":"Home Screen"})
23:17:08.310 detox[62414] E onRunDescribeStart
23:17:08.310 detox[62414] B shows SDK status and session
23:17:08.310 detox[62414] i React Navigation Example > Home Screen: shows SDK status and session
23:17:08.310 detox[62414] E shows SDK status and session
23:17:08.310 detox[62414] i React Navigation Example > Home Screen: shows SDK status and session [FAIL]
23:17:08.310 detox[62414] B taps user and attribute buttons
23:17:08.310 detox[62414] i React Navigation Example > Home Screen: taps user and attribute buttons
23:17:08.310 detox[62414] E taps user and attribute buttons
23:17:08.310 detox[62414] i React Navigation Example > Home Screen: taps user and attribute buttons [FAIL]
23:17:08.310 detox[62414] B onRunDescribeFinish
  args: ({"name":"Home Screen"})
23:17:08.310 detox[62414] E onRunDescribeFinish
23:17:08.310 detox[62414] E Home Screen
23:17:08.310 detox[62414] B Demo Screens
23:17:08.310 detox[62414] B onRunDescribeStart
  args: ({"name":"Demo Screens"})
23:17:08.310 detox[62414] E onRunDescribeStart
23:17:08.311 detox[62414] B beforeAll
23:17:08.311 detox[62414] B tap
  data: {
    "type": "action",
    "action": "tap",
    "predicate": {
      "type": "id",
      "value": "tab-demos",
      "isRegex": false
    }
  }
23:17:08.311 detox[62414] E tap
  error: The app has crashed, see the details below:
  
  RCTFatalException: Unhandled JS Exception: Invariant Violation: "EdotExample" has not been registered. This can happen if:
  * Metro (the local dev server) is run from the wrong folder. Check if Metro is running, stop it and restart it in the current project.
  * A module failed to load due to an error and `AppRegistry.registerComponent` wasn't called., js engine: hermes
  Unhandled JS Exception: Invariant Violation: "EdotExample" has not been registered. This can happen if:
  * Metro (the local dev server) is run from the wrong folder. Check if M..., stack:
  invariant@2058:25
  runApplication@16755:29
  __callFunction@2561:37
  anonymous@2368:30
  __guard@2494:14
  callFunctionReturnFlushedQueue@2367:20
  
  (
  	0   CoreFoundation                      0x00000001804c180c __exceptionPreprocess + 160
  	1   libobjc.A.dylib                     0x0000000180063438 objc_exception_throw + 72
  	2   EdotReactNavExample                 0x00000001050462b0 RCTFormatError + 0
  	3   EdotReactNavExample                 0x00000001050b68e0 -[RCTExceptionsManager reportFatal:stack:exceptionId:extraDataAsJSON:] + 476
  	4   EdotReactNavExample                 0x00000001050b70e4 -[RCTExceptionsManager reportException:] + 1288
  	5   CoreFoundation                      0x00000001804c80c0 __invoking___ + 144
  	6   CoreFoundation                      0x00000001804c5320 -[NSInvocation invoke] + 276
  	7   CoreFoundation                      0x00000001804c55a4 -[NSInvocation invokeWithTarget:] + 60
  	8   EdotReactNavExample                 0x0000000105076d10 -[RCTModuleMethod invokeWithBridge:module:arguments:] + 372
  	9   EdotReactNavExample                 0x0000000105078ec8 facebook::react::invokeInner(RCTBridge*, RCTModuleData*, unsigned int, folly::dynamic const&, int, (anonymous namespace)::SchedulingContext) + 444
  	10  EdotReactNavExample                 0x0000000105078b2c invocation function for block in facebook::react::RCTNativeModule::invoke(unsigned int, folly::dynamic&&, int) + 108
  	11  DetoxSync                           0x0000000106f6879c ____detox_sync_dispatch_wrapper_block_invoke + 44
  	12  libdispatch.dylib                   0x00000001801856a0 _dispatch_call_block_and_release + 24
  	13  libdispatch.dylib                   0x000000018019fe98 _dispatch_client_callout + 12
  	14  libdispatch.dylib                   0x000000018018e724 _dispatch_lane_serial_drain + 984
  	15  libdispatch.dylib                   0x000000018018f1e8 _dispatch_lane_invoke + 396
  	16  libdispatch.dylib                   0x0000000180199ec0 _dispatch_root_queue_drain_deferred_wlh + 288
  	17  libdispatch.dylib                   0x0000000180199608 _dispatch_workloop_worker_thread + 692
  	18  libsystem_pthread.dylib             0x0000000106d52b8c _pthread_wqthread + 288
  	19  libsystem_pthread.dylib             0x0000000106d5198c start_wqthread + 8
  )
23:17:08.311 detox[62414] B onHookFailure
  args: ({"error":{"name":"DetoxRuntimeError"},"hook":"beforeAll"})
23:17:08.312 detox[62414] i starting SimulatorScreenshot
23:17:08.312 detox[62414] i /usr/bin/xcrun simctl io B7E9BAD6-0C0D-41EE-BE0C-D49BF485382E screenshot "/private/var/folders/nd/_cs61jn95mx_wzcmldgt15p00000gn/T/detox-62414-7t1rY0.detox.png"
23:17:08.550 detox[62414] i Detected file type from extension: PNG
Note: No display specified. Defaulting to display: 1CF89121-203F-41F0-8702-803F5499D5AE (screenID: 1, name: LCD)
Wrote screenshot to: /private/var/folders/nd/_cs61jn95mx_wzcmldgt15p00000gn/T/detox-62414-7t1rY0.detox.png

23:17:08.550 detox[62414] i stopping SimulatorScreenshot
23:17:08.550 detox[62414] E onHookFailure
23:17:08.550 detox[62414] E beforeAll
  error: The app has crashed, see the details below:
  
  RCTFatalException: Unhandled JS Exception: Invariant Violation: "EdotExample" has not been registered. This can happen if:
  * Metro (the local dev server) is run from the wrong folder. Check if Metro is running, stop it and restart it in the current project.
  * A module failed to load due to an error and `AppRegistry.registerComponent` wasn't called., js engine: hermes
  Unhandled JS Exception: Invariant Violation: "EdotExample" has not been registered. This can happen if:
  * Metro (the local dev server) is run from the wrong folder. Check if M..., stack:
  invariant@2058:25
  runApplication@16755:29
  __callFunction@2561:37
  anonymous@2368:30
  __guard@2494:14
  callFunctionReturnFlushedQueue@2367:20
  
  (
  	0   CoreFoundation                      0x00000001804c180c __exceptionPreprocess + 160
  	1   libobjc.A.dylib                     0x0000000180063438 objc_exception_throw + 72
  	2   EdotReactNavExample                 0x00000001050462b0 RCTFormatError + 0
  	3   EdotReactNavExample                 0x00000001050b68e0 -[RCTExceptionsManager reportFatal:stack:exceptionId:extraDataAsJSON:] + 476
  	4   EdotReactNavExample                 0x00000001050b70e4 -[RCTExceptionsManager reportException:] + 1288
  	5   CoreFoundation                      0x00000001804c80c0 __invoking___ + 144
  	6   CoreFoundation                      0x00000001804c5320 -[NSInvocation invoke] + 276
  	7   CoreFoundation                      0x00000001804c55a4 -[NSInvocation invokeWithTarget:] + 60
  	8   EdotReactNavExample                 0x0000000105076d10 -[RCTModuleMethod invokeWithBridge:module:arguments:] + 372
  	9   EdotReactNavExample                 0x0000000105078ec8 facebook::react::invokeInner(RCTBridge*, RCTModuleData*, unsigned int, folly::dynamic const&, int, (anonymous namespace)::SchedulingContext) + 444
  	10  EdotReactNavExample                 0x0000000105078b2c invocation function for block in facebook::react::RCTNativeModule::invoke(unsigned int, folly::dynamic&&, int) + 108
  	11  DetoxSync                           0x0000000106f6879c ____detox_sync_dispatch_wrapper_block_invoke + 44
  	12  libdispatch.dylib                   0x00000001801856a0 _dispatch_call_block_and_release + 24
  	13  libdispatch.dylib                   0x000000018019fe98 _dispatch_client_callout + 12
  	14  libdispatch.dylib                   0x000000018018e724 _dispatch_lane_serial_drain + 984
  	15  libdispatch.dylib                   0x000000018018f1e8 _dispatch_lane_invoke + 396
  	16  libdispatch.dylib                   0x0000000180199ec0 _dispatch_root_queue_drain_deferred_wlh + 288
  	17  libdispatch.dylib                   0x0000000180199608 _dispatch_workloop_worker_thread + 692
  	18  libsystem_pthread.dylib             0x0000000106d52b8c _pthread_wqthread + 288
  	19  libsystem_pthread.dylib             0x0000000106d5198c start_wqthread + 8
  )
23:17:08.551 detox[62414] B navigates to Network demo and interacts
23:17:08.551 detox[62414] i React Navigation Example > Demo Screens: navigates to Network demo and interacts
23:17:08.551 detox[62414] E navigates to Network demo and interacts
23:17:08.552 detox[62414] i React Navigation Example > Demo Screens: navigates to Network demo and interacts [FAIL]
23:17:08.552 detox[62414] B navigates to Tracing demo and interacts
23:17:08.552 detox[62414] i React Navigation Example > Demo Screens: navigates to Tracing demo and interacts
23:17:08.552 detox[62414] E navigates to Tracing demo and interacts
23:17:08.552 detox[62414] i React Navigation Example > Demo Screens: navigates to Tracing demo and interacts [FAIL]
23:17:08.552 detox[62414] B navigates to Metrics demo and interacts
23:17:08.552 detox[62414] i React Navigation Example > Demo Screens: navigates to Metrics demo and interacts
23:17:08.552 detox[62414] E navigates to Metrics demo and interacts
23:17:08.552 detox[62414] i React Navigation Example > Demo Screens: navigates to Metrics demo and interacts [FAIL]
23:17:08.553 detox[62414] B navigates to Logs demo and interacts
23:17:08.553 detox[62414] i React Navigation Example > Demo Screens: navigates to Logs demo and interacts
23:17:08.553 detox[62414] E navigates to Logs demo and interacts
23:17:08.553 detox[62414] i React Navigation Example > Demo Screens: navigates to Logs demo and interacts [FAIL]
23:17:08.553 detox[62414] B navigates to Error demo and interacts
23:17:08.553 detox[62414] i React Navigation Example > Demo Screens: navigates to Error demo and interacts
23:17:08.553 detox[62414] E navigates to Error demo and interacts
23:17:08.553 detox[62414] i React Navigation Example > Demo Screens: navigates to Error demo and interacts [FAIL]
23:17:08.553 detox[62414] B onRunDescribeFinish
  args: ({"name":"Demo Screens"})
23:17:08.553 detox[62414] E onRunDescribeFinish
23:17:08.553 detox[62414] E Demo Screens
23:17:08.553 detox[62414] B onRunDescribeFinish
  args: ({"name":"React Navigation Example"})
23:17:08.553 detox[62414] E onRunDescribeFinish
23:17:08.553 detox[62414] E React Navigation Example
23:17:08.554 detox[62414] B onRunDescribeFinish
  args: ({"name":"ROOT_DESCRIBE_BLOCK"})
23:17:08.554 detox[62414] E onRunDescribeFinish
23:17:08.554 detox[62414] E run the tests
23:17:08.575 detox[62414] B tear down environment
23:17:08.575 detox[62414] B onBeforeCleanup
  args: ()
23:17:08.576 detox[62414] i saving SimulatorScreenshot to: artifacts/ios.sim.release.2026-04-10 16-17-00Z/beforeAllFailure.png
23:17:08.576 detox[62414] i moving "/private/var/folders/nd/_cs61jn95mx_wzcmldgt15p00000gn/T/detox-62414-7t1rY0.detox.png" to artifacts/ios.sim.release.2026-04-10 16-17-00Z/beforeAllFailure.png
23:17:08.577 detox[62414] i saving SimulatorLogRecording to: artifacts/ios.sim.release.2026-04-10 16-17-00Z/B7E9BAD6-0C0D-41EE-BE0C-D49BF485382E 2026-04-10 16-17-08Z.startup.log
23:17:08.577 detox[62414] i stopping SimulatorLogRecording
23:17:08.630 detox[62414] i sending SIGINT to: /usr/bin/xcrun simctl spawn B7E9BAD6-0C0D-41EE-BE0C-D49BF485382E log stream --level debug --style compact --predicate processImagePath beginsWith "/Users/nonth/Library/Developer/CoreSimulator/Devices/B7E9BAD6-0C0D-41EE-BE0C-D49BF485382E/data/Containers/Bundle/Application/7E0351E9-5CA1-4A70-985B-5F2CD1F625FA/EdotReactNavExample.app"
23:17:08.635 detox[62414] i /usr/bin/xcrun simctl spawn B7E9BAD6-0C0D-41EE-BE0C-D49BF485382E log stream --level debug --style compact --predicate "processImagePath beginsWith \"/Users/nonth/Library/Developer/CoreSimulator/Devices/B7E9BAD6-0C0D-41EE-BE0C-D49BF485382E/data/Containers/Bundle/Application/7E0351E9-5CA1-4A70-985B-5F2CD1F625FA/EdotReactNavExample.app\"" exited with code #0
23:17:08.635 detox[62414] i moving "/private/var/folders/nd/_cs61jn95mx_wzcmldgt15p00000gn/T/detox-62414-wPSMz3.detox.log" to artifacts/ios.sim.release.2026-04-10 16-17-00Z/B7E9BAD6-0C0D-41EE-BE0C-D49BF485382E 2026-04-10 16-17-08Z.startup.log
23:17:08.636 detox[62414] i saving FileArtifact to: artifacts/ios.sim.release.2026-04-10 16-17-00Z/detox_pid_62414.json.log { append: true }
23:17:08.636 detox[62414] i saving FileArtifact to: artifacts/ios.sim.release.2026-04-10 16-17-00Z/detox_pid_62414.log { append: true }
23:17:08.636 detox[62414] E onBeforeCleanup
23:17:08.637 detox[62413] i tester exited session ecab3496-c307-6afd-65e5-8afcb9b68772
23:17:08.637 detox[62413] E connection :53310<->:53311
23:17:08.638 detox[62413] i received event of :  deallocateDevice {
  deviceCookie: {
    id: 'B7E9BAD6-0C0D-41EE-BE0C-D49BF485382E',
    udid: 'B7E9BAD6-0C0D-41EE-BE0C-D49BF485382E',
    type: 'ios.simulator'
  }
}
23:17:08.638 detox[62413] B free: B7E9BAD6-0C0D-41EE-BE0C-D49BF485382E
  data: {}
23:17:08.638 detox[62414] i dispatching event to  primary-62413 /tmp/detox.primary-62413  :  deallocateDevice , {
  deviceCookie: {
    id: 'B7E9BAD6-0C0D-41EE-BE0C-D49BF485382E',
    udid: 'B7E9BAD6-0C0D-41EE-BE0C-D49BF485382E',
    type: 'ios.simulator'
  }
}
23:17:08.639 detox[62413] E free: B7E9BAD6-0C0D-41EE-BE0C-D49BF485382E
23:17:08.639 detox[62413] i dispatching event to socket  :  deallocateDeviceDone {}
23:17:08.639 detox[62414] i ## received events ##
23:17:08.639 detox[62414] i detected event deallocateDeviceDone {}
23:17:08.639 detox[62414] E tear down environment
23:17:08.639 detox[62414] E e2e/app.test.js
23:17:08.643 detox[62413] i received event of :  reportTestResults {
  testResults: [
    {
      success: false,
      testFilePath: '/Users/nonth/Projects/playground/react-native/edot-react-native-sdk/example/react-navigation/e2e/app.test.js',
      isPermanentFailure: false
    }
  ]
}
23:17:08.643 detox[62413] i dispatching event to socket  :  reportTestResultsDone {
  testResults: [
    {
      success: false,
      testFilePath: '/Users/nonth/Projects/playground/react-native/edot-react-native-sdk/example/react-navigation/e2e/app.test.js',
      isPermanentFailure: false
    }
  ]
}
23:17:08.643 detox[62413] i broadcasting event to all known sockets listening to  /tmp/detox.primary-62413  :   sessionStateUpdate {
  testResults: [
    {
      success: false,
      testFilePath: '/Users/nonth/Projects/playground/react-native/edot-react-native-sdk/example/react-navigation/e2e/app.test.js',
      isPermanentFailure: false
    }
  ]
}
23:17:08.643 detox[62414] i dispatching event to  primary-62413 /tmp/detox.primary-62413  :  reportTestResults , {
  testResults: [
    {
      success: false,
      testFilePath: '/Users/nonth/Projects/playground/react-native/edot-react-native-sdk/example/react-navigation/e2e/app.test.js',
      testExecError: undefined,
      isPermanentFailure: false
    }
  ]
}
23:17:08.643 detox[62414] i ## received events ##
23:17:08.643 detox[62414] i detected event reportTestResultsDone {
  testResults: [
    {
      success: false,
      testFilePath: '/Users/nonth/Projects/playground/react-native/edot-react-native-sdk/example/react-navigation/e2e/app.test.js',
      isPermanentFailure: false
    }
  ]
}
23:17:08.644 detox[62413] i socket disconnected secondary-62414
23:17:08.644 detox[62414] i connection closed primary-62413 /tmp/detox.primary-62413 0 tries remaining of 0
23:17:08.644 detox[62414] i secondary-62414 exceeded connection rety amount of  or stopRetrying flag set.
23:17:08.753 detox[62413] E Command failed with exit code = 1:
jest --config e2e/jest.config.js e2e
23:17:08.753 detox[62413] B cleanup
  args: ()
23:17:08.755 detox[62413] E cleanup
23:17:08.756 detox[62413] i Detox server has been closed gracefully
23:17:08.757 detox[62413] E node_modules/detox/local-cli/cli.js test --configuration ios.sim.release
