Filtering the log data using "processImagePath BEGINSWITH "/Users/nonth/Library/Developer/CoreSimulator/Devices/B7E9BAD6-0C0D-41EE-BE0C-D49BF485382E/data/Containers/Bundle/Application/4FB2BDAB-C128-44E5-9089-1B03AD22F4EA/EdotReactNavExample.app""
Timestamp               Ty Process[PID:TID]
2026-04-10 23:23:43.320 Df EdotReactNavExample[66921:127a074] [com.apple.UIKit:EventDispatch] Sending UIEvent type: 0; subtype: 0; to windows: 1
2026-04-10 23:23:43.321 Df EdotReactNavExample[66921:127a074] [com.apple.UIKit:EventDispatch] Sending UIEvent type: 0; subtype: 0; to window: <UIWindow: 0x10899c800>; contextId: 0xE6A88172
2026-04-10 23:23:43.321 A  EdotReactNavExample[66921:127a074] (UIKitCore) send gesture actions
2026-04-10 23:23:43.336 Df EdotReactNavExample[66921:127a074] [com.apple.UIKit:EventDispatch] Sending UIEvent type: 0; subtype: 0; to windows: 1
2026-04-10 23:23:43.337 Df EdotReactNavExample[66921:127a074] [com.apple.UIKit:EventDispatch] Sending UIEvent type: 0; subtype: 0; to window: <UIWindow: 0x10899c800>; contextId: 0xE6A88172
2026-04-10 23:23:43.337 A  EdotReactNavExample[66921:127a074] (UIKitCore) send gesture actions
2026-04-10 23:23:43.340 Db EdotReactNavExample[66921:127a0a3] [com.apple.defaults:User Defaults] looked up value 1 for key RCTI18nUtil_makeRTLFlipLeftAndRightStyles in CFPrefsPlistSource<0x107dcd6f0> (Domain: com.edot.reactnavexample, User: kCFPreferencesCurrentUser, ByHost: No, Container: (null), Contents Need Refresh: No) via CFPrefsSearchListSource<0x107dcc6c0> (Domain: com.edot.reactnavexample, Container: (null) Non-launch persona: 0)
2026-04-10 23:23:43.340 I  EdotReactNavExample[66921:127a0a3] [com.facebook.react.log:native] Unrecognized font family 'monospace'
2026-04-10 23:23:43.341 I  EdotReactNavExample[66921:127a0a3] [com.facebook.react.log:native] Unrecognized font family 'monospace'
2026-04-10 23:23:43.369 Db EdotReactNavExample[66921:127a074] [com.apple.defaults:User Defaults] looked up value 1 for key RCTI18nUtil_makeRTLFlipLeftAndRightStyles in CFPrefsPlistSource<0x107dcd6f0> (Domain: com.edot.reactnavexample, User: kCFPreferencesCurrentUser, ByHost: No, Container: (null), Contents Need Refresh: No) via CFPrefsSearchListSource<0x107dcc6c0> (Domain: com.edot.reactnavexample, Container: (null) Non-launch persona: 0)
2026-04-10 23:23:43.369 Db EdotReactNavExample[66921:127a074] [com.apple.defaults:User Defaults] looked up value 1 for key RCTI18nUtil_makeRTLFlipLeftAndRightStyles in CFPrefsPlistSource<0x107dcd6f0> (Domain: com.edot.reactnavexample, User: kCFPreferencesCurrentUser, ByHost: No, Container: (null), Contents Need Refresh: No) via CFPrefsSearchListSource<0x107dcc6c0> (Domain: com.edot.reactnavexample, Container: (null) Non-launch persona: 0)
2026-04-10 23:23:43.369 Db EdotReactNavExample[66921:127a074] [com.apple.defaults:User Defaults] looked up value 1 for key RCTI18nUtil_makeRTLFlipLeftAndRightStyles in CFPrefsPlistSource<0x107dcd6f0> (Domain: com.edot.reactnavexample, User: kCFPreferencesCurrentUser, ByHost: No, Container: (null), Contents Need Refresh: No) via CFPrefsSearchListSource<0x107dcc6c0> (Domain: com.edot.reactnavexample, Container: (null) Non-launch persona: 0)
2026-04-10 23:23:43.369 Db EdotReactNavExample[66921:127a074] [com.apple.defaults:User Defaults] looked up value 1 for key RCTI18nUtil_makeRTLFlipLeftAndRightStyles in CFPrefsPlistSource<0x107dcd6f0> (Domain: com.edot.reactnavexample, User: kCFPreferencesCurrentUser, ByHost: No, Container: (null), Contents Need Refresh: No) via CFPrefsSearchListSource<0x107dcc6c0> (Domain: com.edot.reactnavexample, Container: (null) Non-launch persona: 0)
2026-04-10 23:23:43.369 Db EdotReactNavExample[66921:127a074] [com.apple.defaults:User Defaults] looked up value 1 for key RCTI18nUtil_makeRTLFlipLeftAndRightStyles in CFPrefsPlistSource<0x107dcd6f0> (Domain: com.edot.reactnavexample, User: kCFPreferencesCurrentUser, ByHost: No, Container: (null), Contents Need Refresh: No) via CFPrefsSearchListSource<0x107dcc6c0> (Domain: com.edot.reactnavexample, Container: (null) Non-launch persona: 0)
2026-04-10 23:23:43.369 Db EdotReactNavExample[66921:127a074] [com.apple.defaults:User Defaults] looked up value 1 for key RCTI18nUtil_makeRTLFlipLeftAndRightStyles in CFPrefsPlistSource<0x107dcd6f0> (Domain: com.edot.reactnavexample, User: kCFPreferencesCurrentUser, ByHost: No, Container: (null), Contents Need Refresh: No) via CFPrefsSearchListSource<0x107dcc6c0> (Domain: com.edot.reactnavexample, Container: (null) Non-launch persona: 0)
2026-04-10 23:23:43.728 I  EdotReactNavExample[66921:127a074] [com.wix.Detox:WebSocket] Action received: invoke
2026-04-10 23:23:43.936 Df EdotReactNavExample[66921:127a074] [com.apple.UIKit:EventDispatch] Sending UIEvent type: 0; subtype: 0; to windows: 1
2026-04-10 23:23:43.937 Df EdotReactNavExample[66921:127a074] [com.apple.UIKit:EventDispatch] Sending UIEvent type: 0; subtype: 0; to window: <UIWindow: 0x10899c800>; contextId: 0xE6A88172
2026-04-10 23:23:43.937 A  EdotReactNavExample[66921:127a074] (UIKitCore) send gesture actions
2026-04-10 23:23:43.952 Df EdotReactNavExample[66921:127a074] [com.apple.UIKit:EventDispatch] Sending UIEvent type: 0; subtype: 0; to windows: 1
2026-04-10 23:23:43.953 Df EdotReactNavExample[66921:127a074] [com.apple.UIKit:EventDispatch] Sending UIEvent type: 0; subtype: 0; to window: <UIWindow: 0x10899c800>; contextId: 0xE6A88172
2026-04-10 23:23:43.953 A  EdotReactNavExample[66921:127a074] (UIKitCore) send gesture actions
2026-04-10 23:23:43.956 Db EdotReactNavExample[66921:127a094] [com.apple.defaults:User Defaults] looked up value 1 for key RCTI18nUtil_makeRTLFlipLeftAndRightStyles in CFPrefsPlistSource<0x107dcd6f0> (Domain: com.edot.reactnavexample, User: kCFPreferencesCurrentUser, ByHost: No, Container: (null), Contents Need Refresh: No) via CFPrefsSearchListSource<0x107dcc6c0> (Domain: com.edot.reactnavexample, Container: (null) Non-launch persona: 0)
2026-04-10 23:23:43.956 I  EdotReactNavExample[66921:127a094] [com.facebook.react.log:native] Unrecognized font family 'monospace'
2026-04-10 23:23:43.957 I  EdotReactNavExample[66921:127a094] [com.facebook.react.log:native] Unrecognized font family 'monospace'
2026-04-10 23:23:43.957 I  EdotReactNavExample[66921:127a094] [com.facebook.react.log:native] Unrecognized font family 'monospace'
2026-04-10 23:23:43.986 Db EdotReactNavExample[66921:127a074] [com.apple.defaults:User Defaults] looked up value 1 for key RCTI18nUtil_makeRTLFlipLeftAndRightStyles in CFPrefsPlistSource<0x107dcd6f0> (Domain: com.edot.reactnavexample, User: kCFPreferencesCurrentUser, ByHost: No, Container: (null), Contents Need Refresh: No) via CFPrefsSearchListSource<0x107dcc6c0> (Domain: com.edot.reactnavexample, Container: (null) Non-launch persona: 0)
2026-04-10 23:23:43.986 Db EdotReactNavExample[66921:127a074] [com.apple.defaults:User Defaults] looked up value 1 for key RCTI18nUtil_makeRTLFlipLeftAndRightStyles in CFPrefsPlistSource<0x107dcd6f0> (Domain: com.edot.reactnavexample, User: kCFPreferencesCurrentUser, ByHost: No, Container: (null), Contents Need Refresh: No) via CFPrefsSearchListSource<0x107dcc6c0> (Domain: com.edot.reactnavexample, Container: (null) Non-launch persona: 0)
2026-04-10 23:23:43.986 Db EdotReactNavExample[66921:127a074] [com.apple.defaults:User Defaults] looked up value 1 for key RCTI18nUtil_makeRTLFlipLeftAndRightStyles in CFPrefsPlistSource<0x107dcd6f0> (Domain: com.edot.reactnavexample, User: kCFPreferencesCurrentUser, ByHost: No, Container: (null), Contents Need Refresh: No) via CFPrefsSearchListSource<0x107dcc6c0> (Domain: com.edot.reactnavexample, Container: (null) Non-launch persona: 0)
2026-04-10 23:23:43.986 Db EdotReactNavExample[66921:127a074] [com.apple.defaults:User Defaults] looked up value 1 for key RCTI18nUtil_makeRTLFlipLeftAndRightStyles in CFPrefsPlistSource<0x107dcd6f0> (Domain: com.edot.reactnavexample, User: kCFPreferencesCurrentUser, ByHost: No, Container: (null), Contents Need Refresh: No) via CFPrefsSearchListSource<0x107dcc6c0> (Domain: com.edot.reactnavexample, Container: (null) Non-launch persona: 0)
2026-04-10 23:23:43.986 Db EdotReactNavExample[66921:127a074] [com.apple.defaults:User Defaults] looked up value 1 for key RCTI18nUtil_makeRTLFlipLeftAndRightStyles in CFPrefsPlistSource<0x107dcd6f0> (Domain: com.edot.reactnavexample, User: kCFPreferencesCurrentUser, ByHost: No, Container: (null), Contents Need Refresh: No) via CFPrefsSearchListSource<0x107dcc6c0> (Domain: com.edot.reactnavexample, Container: (null) Non-launch persona: 0)
2026-04-10 23:23:43.986 Db EdotReactNavExample[66921:127a074] [com.apple.defaults:User Defaults] looked up value 1 for key RCTI18nUtil_makeRTLFlipLeftAndRightStyles in CFPrefsPlistSource<0x107dcd6f0> (Domain: com.edot.reactnavexample, User: kCFPreferencesCurrentUser, ByHost: No, Container: (null), Contents Need Refresh: No) via CFPrefsSearchListSource<0x107dcc6c0> (Domain: com.edot.reactnavexample, Container: (null) Non-launch persona: 0)
2026-04-10 23:23:44.342 I  EdotReactNavExample[66921:127a074] [com.wix.Detox:WebSocket] Action received: invoke
2026-04-10 23:23:44.502 Df EdotReactNavExample[66921:127a074] [com.apple.UIKit:EventDispatch] Sending UIEvent type: 0; subtype: 0; to windows: 1
2026-04-10 23:23:44.503 Df EdotReactNavExample[66921:127a074] [com.apple.UIKit:EventDispatch] Sending UIEvent type: 0; subtype: 0; to window: <UIWindow: 0x10899c800>; contextId: 0xE6A88172
2026-04-10 23:23:44.503 A  EdotReactNavExample[66921:127a074] (UIKitCore) send gesture actions
2026-04-10 23:23:44.536 Df EdotReactNavExample[66921:127a074] [com.apple.UIKit:EventDispatch] Sending UIEvent type: 0; subtype: 0; to windows: 1
2026-04-10 23:23:44.536 Df EdotReactNavExample[66921:127a074] [com.apple.UIKit:EventDispatch] Sending UIEvent type: 0; subtype: 0; to window: <UIWindow: 0x10899c800>; contextId: 0xE6A88172
2026-04-10 23:23:44.536 A  EdotReactNavExample[66921:127a074] (UIKitCore) send gesture actions
2026-04-10 23:23:44.540 Db EdotReactNavExample[66921:127a094] [com.apple.defaults:User Defaults] looked up value 1 for key RCTI18nUtil_makeRTLFlipLeftAndRightStyles in CFPrefsPlistSource<0x107dcd6f0> (Domain: com.edot.reactnavexample, User: kCFPreferencesCurrentUser, ByHost: No, Container: (null), Contents Need Refresh: No) via CFPrefsSearchListSource<0x107dcc6c0> (Domain: com.edot.reactnavexample, Container: (null) Non-launch persona: 0)
2026-04-10 23:23:44.540 I  EdotReactNavExample[66921:127a094] [com.facebook.react.log:native] Unrecognized font family 'monospace'
2026-04-10 23:23:44.540 I  EdotReactNavExample[66921:127a094] [com.facebook.react.log:native] Unrecognized font family 'monospace'
2026-04-10 23:23:44.540 I  EdotReactNavExample[66921:127a094] [com.facebook.react.log:native] Unrecognized font family 'monospace'
2026-04-10 23:23:44.541 I  EdotReactNavExample[66921:127a094] [com.facebook.react.log:native] Unrecognized font family 'monospace'
2026-04-10 23:23:44.569 Db EdotReactNavExample[66921:127a074] [com.apple.defaults:User Defaults] looked up value 1 for key RCTI18nUtil_makeRTLFlipLeftAndRightStyles in CFPrefsPlistSource<0x107dcd6f0> (Domain: com.edot.reactnavexample, User: kCFPreferencesCurrentUser, ByHost: No, Container: (null), Contents Need Refresh: No) via CFPrefsSearchListSource<0x107dcc6c0> (Domain: com.edot.reactnavexample, Container: (null) Non-launch persona: 0)
2026-04-10 23:23:44.569 Db EdotReactNavExample[66921:127a074] [com.apple.defaults:User Defaults] looked up value 1 for key RCTI18nUtil_makeRTLFlipLeftAndRightStyles in CFPrefsPlistSource<0x107dcd6f0> (Domain: com.edot.reactnavexample, User: kCFPreferencesCurrentUser, ByHost: No, Container: (null), Contents Need Refresh: No) via CFPrefsSearchListSource<0x107dcc6c0> (Domain: com.edot.reactnavexample, Container: (null) Non-launch persona: 0)
2026-04-10 23:23:44.569 Db EdotReactNavExample[66921:127a074] [com.apple.defaults:User Defaults] looked up value 1 for key RCTI18nUtil_makeRTLFlipLeftAndRightStyles in CFPrefsPlistSource<0x107dcd6f0> (Domain: com.edot.reactnavexample, User: kCFPreferencesCurrentUser, ByHost: No, Container: (null), Contents Need Refresh: No) via CFPrefsSearchListSource<0x107dcc6c0> (Domain: com.edot.reactnavexample, Container: (null) Non-launch persona: 0)
2026-04-10 23:23:44.569 Db EdotReactNavExample[66921:127a074] [com.apple.defaults:User Defaults] looked up value 1 for key RCTI18nUtil_makeRTLFlipLeftAndRightStyles in CFPrefsPlistSource<0x107dcd6f0> (Domain: com.edot.reactnavexample, User: kCFPreferencesCurrentUser, ByHost: No, Container: (null), Contents Need Refresh: No) via CFPrefsSearchListSource<0x107dcc6c0> (Domain: com.edot.reactnavexample, Container: (null) Non-launch persona: 0)
2026-04-10 23:23:44.569 Db EdotReactNavExample[66921:127a074] [com.apple.defaults:User Defaults] looked up value 1 for key RCTI18nUtil_makeRTLFlipLeftAndRightStyles in CFPrefsPlistSource<0x107dcd6f0> (Domain: com.edot.reactnavexample, User: kCFPreferencesCurrentUser, ByHost: No, Container: (null), Contents Need Refresh: No) via CFPrefsSearchListSource<0x107dcc6c0> (Domain: com.edot.reactnavexample, Container: (null) Non-launch persona: 0)
2026-04-10 23:23:44.569 Db EdotReactNavExample[66921:127a074] [com.apple.defaults:User Defaults] looked up value 1 for key RCTI18nUtil_makeRTLFlipLeftAndRightStyles in CFPrefsPlistSource<0x107dcd6f0> (Domain: com.edot.reactnavexample, User: kCFPreferencesCurrentUser, ByHost: No, Container: (null), Contents Need Refresh: No) via CFPrefsSearchListSource<0x107dcc6c0> (Domain: com.edot.reactnavexample, Container: (null) Non-launch persona: 0)
2026-04-10 23:23:44.910 I  EdotReactNavExample[66921:127a074] [com.wix.Detox:WebSocket] Action received: invoke
2026-04-10 23:23:45.103 Df EdotReactNavExample[66921:127a074] [com.apple.UIKit:EventDispatch] Sending UIEvent type: 0; subtype: 0; to windows: 1
2026-04-10 23:23:45.103 Df EdotReactNavExample[66921:127a074] [com.apple.UIKit:EventDispatch] Sending UIEvent type: 0; subtype: 0; to window: <UIWindow: 0x10899c800>; contextId: 0xE6A88172
2026-04-10 23:23:45.104 A  EdotReactNavExample[66921:127a074] (UIKitCore) send gesture actions
2026-04-10 23:23:45.119 Df EdotReactNavExample[66921:127a074] [com.apple.UIKit:EventDispatch] Sending UIEvent type: 0; subtype: 0; to windows: 1
2026-04-10 23:23:45.119 Df EdotReactNavExample[66921:127a074] [com.apple.UIKit:EventDispatch] Sending UIEvent type: 0; subtype: 0; to window: <UIWindow: 0x10899c800>; contextId: 0xE6A88172
2026-04-10 23:23:45.119 A  EdotReactNavExample[66921:127a074] (UIKitCore) send gesture actions
2026-04-10 23:23:45.123 Db EdotReactNavExample[66921:127a0a3] [com.apple.defaults:User Defaults] looked up value 1 for key RCTI18nUtil_makeRTLFlipLeftAndRightStyles in CFPrefsPlistSource<0x107dcd6f0> (Domain: com.edot.reactnavexample, User: kCFPreferencesCurrentUser, ByHost: No, Container: (null), Contents Need Refresh: No) via CFPrefsSearchListSource<0x107dcc6c0> (Domain: com.edot.reactnavexample, Container: (null) Non-launch persona: 0)
2026-04-10 23:23:45.123 I  EdotReactNavExample[66921:127a0a3] [com.facebook.react.log:native] Unrecognized font family 'monospace'
2026-04-10 23:23:45.123 I  EdotReactNavExample[66921:127a0a3] [com.facebook.react.log:native] Unrecognized font family 'monospace'
2026-04-10 23:23:45.123 I  EdotReactNavExample[66921:127a0a3] [com.facebook.react.log:native] Unrecognized font family 'monospace'
2026-04-10 23:23:45.123 I  EdotReactNavExample[66921:127a0a3] [com.facebook.react.log:native] Unrecognized font family 'monospace'
2026-04-10 23:23:45.123 I  EdotReactNavExample[66921:127a0a3] [com.facebook.react.log:native] Unrecognized font family 'monospace'
2026-04-10 23:23:45.152 Db EdotReactNavExample[66921:127a074] [com.apple.defaults:User Defaults] looked up value 1 for key RCTI18nUtil_makeRTLFlipLeftAndRightStyles in CFPrefsPlistSource<0x107dcd6f0> (Domain: com.edot.reactnavexample, User: kCFPreferencesCurrentUser, ByHost: No, Container: (null), Contents Need Refresh: No) via CFPrefsSearchListSource<0x107dcc6c0> (Domain: com.edot.reactnavexample, Container: (null) Non-launch persona: 0)
2026-04-10 23:23:45.152 Db EdotReactNavExample[66921:127a074] [com.apple.defaults:User Defaults] looked up value 1 for key RCTI18nUtil_makeRTLFlipLeftAndRightStyles in CFPrefsPlistSource<0x107dcd6f0> (Domain: com.edot.reactnavexample, User: kCFPreferencesCurrentUser, ByHost: No, Container: (null), Contents Need Refresh: No) via CFPrefsSearchListSource<0x107dcc6c0> (Domain: com.edot.reactnavexample, Container: (null) Non-launch persona: 0)
2026-04-10 23:23:45.152 Db EdotReactNavExample[66921:127a074] [com.apple.defaults:User Defaults] looked up value 1 for key RCTI18nUtil_makeRTLFlipLeftAndRightStyles in CFPrefsPlistSource<0x107dcd6f0> (Domain: com.edot.reactnavexample, User: kCFPreferencesCurrentUser, ByHost: No, Container: (null), Contents Need Refresh: No) via CFPrefsSearchListSource<0x107dcc6c0> (Domain: com.edot.reactnavexample, Container: (null) Non-launch persona: 0)
2026-04-10 23:23:45.153 Db EdotReactNavExample[66921:127a074] [com.apple.defaults:User Defaults] looked up value 1 for key RCTI18nUtil_makeRTLFlipLeftAndRightStyles in CFPrefsPlistSource<0x107dcd6f0> (Domain: com.edot.reactnavexample, User: kCFPreferencesCurrentUser, ByHost: No, Container: (null), Contents Need Refresh: No) via CFPrefsSearchListSource<0x107dcc6c0> (Domain: com.edot.reactnavexample, Container: (null) Non-launch persona: 0)
2026-04-10 23:23:45.153 Db EdotReactNavExample[66921:127a074] [com.apple.defaults:User Defaults] looked up value 1 for key RCTI18nUtil_makeRTLFlipLeftAndRightStyles in CFPrefsPlistSource<0x107dcd6f0> (Domain: com.edot.reactnavexample, User: kCFPreferencesCurrentUser, ByHost: No, Container: (null), Contents Need Refresh: No) via CFPrefsSearchListSource<0x107dcc6c0> (Domain: com.edot.reactnavexample, Container: (null) Non-launch persona: 0)
2026-04-10 23:23:45.153 Db EdotReactNavExample[66921:127a074] [com.apple.defaults:User Defaults] looked up value 1 for key RCTI18nUtil_makeRTLFlipLeftAndRightStyles in CFPrefsPlistSource<0x107dcd6f0> (Domain: com.edot.reactnavexample, User: kCFPreferencesCurrentUser, ByHost: No, Container: (null), Contents Need Refresh: No) via CFPrefsSearchListSource<0x107dcc6c0> (Domain: com.edot.reactnavexample, Container: (null) Non-launch persona: 0)
2026-04-10 23:23:45.510 I  EdotReactNavExample[66921:127a074] [com.wix.Detox:WebSocket] Action received: invoke
2026-04-10 23:23:45.686 Df EdotReactNavExample[66921:127a074] [com.apple.UIKit:EventDispatch] Sending UIEvent type: 0; subtype: 0; to windows: 1
2026-04-10 23:23:45.686 Df EdotReactNavExample[66921:127a074] [com.apple.UIKit:EventDispatch] Sending UIEvent type: 0; subtype: 0; to window: <UIWindow: 0x10899c800>; contextId: 0xE6A88172
2026-04-10 23:23:45.687 A  EdotReactNavExample[66921:127a074] (UIKitCore) send gesture actions
2026-04-10 23:23:45.703 Df EdotReactNavExample[66921:127a074] [com.apple.UIKit:EventDispatch] Sending UIEvent type: 0; subtype: 0; to windows: 1
2026-04-10 23:23:45.703 Df EdotReactNavExample[66921:127a074] [com.apple.UIKit:EventDispatch] Sending UIEvent type: 0; subtype: 0; to window: <UIWindow: 0x10899c800>; contextId: 0xE6A88172
2026-04-10 23:23:45.703 A  EdotReactNavExample[66921:127a074] (UIKitCore) send gesture actions
2026-04-10 23:23:45.707 Db EdotReactNavExample[66921:127a094] [com.apple.defaults:User Defaults] looked up value 1 for key RCTI18nUtil_makeRTLFlipLeftAndRightStyles in CFPrefsPlistSource<0x107dcd6f0> (Domain: com.edot.reactnavexample, User: kCFPreferencesCurrentUser, ByHost: No, Container: (null), Contents Need Refresh: No) via CFPrefsSearchListSource<0x107dcc6c0> (Domain: com.edot.reactnavexample, Container: (null) Non-launch persona: 0)
2026-04-10 23:23:45.707 I  EdotReactNavExample[66921:127a094] [com.facebook.react.log:native] Unrecognized font family 'monospace'
2026-04-10 23:23:45.707 I  EdotReactNavExample[66921:127a094] [com.facebook.react.log:native] Unrecognized font family 'monospace'
2026-04-10 23:23:45.707 I  EdotReactNavExample[66921:127a094] [com.facebook.react.log:native] Unrecognized font family 'monospace'
2026-04-10 23:23:45.707 I  EdotReactNavExample[66921:127a094] [com.facebook.react.log:native] Unrecognized font family 'monospace'
2026-04-10 23:23:45.707 I  EdotReactNavExample[66921:127a094] [com.facebook.react.log:native] Unrecognized font family 'monospace'
2026-04-10 23:23:45.707 I  EdotReactNavExample[66921:127a094] [com.facebook.react.log:native] Unrecognized font family 'monospace'
2026-04-10 23:23:45.736 Db EdotReactNavExample[66921:127a074] [com.apple.defaults:User Defaults] looked up value 1 for key RCTI18nUtil_makeRTLFlipLeftAndRightStyles in CFPrefsPlistSource<0x107dcd6f0> (Domain: com.edot.reactnavexample, User: kCFPreferencesCurrentUser, ByHost: No, Container: (null), Contents Need Refresh: No) via CFPrefsSearchListSource<0x107dcc6c0> (Domain: com.edot.reactnavexample, Container: (null) Non-launch persona: 0)
2026-04-10 23:23:45.736 Db EdotReactNavExample[66921:127a074] [com.apple.defaults:User Defaults] looked up value 1 for key RCTI18nUtil_makeRTLFlipLeftAndRightStyles in CFPrefsPlistSource<0x107dcd6f0> (Domain: com.edot.reactnavexample, User: kCFPreferencesCurrentUser, ByHost: No, Container: (null), Contents Need Refresh: No) via CFPrefsSearchListSource<0x107dcc6c0> (Domain: com.edot.reactnavexample, Container: (null) Non-launch persona: 0)
2026-04-10 23:23:45.736 Db EdotReactNavExample[66921:127a074] [com.apple.defaults:User Defaults] looked up value 1 for key RCTI18nUtil_makeRTLFlipLeftAndRightStyles in CFPrefsPlistSource<0x107dcd6f0> (Domain: com.edot.reactnavexample, User: kCFPreferencesCurrentUser, ByHost: No, Container: (null), Contents Need Refresh: No) via CFPrefsSearchListSource<0x107dcc6c0> (Domain: com.edot.reactnavexample, Container: (null) Non-launch persona: 0)
2026-04-10 23:23:45.736 Db EdotReactNavExample[66921:127a074] [com.apple.defaults:User Defaults] looked up value 1 for key RCTI18nUtil_makeRTLFlipLeftAndRightStyles in CFPrefsPlistSource<0x107dcd6f0> (Domain: com.edot.reactnavexample, User: kCFPreferencesCurrentUser, ByHost: No, Container: (null), Contents Need Refresh: No) via CFPrefsSearchListSource<0x107dcc6c0> (Domain: com.edot.reactnavexample, Container: (null) Non-launch persona: 0)
2026-04-10 23:23:45.736 Db EdotReactNavExample[66921:127a074] [com.apple.defaults:User Defaults] looked up value 1 for key RCTI18nUtil_makeRTLFlipLeftAndRightStyles in CFPrefsPlistSource<0x107dcd6f0> (Domain: com.edot.reactnavexample, User: kCFPreferencesCurrentUser, ByHost: No, Container: (null), Contents Need Refresh: No) via CFPrefsSearchListSource<0x107dcc6c0> (Domain: com.edot.reactnavexample, Container: (null) Non-launch persona: 0)
2026-04-10 23:23:45.736 Db EdotReactNavExample[66921:127a074] [com.apple.defaults:User Defaults] looked up value 1 for key RCTI18nUtil_makeRTLFlipLeftAndRightStyles in CFPrefsPlistSource<0x107dcd6f0> (Domain: com.edot.reactnavexample, User: kCFPreferencesCurrentUser, ByHost: No, Container: (null), Contents Need Refresh: No) via CFPrefsSearchListSource<0x107dcc6c0> (Domain: com.edot.reactnavexample, Container: (null) Non-launch persona: 0)

